Archive member included to satisfy reference by file (symbol)

c:/progra~1/raspbe~1/picosd~1.1/gcc-ar~1/bin/../lib/gcc/arm-none-eabi/10.3.1/thumb/v6-m/nofp\libgcc.a(_dvmd_tls.o)
                              CMakeFiles/i2c_slave.dir/C_/Program_Files/Raspberry_Pi/Pico_SDK_v1.5.1/pico-sdk/src/rp2_common/pico_divider/divider.S.obj (__aeabi_idiv0)
c:/progra~1/raspbe~1/picosd~1.1/gcc-ar~1/bin/../lib/gcc/arm-none-eabi/10.3.1/../../../../arm-none-eabi/lib/thumb/v6-m/nofp\libg.a(lib_a-calloc.o)
                              CMakeFiles/i2c_slave.dir/C_/Program_Files/Raspberry_Pi/Pico_SDK_v1.5.1/pico-sdk/src/rp2_common/pico_malloc/pico_malloc.c.obj (calloc)
c:/progra~1/raspbe~1/picosd~1.1/gcc-ar~1/bin/../lib/gcc/arm-none-eabi/10.3.1/../../../../arm-none-eabi/lib/thumb/v6-m/nofp\libg.a(lib_a-callocr.o)
                              c:/progra~1/raspbe~1/picosd~1.1/gcc-ar~1/bin/../lib/gcc/arm-none-eabi/10.3.1/../../../../arm-none-eabi/lib/thumb/v6-m/nofp\libg.a(lib_a-calloc.o) (_calloc_r)
c:/progra~1/raspbe~1/picosd~1.1/gcc-ar~1/bin/../lib/gcc/arm-none-eabi/10.3.1/../../../../arm-none-eabi/lib/thumb/v6-m/nofp\libg.a(lib_a-errno.o)
                              c:/progra~1/raspbe~1/picosd~1.1/gcc-ar~1/bin/../lib/gcc/arm-none-eabi/10.3.1/../../../../arm-none-eabi/lib/thumb/v6-m/nofp\libg.a(lib_a-callocr.o) (__errno)
c:/progra~1/raspbe~1/picosd~1.1/gcc-ar~1/bin/../lib/gcc/arm-none-eabi/10.3.1/../../../../arm-none-eabi/lib/thumb/v6-m/nofp\libg.a(lib_a-impure.o)
                              c:/progra~1/raspbe~1/picosd~1.1/gcc-ar~1/bin/../lib/gcc/arm-none-eabi/10.3.1/../../../../arm-none-eabi/lib/thumb/v6-m/nofp\libg.a(lib_a-calloc.o) (_impure_ptr)
c:/progra~1/raspbe~1/picosd~1.1/gcc-ar~1/bin/../lib/gcc/arm-none-eabi/10.3.1/../../../../arm-none-eabi/lib/thumb/v6-m/nofp\libg.a(lib_a-init.o)
                              c:/progra~1/raspbe~1/picosd~1.1/gcc-ar~1/bin/../lib/gcc/arm-none-eabi/10.3.1/../../../../arm-none-eabi/lib/thumb/v6-m/nofp/crt0.o (__libc_init_array)
c:/progra~1/raspbe~1/picosd~1.1/gcc-ar~1/bin/../lib/gcc/arm-none-eabi/10.3.1/../../../../arm-none-eabi/lib/thumb/v6-m/nofp\libg.a(lib_a-malloc.o)
                              CMakeFiles/i2c_slave.dir/C_/Program_Files/Raspberry_Pi/Pico_SDK_v1.5.1/pico-sdk/src/rp2_common/pico_malloc/pico_malloc.c.obj (malloc)
c:/progra~1/raspbe~1/picosd~1.1/gcc-ar~1/bin/../lib/gcc/arm-none-eabi/10.3.1/../../../../arm-none-eabi/lib/thumb/v6-m/nofp\libg.a(lib_a-mallocr.o)
                              c:/progra~1/raspbe~1/picosd~1.1/gcc-ar~1/bin/../lib/gcc/arm-none-eabi/10.3.1/../../../../arm-none-eabi/lib/thumb/v6-m/nofp\libg.a(lib_a-callocr.o) (_malloc_r)
c:/progra~1/raspbe~1/picosd~1.1/gcc-ar~1/bin/../lib/gcc/arm-none-eabi/10.3.1/../../../../arm-none-eabi/lib/thumb/v6-m/nofp\libg.a(lib_a-mlock.o)
                              c:/progra~1/raspbe~1/picosd~1.1/gcc-ar~1/bin/../lib/gcc/arm-none-eabi/10.3.1/../../../../arm-none-eabi/lib/thumb/v6-m/nofp\libg.a(lib_a-mallocr.o) (__malloc_lock)
c:/progra~1/raspbe~1/picosd~1.1/gcc-ar~1/bin/../lib/gcc/arm-none-eabi/10.3.1/../../../../arm-none-eabi/lib/thumb/v6-m/nofp\libg.a(lib_a-realloc.o)
                              CMakeFiles/i2c_slave.dir/C_/Program_Files/Raspberry_Pi/Pico_SDK_v1.5.1/pico-sdk/src/rp2_common/pico_malloc/pico_malloc.c.obj (realloc)
c:/progra~1/raspbe~1/picosd~1.1/gcc-ar~1/bin/../lib/gcc/arm-none-eabi/10.3.1/../../../../arm-none-eabi/lib/thumb/v6-m/nofp\libg.a(lib_a-reallocr.o)
                              c:/progra~1/raspbe~1/picosd~1.1/gcc-ar~1/bin/../lib/gcc/arm-none-eabi/10.3.1/../../../../arm-none-eabi/lib/thumb/v6-m/nofp\libg.a(lib_a-realloc.o) (_realloc_r)
c:/progra~1/raspbe~1/picosd~1.1/gcc-ar~1/bin/../lib/gcc/arm-none-eabi/10.3.1/../../../../arm-none-eabi/lib/thumb/v6-m/nofp\libg.a(lib_a-sbrkr.o)
                              c:/progra~1/raspbe~1/picosd~1.1/gcc-ar~1/bin/../lib/gcc/arm-none-eabi/10.3.1/../../../../arm-none-eabi/lib/thumb/v6-m/nofp\libg.a(lib_a-mallocr.o) (_sbrk_r)
c:/progra~1/raspbe~1/picosd~1.1/gcc-ar~1/bin/../lib/gcc/arm-none-eabi/10.3.1/../../../../arm-none-eabi/lib/thumb/v6-m/nofp\libg.a(lib_a-strlen-stub.o)
                              CMakeFiles/i2c_slave.dir/C_/Program_Files/Raspberry_Pi/Pico_SDK_v1.5.1/pico-sdk/src/rp2_common/pico_stdio/stdio.c.obj (strlen)
c:/progra~1/raspbe~1/picosd~1.1/gcc-ar~1/bin/../lib/gcc/arm-none-eabi/10.3.1/../../../../arm-none-eabi/lib/thumb/v6-m/nofp\libg.a(lib_a-freer.o)
                              c:/progra~1/raspbe~1/picosd~1.1/gcc-ar~1/bin/../lib/gcc/arm-none-eabi/10.3.1/../../../../arm-none-eabi/lib/thumb/v6-m/nofp\libg.a(lib_a-malloc.o) (_free_r)
c:/progra~1/raspbe~1/picosd~1.1/gcc-ar~1/bin/../lib/gcc/arm-none-eabi/10.3.1/../../../../arm-none-eabi/lib/thumb/v6-m/nofp\libg.a(lib_a-lock.o)
                              c:/progra~1/raspbe~1/picosd~1.1/gcc-ar~1/bin/../lib/gcc/arm-none-eabi/10.3.1/../../../../arm-none-eabi/lib/thumb/v6-m/nofp\libg.a(lib_a-mlock.o) (__retarget_lock_acquire_recursive)
[...]
Memory Configuration

Name             Origin             Length             Attributes
FLASH            0x10000000         0x00200000         xr
RAM              0x20000000         0x00040000         xrw
SCRATCH_X        0x20040000         0x00001000         xrw
SCRATCH_Y        0x20041000         0x00001000         xrw
*default*        0x00000000         0xffffffff

Linker script and memory map

LOAD c:/progra~1/raspbe~1/picosd~1.1/gcc-ar~1/bin/../lib/gcc/arm-none-eabi/10.3.1/thumb/v6-m/nofp/crti.o
LOAD c:/progra~1/raspbe~1/picosd~1.1/gcc-ar~1/bin/../lib/gcc/arm-none-eabi/10.3.1/thumb/v6-m/nofp/crtbegin.o
LOAD c:/progra~1/raspbe~1/picosd~1.1/gcc-ar~1/bin/../lib/gcc/arm-none-eabi/10.3.1/../../../../arm-none-eabi/lib/thumb/v6-m/nofp/crt0.o

.flash_begin    0x10000000        0x0
                0x10000000                __flash_binary_start = .

.boot2          0x10000000      0x100
                0x10000000                __boot2_start__ = .
 *(.boot2)
 .boot2         0x10000000      0x100 C:\Users\ESTUDI~1\AppData\Local\Temp\cc8RMd5V.o
                0x10000100                __boot2_end__ = .
                0x00000001                ASSERT (((__boot2_end__ - __boot2_start__) == 0x100), ERROR: Pico second stage bootloader must be 256 bytes in size)

.text           0x10000100     0x7228
                0x10000100                __logical_binary_start = .
 *(.vectors)
 .vectors       0x10000100       0xd4 CMakeFiles/i2c_slave.dir/C_/Program_Files/Raspberry_Pi/Pico_SDK_v1.5.1/pico-sdk/src/rp2_common/pico_standard_link/crt0.S.obj
                0x10000100                __VECTOR_TABLE
                0x10000100                __vectors
                0x100001c0                isr_invalid
                0x100001c0                __default_isrs_start
                0x100001c2                isr_nmi
                0x100001c4                isr_hardfault
                0x100001c6                isr_svcall
                0x100001c8                isr_pendsv
                0x100001ca                isr_systick
                0x100001cc                isr_irq23
                0x100001cc                isr_irq18
                0x100001cc                isr_irq11
                0x100001cc                isr_irq28
                0x100001cc                isr_irq19
                0x100001cc                isr_irq0
                0x100001cc                isr_irq6
                0x100001cc                isr_irq5
                0x100001cc                isr_irq12
                0x100001cc                isr_irq22
                0x100001cc                isr_irq31
                0x100001cc                isr_irq17
                0x100001cc                isr_irq27
                0x100001cc                isr_irq30
                0x100001cc                isr_irq2
                0x100001cc                isr_irq10
                0x100001cc                isr_irq8
                0x100001cc                isr_irq24
                0x100001cc                isr_irq1
                0x100001cc                isr_irq7
                0x100001cc                isr_irq21
                0x100001cc                isr_irq20
                0x100001cc                isr_irq15
                0x100001cc                isr_irq25
                0x100001cc                isr_irq13
                0x100001cc                __unhandled_user_irq
                0x100001cc                isr_irq4
                0x100001cc                isr_irq16
                0x100001cc                isr_irq29
                0x100001cc                isr_irq26
                0x100001cc                __default_isrs_end
                0x100001cc                isr_irq3
                0x100001cc                isr_irq14
                0x100001cc                isr_irq9
                0x100001d2                unhandled_user_irq_num_in_r0
 *(.binary_info_header)
 .binary_info_header
                0x100001d4       0x14 CMakeFiles/i2c_slave.dir/C_/Program_Files/Raspberry_Pi/Pico_SDK_v1.5.1/pico-sdk/src/rp2_common/pico_standard_link/crt0.S.obj
                0x100001e8                __binary_info_header_end = .
 *(.reset)
 .reset         0x100001e8       0xa0 CMakeFiles/i2c_slave.dir/C_/Program_Files/Raspberry_Pi/Pico_SDK_v1.5.1/pico-sdk/src/rp2_common/pico_standard_link/crt0.S.obj
                0x100001e8                _entry_point
 .reset         0x10000288       0x30 CMakeFiles/i2c_slave.dir/C_/Program_Files/Raspberry_Pi/Pico_SDK_v1.5.1/pico-sdk/src/rp2_common/pico_standard_link/binary_info.c.obj
 *(.init)
 .init          0x100002b8        0x4 c:/progra~1/raspbe~1/picosd~1.1/gcc-ar~1/bin/../lib/gcc/arm-none-eabi/10.3.1/thumb/v6-m/nofp/crti.o
                0x100002b8                _init
 *(EXCLUDE_FILE(*libm.a: *libc.a:*lib_a-mem*.o *libgcc.a:) .text*)
 .text          0x100002bc       0x48 c:/progra~1/raspbe~1/picosd~1.1/gcc-ar~1/bin/../lib/gcc/arm-none-eabi/10.3.1/thumb/v6-m/nofp/crtbegin.o
 .text.i2c_slave_handler
                0x10000304       0x34 CMakeFiles/i2c_slave.dir/recepcion.c.obj
                0x10000304                i2c_slave_handler
 .text.i2c_slave_init
                0x10000338       0x20 CMakeFiles/i2c_slave.dir/recepcion.c.obj
                0x10000338                i2c_slave_init
 .text.initialize_pins_i2c
                0x10000358       0x32 CMakeFiles/i2c_slave.dir/recepcion.c.obj
                0x10000358                initialize_pins_i2c
 *fill*         0x1000038a        0x2 
 .text.initialize_adc
                0x1000038c       0x40 CMakeFiles/i2c_slave.dir/recepcion.c.obj
                0x1000038c                initialize_adc
 .text.main     0x100003cc       0x48 CMakeFiles/i2c_slave.dir/recepcion.c.obj
                0x100003cc                main
 .text.gpio_set_function
                0x10000414       0x30 CMakeFiles/i2c_slave.dir/C_/Program_Files/Raspberry_Pi/Pico_SDK_v1.5.1/pico-sdk/src/rp2_common/hardware_gpio/gpio.c.obj
                0x10000414                gpio_set_function
 .text.gpio_set_pulls
                0x10000444       0x34 CMakeFiles/i2c_slave.dir/C_/Program_Files/Raspberry_Pi/Pico_SDK_v1.5.1/pico-sdk/src/rp2_common/hardware_gpio/gpio.c.obj
                0x10000444                gpio_set_pulls
 .text.gpio_set_input_enabled
                0x10000478       0x30 CMakeFiles/i2c_slave.dir/C_/Program_Files/Raspberry_Pi/Pico_SDK_v1.5.1/pico-sdk/src/rp2_common/hardware_gpio/gpio.c.obj
                0x10000478                gpio_set_input_enabled
 .text.running_on_fpga
                0x100004a8       0x14 CMakeFiles/i2c_slave.dir/C_/Program_Files/Raspberry_Pi/Pico_SDK_v1.5.1/pico-sdk/src/rp2_common/pico_platform/platform.c.obj
                0x100004a8                running_on_fpga
 .text.hw_claim_lock
                0x100004bc       0x18 CMakeFiles/i2c_slave.dir/C_/Program_Files/Raspberry_Pi/Pico_SDK_v1.5.1/pico-sdk/src/rp2_common/hardware_claim/claim.c.obj
                0x100004bc                hw_claim_lock
 .text.hw_claim_unlock
                0x100004d4       0x14 CMakeFiles/i2c_slave.dir/C_/Program_Files/Raspberry_Pi/Pico_SDK_v1.5.1/pico-sdk/src/rp2_common/hardware_claim/claim.c.obj
                0x100004d4                hw_claim_unlock
 .text.hw_claim_or_assert
                0x100004e8       0x32 CMakeFiles/i2c_slave.dir/C_/Program_Files/Raspberry_Pi/Pico_SDK_v1.5.1/pico-sdk/src/rp2_common/hardware_claim/claim.c.obj
                0x100004e8                hw_claim_or_assert
 .text.hw_claim_unused_from_range
                0x1000051a       0x50 CMakeFiles/i2c_slave.dir/C_/Program_Files/Raspberry_Pi/Pico_SDK_v1.5.1/pico-sdk/src/rp2_common/hardware_claim/claim.c.obj
                0x1000051a                hw_claim_unused_from_range
 *fill*         0x1000056a        0x2 
 .text.spin_locks_reset
                0x1000056c       0x20 CMakeFiles/i2c_slave.dir/C_/Program_Files/Raspberry_Pi/Pico_SDK_v1.5.1/pico-sdk/src/rp2_common/hardware_sync/sync.c.obj
                0x1000056c                spin_locks_reset
 .text.next_striped_spin_lock_num
                0x1000058c       0x1c CMakeFiles/i2c_slave.dir/C_/Program_Files/Raspberry_Pi/Pico_SDK_v1.5.1/pico-sdk/src/rp2_common/hardware_sync/sync.c.obj
                0x1000058c                next_striped_spin_lock_num
 .text.spin_lock_claim_unused
                0x100005a8       0x20 CMakeFiles/i2c_slave.dir/C_/Program_Files/Raspberry_Pi/Pico_SDK_v1.5.1/pico-sdk/src/rp2_common/hardware_sync/sync.c.obj
                0x100005a8                spin_lock_claim_unused
 .text.set_raw_irq_handler_and_unlock
                0x100005c8       0x28 CMakeFiles/i2c_slave.dir/C_/Program_Files/Raspberry_Pi/Pico_SDK_v1.5.1/pico-sdk/src/rp2_common/hardware_irq/irq.c.obj
 .text.make_branch
                0x100005f0       0x48 CMakeFiles/i2c_slave.dir/C_/Program_Files/Raspberry_Pi/Pico_SDK_v1.5.1/pico-sdk/src/rp2_common/hardware_irq/irq.c.obj
 .text.insert_branch_and_link
                0x10000638       0x40 CMakeFiles/i2c_slave.dir/C_/Program_Files/Raspberry_Pi/Pico_SDK_v1.5.1/pico-sdk/src/rp2_common/hardware_irq/irq.c.obj
 .text.irq_is_enabled
                0x10000678       0x18 CMakeFiles/i2c_slave.dir/C_/Program_Files/Raspberry_Pi/Pico_SDK_v1.5.1/pico-sdk/src/rp2_common/hardware_irq/irq.c.obj
                0x10000678                irq_is_enabled
 .text.irq_set_mask_enabled
                0x10000690       0x20 CMakeFiles/i2c_slave.dir/C_/Program_Files/Raspberry_Pi/Pico_SDK_v1.5.1/pico-sdk/src/rp2_common/hardware_irq/irq.c.obj
                0x10000690                irq_set_mask_enabled
 .text.irq_set_enabled
                0x100006b0        0xe CMakeFiles/i2c_slave.dir/C_/Program_Files/Raspberry_Pi/Pico_SDK_v1.5.1/pico-sdk/src/rp2_common/hardware_irq/irq.c.obj
                0x100006b0                irq_set_enabled
 *fill*         0x100006be        0x2 
 .text.irq_set_pending
                0x100006c0       0x10 CMakeFiles/i2c_slave.dir/C_/Program_Files/Raspberry_Pi/Pico_SDK_v1.5.1/pico-sdk/src/rp2_common/hardware_irq/irq.c.obj
                0x100006c0                irq_set_pending
 .text.irq_get_vtable_handler
                0x100006d0       0x10 CMakeFiles/i2c_slave.dir/C_/Program_Files/Raspberry_Pi/Pico_SDK_v1.5.1/pico-sdk/src/rp2_common/hardware_irq/irq.c.obj
                0x100006d0                irq_get_vtable_handler
 .text.irq_has_shared_handler
                0x100006e0       0x24 CMakeFiles/i2c_slave.dir/C_/Program_Files/Raspberry_Pi/Pico_SDK_v1.5.1/pico-sdk/src/rp2_common/hardware_irq/irq.c.obj
                0x100006e0                irq_has_shared_handler
 .text.irq_set_exclusive_handler
                0x10000704       0x54 CMakeFiles/i2c_slave.dir/C_/Program_Files/Raspberry_Pi/Pico_SDK_v1.5.1/pico-sdk/src/rp2_common/hardware_irq/irq.c.obj
                0x10000704                irq_set_exclusive_handler
 .text.irq_add_shared_handler
                0x10000758      0x234 CMakeFiles/i2c_slave.dir/C_/Program_Files/Raspberry_Pi/Pico_SDK_v1.5.1/pico-sdk/src/rp2_common/hardware_irq/irq.c.obj
                0x10000758                irq_add_shared_handler
 .text.irq_remove_handler
                0x1000098c      0x1ac CMakeFiles/i2c_slave.dir/C_/Program_Files/Raspberry_Pi/Pico_SDK_v1.5.1/pico-sdk/src/rp2_common/hardware_irq/irq.c.obj
                0x1000098c                irq_remove_handler
 .text.irq_add_tail_to_free_list
                0x10000b38       0xf0 CMakeFiles/i2c_slave.dir/C_/Program_Files/Raspberry_Pi/Pico_SDK_v1.5.1/pico-sdk/src/rp2_common/hardware_irq/irq.c.obj
                0x10000b38                irq_add_tail_to_free_list
 .text.irq_init_priorities
                0x10000c28       0x1c CMakeFiles/i2c_slave.dir/C_/Program_Files/Raspberry_Pi/Pico_SDK_v1.5.1/pico-sdk/src/rp2_common/hardware_irq/irq.c.obj
                0x10000c28                irq_init_priorities
 .text.user_irq_claim_unused
                0x10000c44       0x28 CMakeFiles/i2c_slave.dir/C_/Program_Files/Raspberry_Pi/Pico_SDK_v1.5.1/pico-sdk/src/rp2_common/hardware_irq/irq.c.obj
                0x10000c44                user_irq_claim_unused
 .text.lock_init
                0x10000c6c       0x10 CMakeFiles/i2c_slave.dir/C_/Program_Files/Raspberry_Pi/Pico_SDK_v1.5.1/pico-sdk/src/common/pico_sync/lock_core.c.obj
                0x10000c6c                lock_init
 .text.mutex_init
                0x10000c7c       0x1a CMakeFiles/i2c_slave.dir/C_/Program_Files/Raspberry_Pi/Pico_SDK_v1.5.1/pico-sdk/src/common/pico_sync/mutex.c.obj
                0x10000c7c                mutex_init
 .text.recursive_mutex_init
                0x10000c96       0x1e CMakeFiles/i2c_slave.dir/C_/Program_Files/Raspberry_Pi/Pico_SDK_v1.5.1/pico-sdk/src/common/pico_sync/mutex.c.obj
                0x10000c96                recursive_mutex_init
 .text.critical_section_init_with_lock_num
                0x10000cb4       0x14 CMakeFiles/i2c_slave.dir/C_/Program_Files/Raspberry_Pi/Pico_SDK_v1.5.1/pico-sdk/src/common/pico_sync/critical_section.c.obj
                0x10000cb4                critical_section_init_with_lock_num
 .text.critical_section_init
                0x10000cc8       0x14 CMakeFiles/i2c_slave.dir/C_/Program_Files/Raspberry_Pi/Pico_SDK_v1.5.1/pico-sdk/src/common/pico_sync/critical_section.c.obj
                0x10000cc8                critical_section_init
 .text.alarm_pool_post_alloc_init
                0x10000cdc       0x40 CMakeFiles/i2c_slave.dir/C_/Program_Files/Raspberry_Pi/Pico_SDK_v1.5.1/pico-sdk/src/common/pico_time/time.c.obj
 .text.sleep_until_callback
                0x10000d1c       0x30 CMakeFiles/i2c_slave.dir/C_/Program_Files/Raspberry_Pi/Pico_SDK_v1.5.1/pico-sdk/src/common/pico_time/time.c.obj
 .text.timer_pool_entry_comparator
                0x10000d4c       0x7c CMakeFiles/i2c_slave.dir/C_/Program_Files/Raspberry_Pi/Pico_SDK_v1.5.1/pico-sdk/src/common/pico_time/time.c.obj
                0x10000d4c                timer_pool_entry_comparator
 .text.ph_add_child_node
                0x10000dc8       0xa4 CMakeFiles/i2c_slave.dir/C_/Program_Files/Raspberry_Pi/Pico_SDK_v1.5.1/pico-sdk/src/common/pico_time/time.c.obj
 .text.ph_merge_nodes
                0x10000e6c       0x3e CMakeFiles/i2c_slave.dir/C_/Program_Files/Raspberry_Pi/Pico_SDK_v1.5.1/pico-sdk/src/common/pico_time/time.c.obj
 *fill*         0x10000eaa        0x2 
 .text.add_alarm_under_lock
                0x10000eac      0x174 CMakeFiles/i2c_slave.dir/C_/Program_Files/Raspberry_Pi/Pico_SDK_v1.5.1/pico-sdk/src/common/pico_time/time.c.obj
 .text.alarm_pool_alarm_callback
                0x10001020      0x33c CMakeFiles/i2c_slave.dir/C_/Program_Files/Raspberry_Pi/Pico_SDK_v1.5.1/pico-sdk/src/common/pico_time/time.c.obj
 .text.alarm_pool_init_default
                0x1000135c       0x40 CMakeFiles/i2c_slave.dir/C_/Program_Files/Raspberry_Pi/Pico_SDK_v1.5.1/pico-sdk/src/common/pico_time/time.c.obj
                0x1000135c                alarm_pool_init_default
 .text.alarm_pool_get_default
                0x1000139c       0x2c CMakeFiles/i2c_slave.dir/C_/Program_Files/Raspberry_Pi/Pico_SDK_v1.5.1/pico-sdk/src/common/pico_time/time.c.obj
                0x1000139c                alarm_pool_get_default
 .text.alarm_pool_add_alarm_at
                0x100013c8      0x168 CMakeFiles/i2c_slave.dir/C_/Program_Files/Raspberry_Pi/Pico_SDK_v1.5.1/pico-sdk/src/common/pico_time/time.c.obj
                0x100013c8                alarm_pool_add_alarm_at
 .text.alarm_pool_cancel_alarm
                0x10001530       0xf8 CMakeFiles/i2c_slave.dir/C_/Program_Files/Raspberry_Pi/Pico_SDK_v1.5.1/pico-sdk/src/common/pico_time/time.c.obj
                0x10001530                alarm_pool_cancel_alarm
 .text.alarm_pool_core_num
                0x10001628        0x4 CMakeFiles/i2c_slave.dir/C_/Program_Files/Raspberry_Pi/Pico_SDK_v1.5.1/pico-sdk/src/common/pico_time/time.c.obj
                0x10001628                alarm_pool_core_num
 .text.best_effort_wfe_or_timeout
                0x1000162c       0xac CMakeFiles/i2c_slave.dir/C_/Program_Files/Raspberry_Pi/Pico_SDK_v1.5.1/pico-sdk/src/common/pico_time/time.c.obj
                0x1000162c                best_effort_wfe_or_timeout
 .text.hardware_alarm_irq_handler
                0x100016d8       0x90 CMakeFiles/i2c_slave.dir/C_/Program_Files/Raspberry_Pi/Pico_SDK_v1.5.1/pico-sdk/src/rp2_common/hardware_timer/timer.c.obj
 .text.hardware_alarm_claim
                0x10001768       0x18 CMakeFiles/i2c_slave.dir/C_/Program_Files/Raspberry_Pi/Pico_SDK_v1.5.1/pico-sdk/src/rp2_common/hardware_timer/timer.c.obj
                0x10001768                hardware_alarm_claim
 .text.time_us_64
                0x10001780       0x18 CMakeFiles/i2c_slave.dir/C_/Program_Files/Raspberry_Pi/Pico_SDK_v1.5.1/pico-sdk/src/rp2_common/hardware_timer/timer.c.obj
                0x10001780                time_us_64
 .text.busy_wait_until
                0x10001798       0x28 CMakeFiles/i2c_slave.dir/C_/Program_Files/Raspberry_Pi/Pico_SDK_v1.5.1/pico-sdk/src/rp2_common/hardware_timer/timer.c.obj
                0x10001798                busy_wait_until
 .text.busy_wait_us
                0x100017c0       0x48 CMakeFiles/i2c_slave.dir/C_/Program_Files/Raspberry_Pi/Pico_SDK_v1.5.1/pico-sdk/src/rp2_common/hardware_timer/timer.c.obj
                0x100017c0                busy_wait_us
 .text.hardware_alarm_set_callback
                0x10001808       0x90 CMakeFiles/i2c_slave.dir/C_/Program_Files/Raspberry_Pi/Pico_SDK_v1.5.1/pico-sdk/src/rp2_common/hardware_timer/timer.c.obj
                0x10001808                hardware_alarm_set_callback
 .text.hardware_alarm_set_target
                0x10001898       0xe8 CMakeFiles/i2c_slave.dir/C_/Program_Files/Raspberry_Pi/Pico_SDK_v1.5.1/pico-sdk/src/rp2_common/hardware_timer/timer.c.obj
                0x10001898                hardware_alarm_set_target
 .text.hardware_alarm_cancel
                0x10001980       0x40 CMakeFiles/i2c_slave.dir/C_/Program_Files/Raspberry_Pi/Pico_SDK_v1.5.1/pico-sdk/src/rp2_common/hardware_timer/timer.c.obj
                0x10001980                hardware_alarm_cancel
 .text.ph_add_child_node
                0x100019c0       0xa4 CMakeFiles/i2c_slave.dir/C_/Program_Files/Raspberry_Pi/Pico_SDK_v1.5.1/pico-sdk/src/common/pico_util/pheap.c.obj
 .text.ph_merge_nodes
                0x10001a64       0x3e CMakeFiles/i2c_slave.dir/C_/Program_Files/Raspberry_Pi/Pico_SDK_v1.5.1/pico-sdk/src/common/pico_util/pheap.c.obj
 *fill*         0x10001aa2        0x2 
 .text.ph_clear
                0x10001aa4       0x70 CMakeFiles/i2c_slave.dir/C_/Program_Files/Raspberry_Pi/Pico_SDK_v1.5.1/pico-sdk/src/common/pico_util/pheap.c.obj
                0x10001aa4                ph_clear
 .text.ph_post_alloc_init
                0x10001b14        0xe CMakeFiles/i2c_slave.dir/C_/Program_Files/Raspberry_Pi/Pico_SDK_v1.5.1/pico-sdk/src/common/pico_util/pheap.c.obj
                0x10001b14                ph_post_alloc_init
 *fill*         0x10001b22        0x2 
 .text.ph_merge_two_pass
                0x10001b24       0xa8 CMakeFiles/i2c_slave.dir/C_/Program_Files/Raspberry_Pi/Pico_SDK_v1.5.1/pico-sdk/src/common/pico_util/pheap.c.obj
                0x10001b24                ph_merge_two_pass
 .text.ph_remove_any_head
                0x10001bcc      0x128 CMakeFiles/i2c_slave.dir/C_/Program_Files/Raspberry_Pi/Pico_SDK_v1.5.1/pico-sdk/src/common/pico_util/pheap.c.obj
 .text.ph_remove_head
                0x10001cf4       0x14 CMakeFiles/i2c_slave.dir/C_/Program_Files/Raspberry_Pi/Pico_SDK_v1.5.1/pico-sdk/src/common/pico_util/pheap.c.obj
                0x10001cf4                ph_remove_head
 .text.ph_remove_and_free_node
                0x10001d08       0xf8 CMakeFiles/i2c_slave.dir/C_/Program_Files/Raspberry_Pi/Pico_SDK_v1.5.1/pico-sdk/src/common/pico_util/pheap.c.obj
                0x10001d08                ph_remove_and_free_node
 .text.uart_disable_before_lcr_write
                0x10001e00       0x48 CMakeFiles/i2c_slave.dir/C_/Program_Files/Raspberry_Pi/Pico_SDK_v1.5.1/pico-sdk/src/rp2_common/hardware_uart/uart.c.obj
 .text.uart_write_lcr_bits_masked
                0x10001e48       0x22 CMakeFiles/i2c_slave.dir/C_/Program_Files/Raspberry_Pi/Pico_SDK_v1.5.1/pico-sdk/src/rp2_common/hardware_uart/uart.c.obj
 *fill*         0x10001e6a        0x2 
 .text.uart_set_baudrate
                0x10001e6c       0x5c CMakeFiles/i2c_slave.dir/C_/Program_Files/Raspberry_Pi/Pico_SDK_v1.5.1/pico-sdk/src/rp2_common/hardware_uart/uart.c.obj
                0x10001e6c                uart_set_baudrate
 .text.uart_set_format
                0x10001ec8       0x2c CMakeFiles/i2c_slave.dir/C_/Program_Files/Raspberry_Pi/Pico_SDK_v1.5.1/pico-sdk/src/rp2_common/hardware_uart/uart.c.obj
                0x10001ec8                uart_set_format
 .text.uart_set_translate_crlf
                0x10001ef4       0x28 CMakeFiles/i2c_slave.dir/C_/Program_Files/Raspberry_Pi/Pico_SDK_v1.5.1/pico-sdk/src/rp2_common/hardware_uart/uart.c.obj
                0x10001ef4                uart_set_translate_crlf
 .text.uart_init
                0x10001f1c       0x80 CMakeFiles/i2c_slave.dir/C_/Program_Files/Raspberry_Pi/Pico_SDK_v1.5.1/pico-sdk/src/rp2_common/hardware_uart/uart.c.obj
                0x10001f1c                uart_init
 .text.clock_configure
                0x10001f9c      0x108 CMakeFiles/i2c_slave.dir/C_/Program_Files/Raspberry_Pi/Pico_SDK_v1.5.1/pico-sdk/src/rp2_common/hardware_clocks/clocks.c.obj
                0x10001f9c                clock_configure
 .text.clocks_init
                0x100020a4      0x100 CMakeFiles/i2c_slave.dir/C_/Program_Files/Raspberry_Pi/Pico_SDK_v1.5.1/pico-sdk/src/rp2_common/hardware_clocks/clocks.c.obj
                0x100020a4                clocks_init
 .text.clock_get_hz
                0x100021a4        0xc CMakeFiles/i2c_slave.dir/C_/Program_Files/Raspberry_Pi/Pico_SDK_v1.5.1/pico-sdk/src/rp2_common/hardware_clocks/clocks.c.obj
                0x100021a4                clock_get_hz
 .text.pll_init
                0x100021b0      0x120 CMakeFiles/i2c_slave.dir/C_/Program_Files/Raspberry_Pi/Pico_SDK_v1.5.1/pico-sdk/src/rp2_common/hardware_pll/pll.c.obj
                0x100021b0                pll_init
 .text.watchdog_start_tick
                0x100022d0       0x10 CMakeFiles/i2c_slave.dir/C_/Program_Files/Raspberry_Pi/Pico_SDK_v1.5.1/pico-sdk/src/rp2_common/hardware_watchdog/watchdog.c.obj
                0x100022d0                watchdog_start_tick
 .text.watchdog_update
                0x100022e0       0x14 CMakeFiles/i2c_slave.dir/C_/Program_Files/Raspberry_Pi/Pico_SDK_v1.5.1/pico-sdk/src/rp2_common/hardware_watchdog/watchdog.c.obj
                0x100022e0                watchdog_update
 .text._watchdog_enable
                0x100022f4       0x78 CMakeFiles/i2c_slave.dir/C_/Program_Files/Raspberry_Pi/Pico_SDK_v1.5.1/pico-sdk/src/rp2_common/hardware_watchdog/watchdog.c.obj
                0x100022f4                _watchdog_enable
 .text.watchdog_reboot
                0x1000236c       0x48 CMakeFiles/i2c_slave.dir/C_/Program_Files/Raspberry_Pi/Pico_SDK_v1.5.1/pico-sdk/src/rp2_common/hardware_watchdog/watchdog.c.obj
                0x1000236c                watchdog_reboot
 .text.xosc_init
                0x100023b4       0x28 CMakeFiles/i2c_slave.dir/C_/Program_Files/Raspberry_Pi/Pico_SDK_v1.5.1/pico-sdk/src/rp2_common/hardware_xosc/xosc.c.obj
                0x100023b4                xosc_init
 .text._exit    0x100023dc        0x4 CMakeFiles/i2c_slave.dir/C_/Program_Files/Raspberry_Pi/Pico_SDK_v1.5.1/pico-sdk/src/rp2_common/pico_runtime/runtime.c.obj
                0x100023dc                _exit
 .text.exit     0x100023e0        0x6 CMakeFiles/i2c_slave.dir/C_/Program_Files/Raspberry_Pi/Pico_SDK_v1.5.1/pico-sdk/src/rp2_common/pico_runtime/runtime.c.obj
                0x100023e0                exit
 *fill*         0x100023e6        0x2 
 .text.__assert_func
                0x100023e8       0x3c CMakeFiles/i2c_slave.dir/C_/Program_Files/Raspberry_Pi/Pico_SDK_v1.5.1/pico-sdk/src/rp2_common/pico_runtime/runtime.c.obj
                0x100023e8                __assert_func
 .text.runtime_init
                0x10002424       0xf8 CMakeFiles/i2c_slave.dir/C_/Program_Files/Raspberry_Pi/Pico_SDK_v1.5.1/pico-sdk/src/rp2_common/pico_runtime/runtime.c.obj
                0x10002424                runtime_init
 .text.panic    0x1000251c       0x30 CMakeFiles/i2c_slave.dir/C_/Program_Files/Raspberry_Pi/Pico_SDK_v1.5.1/pico-sdk/src/rp2_common/pico_runtime/runtime.c.obj
                0x1000251c                panic
 .text._out_null
                0x1000254c        0x2 CMakeFiles/i2c_slave.dir/C_/Program_Files/Raspberry_Pi/Pico_SDK_v1.5.1/pico-sdk/src/rp2_common/pico_printf/printf.c.obj
 .text._out_fct
                0x1000254e        0xe CMakeFiles/i2c_slave.dir/C_/Program_Files/Raspberry_Pi/Pico_SDK_v1.5.1/pico-sdk/src/rp2_common/pico_printf/printf.c.obj
 .text._atoi    0x1000255c       0x24 CMakeFiles/i2c_slave.dir/C_/Program_Files/Raspberry_Pi/Pico_SDK_v1.5.1/pico-sdk/src/rp2_common/pico_printf/printf.c.obj
 .text._out_rev
                0x10002580       0xae CMakeFiles/i2c_slave.dir/C_/Program_Files/Raspberry_Pi/Pico_SDK_v1.5.1/pico-sdk/src/rp2_common/pico_printf/printf.c.obj
 .text._ntoa_format
                0x1000262e      0x112 CMakeFiles/i2c_slave.dir/C_/Program_Files/Raspberry_Pi/Pico_SDK_v1.5.1/pico-sdk/src/rp2_common/pico_printf/printf.c.obj
 .text._ntoa_long
                0x10002740       0xbc CMakeFiles/i2c_slave.dir/C_/Program_Files/Raspberry_Pi/Pico_SDK_v1.5.1/pico-sdk/src/rp2_common/pico_printf/printf.c.obj
 .text._ntoa_long_long
                0x100027fc       0xe2 CMakeFiles/i2c_slave.dir/C_/Program_Files/Raspberry_Pi/Pico_SDK_v1.5.1/pico-sdk/src/rp2_common/pico_printf/printf.c.obj
 *fill*         0x100028de        0x2 
 .text._etoa    0x100028e0      0x414 CMakeFiles/i2c_slave.dir/C_/Program_Files/Raspberry_Pi/Pico_SDK_v1.5.1/pico-sdk/src/rp2_common/pico_printf/printf.c.obj
 .text._ftoa    0x10002cf4      0x354 CMakeFiles/i2c_slave.dir/C_/Program_Files/Raspberry_Pi/Pico_SDK_v1.5.1/pico-sdk/src/rp2_common/pico_printf/printf.c.obj
 .text._vsnprintf
                0x10003048      0x624 CMakeFiles/i2c_slave.dir/C_/Program_Files/Raspberry_Pi/Pico_SDK_v1.5.1/pico-sdk/src/rp2_common/pico_printf/printf.c.obj
 .text.vfctprintf
                0x1000366c       0x20 CMakeFiles/i2c_slave.dir/C_/Program_Files/Raspberry_Pi/Pico_SDK_v1.5.1/pico-sdk/src/rp2_common/pico_printf/printf.c.obj
                0x1000366c                vfctprintf
 .text          0x1000368c       0x10 CMakeFiles/i2c_slave.dir/C_/Program_Files/Raspberry_Pi/Pico_SDK_v1.5.1/pico-sdk/src/rp2_common/pico_bit_ops/bit_ops_aeabi.S.obj
 .text.rom_func_lookup
                0x1000369c       0x10 CMakeFiles/i2c_slave.dir/C_/Program_Files/Raspberry_Pi/Pico_SDK_v1.5.1/pico-sdk/src/rp2_common/pico_bootrom/bootrom.c.obj
                0x1000369c                rom_func_lookup
 .text.rom_data_lookup
                0x100036ac       0x10 CMakeFiles/i2c_slave.dir/C_/Program_Files/Raspberry_Pi/Pico_SDK_v1.5.1/pico-sdk/src/rp2_common/pico_bootrom/bootrom.c.obj
                0x100036ac                rom_data_lookup
 .text.rom_funcs_lookup
                0x100036bc       0x36 CMakeFiles/i2c_slave.dir/C_/Program_Files/Raspberry_Pi/Pico_SDK_v1.5.1/pico-sdk/src/rp2_common/pico_bootrom/bootrom.c.obj
                0x100036bc                rom_funcs_lookup
 *fill*         0x100036f2        0x2 
 .text.__wrap___aeabi_idiv
                0x100036f4       0x50 CMakeFiles/i2c_slave.dir/C_/Program_Files/Raspberry_Pi/Pico_SDK_v1.5.1/pico-sdk/src/rp2_common/pico_divider/divider.S.obj
                0x100036f4                __wrap___aeabi_idivmod
                0x100036f4                divmod_s32s32
                0x100036f4                div_s32s32
                0x100036f4                __wrap___aeabi_idiv
                0x100036fc                divmod_s32s32_unsafe
                0x10003728                divmod_s32s32_savestate
 .text.__wrap___aeabi_uidiv
                0x10003744       0x4c CMakeFiles/i2c_slave.dir/C_/Program_Files/Raspberry_Pi/Pico_SDK_v1.5.1/pico-sdk/src/rp2_common/pico_divider/divider.S.obj
                0x10003744                __wrap___aeabi_uidiv
                0x10003744                __wrap___aeabi_uidivmod
                0x10003744                div_u32u32
                0x10003744                divmod_u32u32
                0x1000374c                divmod_u32u32_unsafe
                0x10003774                divmod_u32u32_savestate
 .text.__wrap___aeabi_ldiv
                0x10003790      0x424 CMakeFiles/i2c_slave.dir/C_/Program_Files/Raspberry_Pi/Pico_SDK_v1.5.1/pico-sdk/src/rp2_common/pico_divider/divider.S.obj
                0x10003790                div_s64s64
                0x10003790                divmod_s64s64
                0x10003790                __wrap___aeabi_ldivmod
                0x100037c0                divmod_u64u64
                0x100037c0                div_u64u64
                0x100037c0                __wrap___aeabi_uldivmod
                0x100037d0                divmod_u64u64_savestate
                0x100037f0                divmod_s64s64_unsafe
                0x10003878                divmod_u64u64_unsafe
 .text.__wrap___aeabi_darithmetic
                0x10003bb4       0x80 CMakeFiles/i2c_slave.dir/C_/Program_Files/Raspberry_Pi/Pico_SDK_v1.5.1/pico-sdk/src/rp2_common/pico_double/double_aeabi.S.obj
                0x10003bb4                __wrap___aeabi_drsub
                0x10003bba                __wrap___aeabi_dsub
                0x10003bcc                __wrap___aeabi_dadd
                0x10003bde                __wrap___aeabi_ddiv
                0x10003c1a                __wrap___aeabi_dmul
 .text.__wrap___aeabi_cdcmple
                0x10003c34       0x6c CMakeFiles/i2c_slave.dir/C_/Program_Files/Raspberry_Pi/Pico_SDK_v1.5.1/pico-sdk/src/rp2_common/pico_double/double_aeabi.S.obj
                0x10003c34                __wrap___aeabi_cdrcmple
                0x10003c44                __wrap___aeabi_cdcmpeq
                0x10003c44                __wrap___aeabi_cdcmple
 .text.__wrap___aeabi_dcmplt
                0x10003ca0        0xc CMakeFiles/i2c_slave.dir/C_/Program_Files/Raspberry_Pi/Pico_SDK_v1.5.1/pico-sdk/src/rp2_common/pico_double/double_aeabi.S.obj
                0x10003ca0                __wrap___aeabi_dcmplt
 .text.__wrap___aeabi_dcmple
                0x10003cac       0x10 CMakeFiles/i2c_slave.dir/C_/Program_Files/Raspberry_Pi/Pico_SDK_v1.5.1/pico-sdk/src/rp2_common/pico_double/double_aeabi.S.obj
                0x10003cac                __wrap___aeabi_dcmple
 .text.__wrap___aeabi_dcmpge
                0x10003cbc       0x10 CMakeFiles/i2c_slave.dir/C_/Program_Files/Raspberry_Pi/Pico_SDK_v1.5.1/pico-sdk/src/rp2_common/pico_double/double_aeabi.S.obj
                0x10003cbc                __wrap___aeabi_dcmpge
 .text.__wrap___aeabi_dcmpgt
                0x10003ccc        0xa CMakeFiles/i2c_slave.dir/C_/Program_Files/Raspberry_Pi/Pico_SDK_v1.5.1/pico-sdk/src/rp2_common/pico_double/double_aeabi.S.obj
                0x10003ccc                __wrap___aeabi_dcmpgt
 .text.__wrap___aeabi_dcmpun
                0x10003cd6       0x1c CMakeFiles/i2c_slave.dir/C_/Program_Files/Raspberry_Pi/Pico_SDK_v1.5.1/pico-sdk/src/rp2_common/pico_double/double_aeabi.S.obj
                0x10003cd6                __wrap___aeabi_dcmpun
 *fill*         0x10003cf2        0x2 
 .text.__wrap___aeabi_i2d
                0x10003cf4       0x38 CMakeFiles/i2c_slave.dir/C_/Program_Files/Raspberry_Pi/Pico_SDK_v1.5.1/pico-sdk/src/rp2_common/pico_double/double_aeabi.S.obj
                0x10003cf4                __wrap___aeabi_ui2d
                0x10003cfc                __wrap___aeabi_i2d
 .text.__wrap___aeabi_d2iz
                0x10003d2c       0x48 CMakeFiles/i2c_slave.dir/C_/Program_Files/Raspberry_Pi/Pico_SDK_v1.5.1/pico-sdk/src/rp2_common/pico_double/double_aeabi.S.obj
                0x10003d2c                double2int_z
                0x10003d2c                __wrap___aeabi_d2iz
 .text.__wrap___aeabi_d2uiz
                0x10003d74       0x18 CMakeFiles/i2c_slave.dir/C_/Program_Files/Raspberry_Pi/Pico_SDK_v1.5.1/pico-sdk/src/rp2_common/pico_double/double_aeabi.S.obj
                0x10003d74                __wrap___aeabi_d2uiz
                0x10003d74                double2uint
 .text.__aeabi_double_init
                0x10003d8c       0xc8 CMakeFiles/i2c_slave.dir/C_/Program_Files/Raspberry_Pi/Pico_SDK_v1.5.1/pico-sdk/src/rp2_common/pico_double/double_init_rom.c.obj
                0x10003d8c                __aeabi_double_init
 .text.double_table_shim_on_use_helper
                0x10003e54       0x34 CMakeFiles/i2c_slave.dir/C_/Program_Files/Raspberry_Pi/Pico_SDK_v1.5.1/pico-sdk/src/rp2_common/pico_double/double_v1_rom_shim.S.obj
                0x10003e54                double_table_shim_on_use_helper
 .text.__wrap___aeabi_dsub
                0x10003e88       0x10 CMakeFiles/i2c_slave.dir/C_/Program_Files/Raspberry_Pi/Pico_SDK_v1.5.1/pico-sdk/src/rp2_common/pico_double/double_v1_rom_shim.S.obj
                0x10003e88                drsub_shim
                0x10003e8e                dsub_shim
 .text.dadd_shim
                0x10003e98      0x15c CMakeFiles/i2c_slave.dir/C_/Program_Files/Raspberry_Pi/Pico_SDK_v1.5.1/pico-sdk/src/rp2_common/pico_double/double_v1_rom_shim.S.obj
                0x10003e98                dadd_shim
 .text.dmul_shim
                0x10003ff4      0x15c CMakeFiles/i2c_slave.dir/C_/Program_Files/Raspberry_Pi/Pico_SDK_v1.5.1/pico-sdk/src/rp2_common/pico_double/double_v1_rom_shim.S.obj
                0x10003ff4                dmul_shim
 .text.ddiv_shim
                0x10004150      0x1b0 CMakeFiles/i2c_slave.dir/C_/Program_Files/Raspberry_Pi/Pico_SDK_v1.5.1/pico-sdk/src/rp2_common/pico_double/double_v1_rom_shim.S.obj
                0x10004150                ddiv_shim
 .text.double2uint_shim
                0x10004300        0xe CMakeFiles/i2c_slave.dir/C_/Program_Files/Raspberry_Pi/Pico_SDK_v1.5.1/pico-sdk/src/rp2_common/pico_double/double_v1_rom_shim.S.obj
                0x10004300                double2uint_shim
                0x10004302                double2ufix_shim
 *fill*         0x1000430e        0x2 
 .text.double2uint64_shim
                0x10004310       0x70 CMakeFiles/i2c_slave.dir/C_/Program_Files/Raspberry_Pi/Pico_SDK_v1.5.1/pico-sdk/src/rp2_common/pico_double/double_v1_rom_shim.S.obj
                0x10004310                double2uint64_shim
                0x10004312                double2ufix64_shim
                0x10004332                d2fix_a
 .text.dunpacks
                0x10004380       0x3c CMakeFiles/i2c_slave.dir/C_/Program_Files/Raspberry_Pi/Pico_SDK_v1.5.1/pico-sdk/src/rp2_common/pico_double/double_v1_rom_shim.S.obj
                0x10004380                dunpacks
 .text.__aeabi_lmul
                0x100043bc       0x32 CMakeFiles/i2c_slave.dir/C_/Program_Files/Raspberry_Pi/Pico_SDK_v1.5.1/pico-sdk/src/rp2_common/pico_int64_ops/pico_int64_ops_aeabi.S.obj
                0x100043bc                __wrap___aeabi_lmul
 *fill*         0x100043ee        0x2 
 .text.__aeabi_float_init
                0x100043f0       0xfc CMakeFiles/i2c_slave.dir/C_/Program_Files/Raspberry_Pi/Pico_SDK_v1.5.1/pico-sdk/src/rp2_common/pico_float/float_init_rom.c.obj
                0x100043f0                __aeabi_float_init
 .text.float_table_shim_on_use_helper
                0x100044ec       0x34 CMakeFiles/i2c_slave.dir/C_/Program_Files/Raspberry_Pi/Pico_SDK_v1.5.1/pico-sdk/src/rp2_common/pico_float/float_v1_rom_shim.S.obj
                0x100044ec                float_table_shim_on_use_helper
 .text          0x10004520       0x10 CMakeFiles/i2c_slave.dir/C_/Program_Files/Raspberry_Pi/Pico_SDK_v1.5.1/pico-sdk/src/rp2_common/pico_mem_ops/mem_ops_aeabi.S.obj
                0x10004520                __aeabi_mem_init
 .text.memset   0x10004530        0xc CMakeFiles/i2c_slave.dir/C_/Program_Files/Raspberry_Pi/Pico_SDK_v1.5.1/pico-sdk/src/rp2_common/pico_mem_ops/mem_ops_aeabi.S.obj
                0x10004530                __wrap_memset
 .text.memcpy   0x1000453c        0xc CMakeFiles/i2c_slave.dir/C_/Program_Files/Raspberry_Pi/Pico_SDK_v1.5.1/pico-sdk/src/rp2_common/pico_mem_ops/mem_ops_aeabi.S.obj
                0x1000453c                __wrap_memcpy
                0x1000453c                __wrap___aeabi_memcpy
 .text.stdio_out_chars_no_crlf
                0x10004548        0xe CMakeFiles/i2c_slave.dir/C_/Program_Files/Raspberry_Pi/Pico_SDK_v1.5.1/pico-sdk/src/rp2_common/pico_stdio/stdio.c.obj
 *fill*         0x10004556        0x2 
 .text.stdio_out_chars_crlf
                0x10004558       0x80 CMakeFiles/i2c_slave.dir/C_/Program_Files/Raspberry_Pi/Pico_SDK_v1.5.1/pico-sdk/src/rp2_common/pico_stdio/stdio.c.obj
 .text.stdio_stack_buffer_flush
                0x100045d8       0x44 CMakeFiles/i2c_slave.dir/C_/Program_Files/Raspberry_Pi/Pico_SDK_v1.5.1/pico-sdk/src/rp2_common/pico_stdio/stdio.c.obj
 .text.stdio_buffered_printer
                0x1000461c       0x20 CMakeFiles/i2c_slave.dir/C_/Program_Files/Raspberry_Pi/Pico_SDK_v1.5.1/pico-sdk/src/rp2_common/pico_stdio/stdio.c.obj
 .text.stdout_serialize_begin
                0x1000463c       0x5c CMakeFiles/i2c_slave.dir/C_/Program_Files/Raspberry_Pi/Pico_SDK_v1.5.1/pico-sdk/src/rp2_common/pico_stdio/stdio.c.obj
                0x1000463c                stdout_serialize_begin
 .text.stdout_serialize_end
                0x10004698       0x10 CMakeFiles/i2c_slave.dir/C_/Program_Files/Raspberry_Pi/Pico_SDK_v1.5.1/pico-sdk/src/rp2_common/pico_stdio/stdio.c.obj
                0x10004698                stdout_serialize_end
 .text.stdio_put_string
                0x100046a8       0x98 CMakeFiles/i2c_slave.dir/C_/Program_Files/Raspberry_Pi/Pico_SDK_v1.5.1/pico-sdk/src/rp2_common/pico_stdio/stdio.c.obj
 .text.stdio_set_driver_enabled
                0x10004740       0x2c CMakeFiles/i2c_slave.dir/C_/Program_Files/Raspberry_Pi/Pico_SDK_v1.5.1/pico-sdk/src/rp2_common/pico_stdio/stdio.c.obj
                0x10004740                stdio_set_driver_enabled
 .text.stdio_flush
                0x1000476c       0x20 CMakeFiles/i2c_slave.dir/C_/Program_Files/Raspberry_Pi/Pico_SDK_v1.5.1/pico-sdk/src/rp2_common/pico_stdio/stdio.c.obj
                0x1000476c                stdio_flush
 .text.__wrap_puts
                0x1000478c       0x1e CMakeFiles/i2c_slave.dir/C_/Program_Files/Raspberry_Pi/Pico_SDK_v1.5.1/pico-sdk/src/rp2_common/pico_stdio/stdio.c.obj
                0x1000478c                __wrap_puts
 *fill*         0x100047aa        0x2 
 .text.__wrap_vprintf
                0x100047ac       0x40 CMakeFiles/i2c_slave.dir/C_/Program_Files/Raspberry_Pi/Pico_SDK_v1.5.1/pico-sdk/src/rp2_common/pico_stdio/stdio.c.obj
                0x100047ac                __wrap_vprintf
 .text.__wrap_printf
                0x100047ec       0x18 CMakeFiles/i2c_slave.dir/C_/Program_Files/Raspberry_Pi/Pico_SDK_v1.5.1/pico-sdk/src/rp2_common/pico_stdio/stdio.c.obj
                0x100047ec                __wrap_printf
 .text.stdio_init_all
                0x10004804        0xe CMakeFiles/i2c_slave.dir/C_/Program_Files/Raspberry_Pi/Pico_SDK_v1.5.1/pico-sdk/src/rp2_common/pico_stdio/stdio.c.obj
                0x10004804                stdio_init_all
 *fill*         0x10004812        0x2 
 .text.stdio_uart_out_chars
                0x10004814       0x74 CMakeFiles/i2c_slave.dir/C_/Program_Files/Raspberry_Pi/Pico_SDK_v1.5.1/pico-sdk/src/rp2_common/pico_stdio_uart/stdio_uart.c.obj
 .text.stdio_uart_in_chars
                0x10004888       0x80 CMakeFiles/i2c_slave.dir/C_/Program_Files/Raspberry_Pi/Pico_SDK_v1.5.1/pico-sdk/src/rp2_common/pico_stdio_uart/stdio_uart.c.obj
                0x10004888                stdio_uart_in_chars
 .text.on_uart_rx
                0x10004908       0x28 CMakeFiles/i2c_slave.dir/C_/Program_Files/Raspberry_Pi/Pico_SDK_v1.5.1/pico-sdk/src/rp2_common/pico_stdio_uart/stdio_uart.c.obj
 .text.stdio_uart_set_chars_available_callback
                0x10004930       0x8c CMakeFiles/i2c_slave.dir/C_/Program_Files/Raspberry_Pi/Pico_SDK_v1.5.1/pico-sdk/src/rp2_common/pico_stdio_uart/stdio_uart.c.obj
 .text.stdio_uart_init_full
                0x100049bc       0x44 CMakeFiles/i2c_slave.dir/C_/Program_Files/Raspberry_Pi/Pico_SDK_v1.5.1/pico-sdk/src/rp2_common/pico_stdio_uart/stdio_uart.c.obj
                0x100049bc                stdio_uart_init_full
 .text.stdio_uart_init
                0x10004a00       0x28 CMakeFiles/i2c_slave.dir/C_/Program_Files/Raspberry_Pi/Pico_SDK_v1.5.1/pico-sdk/src/rp2_common/pico_stdio_uart/stdio_uart.c.obj
                0x10004a00                stdio_uart_init
 .text.resetd_init
                0x10004a28        0x2 CMakeFiles/i2c_slave.dir/C_/Program_Files/Raspberry_Pi/Pico_SDK_v1.5.1/pico-sdk/src/rp2_common/pico_stdio_usb/reset_interface.c.obj
 *fill*         0x10004a2a        0x2 
 .text.resetd_reset
                0x10004a2c        0xc CMakeFiles/i2c_slave.dir/C_/Program_Files/Raspberry_Pi/Pico_SDK_v1.5.1/pico-sdk/src/rp2_common/pico_stdio_usb/reset_interface.c.obj
 .text.resetd_open
                0x10004a38       0x34 CMakeFiles/i2c_slave.dir/C_/Program_Files/Raspberry_Pi/Pico_SDK_v1.5.1/pico-sdk/src/rp2_common/pico_stdio_usb/reset_interface.c.obj
 .text.resetd_xfer_cb
                0x10004a6c        0x4 CMakeFiles/i2c_slave.dir/C_/Program_Files/Raspberry_Pi/Pico_SDK_v1.5.1/pico-sdk/src/rp2_common/pico_stdio_usb/reset_interface.c.obj
 .text.reset_usb_boot
                0x10004a70       0x18 CMakeFiles/i2c_slave.dir/C_/Program_Files/Raspberry_Pi/Pico_SDK_v1.5.1/pico-sdk/src/rp2_common/pico_stdio_usb/reset_interface.c.obj
 .text.resetd_control_xfer_cb
                0x10004a88       0x5c CMakeFiles/i2c_slave.dir/C_/Program_Files/Raspberry_Pi/Pico_SDK_v1.5.1/pico-sdk/src/rp2_common/pico_stdio_usb/reset_interface.c.obj
 .text.usbd_app_driver_get_cb
                0x10004ae4        0xc CMakeFiles/i2c_slave.dir/C_/Program_Files/Raspberry_Pi/Pico_SDK_v1.5.1/pico-sdk/src/rp2_common/pico_stdio_usb/reset_interface.c.obj
                0x10004ae4                usbd_app_driver_get_cb
 .text.tud_cdc_line_coding_cb
                0x10004af0       0x28 CMakeFiles/i2c_slave.dir/C_/Program_Files/Raspberry_Pi/Pico_SDK_v1.5.1/pico-sdk/src/rp2_common/pico_stdio_usb/reset_interface.c.obj
                0x10004af0                tud_cdc_line_coding_cb
 .text.stdio_usb_set_chars_available_callback
                0x10004b18       0x14 CMakeFiles/i2c_slave.dir/C_/Program_Files/Raspberry_Pi/Pico_SDK_v1.5.1/pico-sdk/src/rp2_common/pico_stdio_usb/stdio_usb.c.obj
                0x10004b18                stdio_usb_set_chars_available_callback
 .text.usb_irq  0x10004b2c       0x10 CMakeFiles/i2c_slave.dir/C_/Program_Files/Raspberry_Pi/Pico_SDK_v1.5.1/pico-sdk/src/rp2_common/pico_stdio_usb/stdio_usb.c.obj
 .text.timer_task
                0x10004b3c       0x5c CMakeFiles/i2c_slave.dir/C_/Program_Files/Raspberry_Pi/Pico_SDK_v1.5.1/pico-sdk/src/rp2_common/pico_stdio_usb/stdio_usb.c.obj
 .text.low_priority_worker_irq
                0x10004b98       0xdc CMakeFiles/i2c_slave.dir/C_/Program_Files/Raspberry_Pi/Pico_SDK_v1.5.1/pico-sdk/src/rp2_common/pico_stdio_usb/stdio_usb.c.obj
 .text.tud_cdc_rx_cb
                0x10004c74       0x20 CMakeFiles/i2c_slave.dir/C_/Program_Files/Raspberry_Pi/Pico_SDK_v1.5.1/pico-sdk/src/rp2_common/pico_stdio_usb/stdio_usb.c.obj
                0x10004c74                tud_cdc_rx_cb
 .text.stdio_usb_init
                0x10004c94      0x11c CMakeFiles/i2c_slave.dir/C_/Program_Files/Raspberry_Pi/Pico_SDK_v1.5.1/pico-sdk/src/rp2_common/pico_stdio_usb/stdio_usb.c.obj
                0x10004c94                stdio_usb_init
 .text.stdio_usb_connected
                0x10004db0        0xa CMakeFiles/i2c_slave.dir/C_/Program_Files/Raspberry_Pi/Pico_SDK_v1.5.1/pico-sdk/src/rp2_common/pico_stdio_usb/stdio_usb.c.obj
                0x10004db0                stdio_usb_connected
 *fill*         0x10004dba        0x2 
 .text.stdio_usb_in_chars
                0x10004dbc       0xc4 CMakeFiles/i2c_slave.dir/C_/Program_Files/Raspberry_Pi/Pico_SDK_v1.5.1/pico-sdk/src/rp2_common/pico_stdio_usb/stdio_usb.c.obj
                0x10004dbc                stdio_usb_in_chars
 .text.stdio_usb_out_chars
                0x10004e80      0x114 CMakeFiles/i2c_slave.dir/C_/Program_Files/Raspberry_Pi/Pico_SDK_v1.5.1/pico-sdk/src/rp2_common/pico_stdio_usb/stdio_usb.c.obj
 .text.tud_descriptor_device_cb
                0x10004f94        0x8 CMakeFiles/i2c_slave.dir/C_/Program_Files/Raspberry_Pi/Pico_SDK_v1.5.1/pico-sdk/src/rp2_common/pico_stdio_usb/stdio_usb_descriptors.c.obj
                0x10004f94                tud_descriptor_device_cb
 .text.tud_descriptor_configuration_cb
                0x10004f9c        0x8 CMakeFiles/i2c_slave.dir/C_/Program_Files/Raspberry_Pi/Pico_SDK_v1.5.1/pico-sdk/src/rp2_common/pico_stdio_usb/stdio_usb_descriptors.c.obj
                0x10004f9c                tud_descriptor_configuration_cb
 .text.tud_descriptor_string_cb
                0x10004fa4       0x6c CMakeFiles/i2c_slave.dir/C_/Program_Files/Raspberry_Pi/Pico_SDK_v1.5.1/pico-sdk/src/rp2_common/pico_stdio_usb/stdio_usb_descriptors.c.obj
                0x10004fa4                tud_descriptor_string_cb
 .text._retrieve_unique_id_on_boot
                0x10005010       0x10 CMakeFiles/i2c_slave.dir/C_/Program_Files/Raspberry_Pi/Pico_SDK_v1.5.1/pico-sdk/src/rp2_common/pico_unique_id/unique_id.c.obj
 .text.pico_get_unique_board_id_string
                0x10005020       0x60 CMakeFiles/i2c_slave.dir/C_/Program_Files/Raspberry_Pi/Pico_SDK_v1.5.1/pico-sdk/src/rp2_common/pico_unique_id/unique_id.c.obj
                0x10005020                pico_get_unique_board_id_string
 .text.flash_get_unique_id
                0x10005080       0x46 CMakeFiles/i2c_slave.dir/C_/Program_Files/Raspberry_Pi/Pico_SDK_v1.5.1/pico-sdk/src/rp2_common/hardware_flash/flash.c.obj
                0x10005080                flash_get_unique_id
 *fill*         0x100050c6        0x2 
 .text.hw_endpoint_get_by_addr
                0x100050c8       0x18 CMakeFiles/i2c_slave.dir/C_/Program_Files/Raspberry_Pi/Pico_SDK_v1.5.1/pico-sdk/lib/tinyusb/src/portable/raspberrypi/rp2040/dcd_rp2040.c.obj
 .text._hw_endpoint_alloc
                0x100050e0       0x70 CMakeFiles/i2c_slave.dir/C_/Program_Files/Raspberry_Pi/Pico_SDK_v1.5.1/pico-sdk/lib/tinyusb/src/portable/raspberrypi/rp2040/dcd_rp2040.c.obj
 .text.hw_endpoint_init
                0x10005150       0x88 CMakeFiles/i2c_slave.dir/C_/Program_Files/Raspberry_Pi/Pico_SDK_v1.5.1/pico-sdk/lib/tinyusb/src/portable/raspberrypi/rp2040/dcd_rp2040.c.obj
 .text.hw_endpoint_xfer
                0x100051d8       0x14 CMakeFiles/i2c_slave.dir/C_/Program_Files/Raspberry_Pi/Pico_SDK_v1.5.1/pico-sdk/lib/tinyusb/src/portable/raspberrypi/rp2040/dcd_rp2040.c.obj
 .text.dcd_int_enable
                0x100051ec       0x2c CMakeFiles/i2c_slave.dir/C_/Program_Files/Raspberry_Pi/Pico_SDK_v1.5.1/pico-sdk/lib/tinyusb/src/portable/raspberrypi/rp2040/dcd_rp2040.c.obj
                0x100051ec                dcd_int_enable
 .text.dcd_set_address
                0x10005218       0x2c CMakeFiles/i2c_slave.dir/C_/Program_Files/Raspberry_Pi/Pico_SDK_v1.5.1/pico-sdk/lib/tinyusb/src/portable/raspberrypi/rp2040/dcd_rp2040.c.obj
                0x10005218                dcd_set_address
 .text.dcd_connect
                0x10005244       0x10 CMakeFiles/i2c_slave.dir/C_/Program_Files/Raspberry_Pi/Pico_SDK_v1.5.1/pico-sdk/lib/tinyusb/src/portable/raspberrypi/rp2040/dcd_rp2040.c.obj
                0x10005244                dcd_connect
 .text.dcd_init
                0x10005254       0x80 CMakeFiles/i2c_slave.dir/C_/Program_Files/Raspberry_Pi/Pico_SDK_v1.5.1/pico-sdk/lib/tinyusb/src/portable/raspberrypi/rp2040/dcd_rp2040.c.obj
                0x10005254                dcd_init
 .text.dcd_edpt0_status_complete
                0x100052d4       0x1c CMakeFiles/i2c_slave.dir/C_/Program_Files/Raspberry_Pi/Pico_SDK_v1.5.1/pico-sdk/lib/tinyusb/src/portable/raspberrypi/rp2040/dcd_rp2040.c.obj
                0x100052d4                dcd_edpt0_status_complete
 .text.dcd_edpt_open
                0x100052f0       0x40 CMakeFiles/i2c_slave.dir/C_/Program_Files/Raspberry_Pi/Pico_SDK_v1.5.1/pico-sdk/lib/tinyusb/src/portable/raspberrypi/rp2040/dcd_rp2040.c.obj
                0x100052f0                dcd_edpt_open
 .text.dcd_edpt_close_all
                0x10005330        0x8 CMakeFiles/i2c_slave.dir/C_/Program_Files/Raspberry_Pi/Pico_SDK_v1.5.1/pico-sdk/lib/tinyusb/src/portable/raspberrypi/rp2040/dcd_rp2040.c.obj
                0x10005330                dcd_edpt_close_all
 .text.dcd_edpt_xfer
                0x10005338       0x34 CMakeFiles/i2c_slave.dir/C_/Program_Files/Raspberry_Pi/Pico_SDK_v1.5.1/pico-sdk/lib/tinyusb/src/portable/raspberrypi/rp2040/dcd_rp2040.c.obj
                0x10005338                dcd_edpt_xfer
 .text.dcd_edpt_stall
                0x1000536c       0x2c CMakeFiles/i2c_slave.dir/C_/Program_Files/Raspberry_Pi/Pico_SDK_v1.5.1/pico-sdk/lib/tinyusb/src/portable/raspberrypi/rp2040/dcd_rp2040.c.obj
                0x1000536c                dcd_edpt_stall
 .text.dcd_edpt_clear_stall
                0x10005398       0x20 CMakeFiles/i2c_slave.dir/C_/Program_Files/Raspberry_Pi/Pico_SDK_v1.5.1/pico-sdk/lib/tinyusb/src/portable/raspberrypi/rp2040/dcd_rp2040.c.obj
                0x10005398                dcd_edpt_clear_stall
 .text.rp2040_usb_init
                0x100053b8       0x4c CMakeFiles/i2c_slave.dir/C_/Program_Files/Raspberry_Pi/Pico_SDK_v1.5.1/pico-sdk/lib/tinyusb/src/portable/raspberrypi/rp2040/rp2040_usb.c.obj
                0x100053b8                rp2040_usb_init
 .text.hw_endpoint_xfer_start
                0x10005404       0x50 CMakeFiles/i2c_slave.dir/C_/Program_Files/Raspberry_Pi/Pico_SDK_v1.5.1/pico-sdk/lib/tinyusb/src/portable/raspberrypi/rp2040/rp2040_usb.c.obj
                0x10005404                hw_endpoint_xfer_start
 .text.configuration_reset
                0x10005454       0x84 CMakeFiles/i2c_slave.dir/C_/Program_Files/Raspberry_Pi/Pico_SDK_v1.5.1/pico-sdk/lib/tinyusb/src/device/usbd.c.obj
 .text.usbd_reset
                0x100054d8        0xc CMakeFiles/i2c_slave.dir/C_/Program_Files/Raspberry_Pi/Pico_SDK_v1.5.1/pico-sdk/lib/tinyusb/src/device/usbd.c.obj
 .text.invoke_class_control
                0x100054e4       0x1a CMakeFiles/i2c_slave.dir/C_/Program_Files/Raspberry_Pi/Pico_SDK_v1.5.1/pico-sdk/lib/tinyusb/src/device/usbd.c.obj
 *fill*         0x100054fe        0x2 
 .text.process_set_config
                0x10005500      0x178 CMakeFiles/i2c_slave.dir/C_/Program_Files/Raspberry_Pi/Pico_SDK_v1.5.1/pico-sdk/lib/tinyusb/src/device/usbd.c.obj
 .text.process_get_descriptor
                0x10005678       0xdc CMakeFiles/i2c_slave.dir/C_/Program_Files/Raspberry_Pi/Pico_SDK_v1.5.1/pico-sdk/lib/tinyusb/src/device/usbd.c.obj
 .text.tud_mounted
                0x10005754       0x10 CMakeFiles/i2c_slave.dir/C_/Program_Files/Raspberry_Pi/Pico_SDK_v1.5.1/pico-sdk/lib/tinyusb/src/device/usbd.c.obj
                0x10005754                tud_mounted
 .text.tud_suspended
                0x10005764       0x10 CMakeFiles/i2c_slave.dir/C_/Program_Files/Raspberry_Pi/Pico_SDK_v1.5.1/pico-sdk/lib/tinyusb/src/device/usbd.c.obj
                0x10005764                tud_suspended
 .text.tud_inited
                0x10005774       0x14 CMakeFiles/i2c_slave.dir/C_/Program_Files/Raspberry_Pi/Pico_SDK_v1.5.1/pico-sdk/lib/tinyusb/src/device/usbd.c.obj
                0x10005774                tud_inited
 .text.tud_init
                0x10005788       0xcc CMakeFiles/i2c_slave.dir/C_/Program_Files/Raspberry_Pi/Pico_SDK_v1.5.1/pico-sdk/lib/tinyusb/src/device/usbd.c.obj
                0x10005788                tud_init
 .text.usbd_defer_func
                0x10005854       0x2a CMakeFiles/i2c_slave.dir/C_/Program_Files/Raspberry_Pi/Pico_SDK_v1.5.1/pico-sdk/lib/tinyusb/src/device/usbd.c.obj
                0x10005854                usbd_defer_func
 *fill*         0x1000587e        0x2 
 .text.usbd_edpt_open
                0x10005880       0x34 CMakeFiles/i2c_slave.dir/C_/Program_Files/Raspberry_Pi/Pico_SDK_v1.5.1/pico-sdk/lib/tinyusb/src/device/usbd.c.obj
                0x10005880                usbd_edpt_open
 .text.usbd_open_edpt_pair
                0x100058b4       0x62 CMakeFiles/i2c_slave.dir/C_/Program_Files/Raspberry_Pi/Pico_SDK_v1.5.1/pico-sdk/lib/tinyusb/src/device/usbd.c.obj
                0x100058b4                usbd_open_edpt_pair
 *fill*         0x10005916        0x2 
 .text.usbd_edpt_claim
                0x10005918       0x28 CMakeFiles/i2c_slave.dir/C_/Program_Files/Raspberry_Pi/Pico_SDK_v1.5.1/pico-sdk/lib/tinyusb/src/device/usbd.c.obj
                0x10005918                usbd_edpt_claim
 .text.usbd_edpt_release
                0x10005940       0x28 CMakeFiles/i2c_slave.dir/C_/Program_Files/Raspberry_Pi/Pico_SDK_v1.5.1/pico-sdk/lib/tinyusb/src/device/usbd.c.obj
                0x10005940                usbd_edpt_release
 .text.usbd_edpt_xfer
                0x10005968       0x78 CMakeFiles/i2c_slave.dir/C_/Program_Files/Raspberry_Pi/Pico_SDK_v1.5.1/pico-sdk/lib/tinyusb/src/device/usbd.c.obj
                0x10005968                usbd_edpt_xfer
 .text.usbd_edpt_stall
                0x100059e0       0x48 CMakeFiles/i2c_slave.dir/C_/Program_Files/Raspberry_Pi/Pico_SDK_v1.5.1/pico-sdk/lib/tinyusb/src/device/usbd.c.obj
                0x100059e0                usbd_edpt_stall
 .text.usbd_edpt_clear_stall
                0x10005a28       0x48 CMakeFiles/i2c_slave.dir/C_/Program_Files/Raspberry_Pi/Pico_SDK_v1.5.1/pico-sdk/lib/tinyusb/src/device/usbd.c.obj
                0x10005a28                usbd_edpt_clear_stall
 .text.usbd_edpt_stalled
                0x10005a70       0x1c CMakeFiles/i2c_slave.dir/C_/Program_Files/Raspberry_Pi/Pico_SDK_v1.5.1/pico-sdk/lib/tinyusb/src/device/usbd.c.obj
                0x10005a70                usbd_edpt_stalled
 .text.process_control_request
                0x10005a8c      0x37c CMakeFiles/i2c_slave.dir/C_/Program_Files/Raspberry_Pi/Pico_SDK_v1.5.1/pico-sdk/lib/tinyusb/src/device/usbd.c.obj
 .text.tud_task_ext
                0x10005e08      0x1b8 CMakeFiles/i2c_slave.dir/C_/Program_Files/Raspberry_Pi/Pico_SDK_v1.5.1/pico-sdk/lib/tinyusb/src/device/usbd.c.obj
                0x10005e08                tud_task_ext
 .text._data_stage_xact
                0x10005fc0       0x58 CMakeFiles/i2c_slave.dir/C_/Program_Files/Raspberry_Pi/Pico_SDK_v1.5.1/pico-sdk/lib/tinyusb/src/device/usbd_control.c.obj
 .text.tud_control_status
                0x10006018       0x38 CMakeFiles/i2c_slave.dir/C_/Program_Files/Raspberry_Pi/Pico_SDK_v1.5.1/pico-sdk/lib/tinyusb/src/device/usbd_control.c.obj
                0x10006018                tud_control_status
 .text.tud_control_xfer
                0x10006050       0x74 CMakeFiles/i2c_slave.dir/C_/Program_Files/Raspberry_Pi/Pico_SDK_v1.5.1/pico-sdk/lib/tinyusb/src/device/usbd_control.c.obj
                0x10006050                tud_control_xfer
 .text.usbd_control_reset
                0x100060c4       0x14 CMakeFiles/i2c_slave.dir/C_/Program_Files/Raspberry_Pi/Pico_SDK_v1.5.1/pico-sdk/lib/tinyusb/src/device/usbd_control.c.obj
                0x100060c4                usbd_control_reset
 .text.usbd_control_set_complete_callback
                0x100060d8        0xc CMakeFiles/i2c_slave.dir/C_/Program_Files/Raspberry_Pi/Pico_SDK_v1.5.1/pico-sdk/lib/tinyusb/src/device/usbd_control.c.obj
                0x100060d8                usbd_control_set_complete_callback
 .text.usbd_control_set_request
                0x100060e4       0x1c CMakeFiles/i2c_slave.dir/C_/Program_Files/Raspberry_Pi/Pico_SDK_v1.5.1/pico-sdk/lib/tinyusb/src/device/usbd_control.c.obj
                0x100060e4                usbd_control_set_request
 .text.usbd_control_xfer_cb
                0x10006100       0xcc CMakeFiles/i2c_slave.dir/C_/Program_Files/Raspberry_Pi/Pico_SDK_v1.5.1/pico-sdk/lib/tinyusb/src/device/usbd_control.c.obj
                0x10006100                usbd_control_xfer_cb
 .text._prep_out_transaction
                0x100061cc       0x4a CMakeFiles/i2c_slave.dir/C_/Program_Files/Raspberry_Pi/Pico_SDK_v1.5.1/pico-sdk/lib/tinyusb/src/class/cdc/cdc_device.c.obj
 *fill*         0x10006216        0x2 
 .text.tud_cdc_n_connected
                0x10006218       0x44 CMakeFiles/i2c_slave.dir/C_/Program_Files/Raspberry_Pi/Pico_SDK_v1.5.1/pico-sdk/lib/tinyusb/src/class/cdc/cdc_device.c.obj
                0x10006218                tud_cdc_n_connected
 .text.tud_cdc_n_available
                0x1000625c       0x18 CMakeFiles/i2c_slave.dir/C_/Program_Files/Raspberry_Pi/Pico_SDK_v1.5.1/pico-sdk/lib/tinyusb/src/class/cdc/cdc_device.c.obj
                0x1000625c                tud_cdc_n_available
 .text.tud_cdc_n_read
                0x10006274       0x28 CMakeFiles/i2c_slave.dir/C_/Program_Files/Raspberry_Pi/Pico_SDK_v1.5.1/pico-sdk/lib/tinyusb/src/class/cdc/cdc_device.c.obj
                0x10006274                tud_cdc_n_read
 .text.tud_cdc_n_write_flush
                0x1000629c       0xb8 CMakeFiles/i2c_slave.dir/C_/Program_Files/Raspberry_Pi/Pico_SDK_v1.5.1/pico-sdk/lib/tinyusb/src/class/cdc/cdc_device.c.obj
                0x1000629c                tud_cdc_n_write_flush
 .text.tud_cdc_n_write
                0x10006354       0x38 CMakeFiles/i2c_slave.dir/C_/Program_Files/Raspberry_Pi/Pico_SDK_v1.5.1/pico-sdk/lib/tinyusb/src/class/cdc/cdc_device.c.obj
                0x10006354                tud_cdc_n_write
 .text.tud_cdc_n_write_available
                0x1000638c       0x1c CMakeFiles/i2c_slave.dir/C_/Program_Files/Raspberry_Pi/Pico_SDK_v1.5.1/pico-sdk/lib/tinyusb/src/class/cdc/cdc_device.c.obj
                0x1000638c                tud_cdc_n_write_available
 .text.cdcd_init
                0x100063a8       0xbc CMakeFiles/i2c_slave.dir/C_/Program_Files/Raspberry_Pi/Pico_SDK_v1.5.1/pico-sdk/lib/tinyusb/src/class/cdc/cdc_device.c.obj
                0x100063a8                cdcd_init
 .text.cdcd_reset
                0x10006464       0x44 CMakeFiles/i2c_slave.dir/C_/Program_Files/Raspberry_Pi/Pico_SDK_v1.5.1/pico-sdk/lib/tinyusb/src/class/cdc/cdc_device.c.obj
                0x10006464                cdcd_reset
 .text.cdcd_open
                0x100064a8       0xcc CMakeFiles/i2c_slave.dir/C_/Program_Files/Raspberry_Pi/Pico_SDK_v1.5.1/pico-sdk/lib/tinyusb/src/class/cdc/cdc_device.c.obj
                0x100064a8                cdcd_open
 .text.cdcd_control_xfer_cb
                0x10006574      0x134 CMakeFiles/i2c_slave.dir/C_/Program_Files/Raspberry_Pi/Pico_SDK_v1.5.1/pico-sdk/lib/tinyusb/src/class/cdc/cdc_device.c.obj
                0x10006574                cdcd_control_xfer_cb
 .text.cdcd_xfer_cb
                0x100066a8      0x130 CMakeFiles/i2c_slave.dir/C_/Program_Files/Raspberry_Pi/Pico_SDK_v1.5.1/pico-sdk/lib/tinyusb/src/class/cdc/cdc_device.c.obj
                0x100066a8                cdcd_xfer_cb
 .text.tusb_init
                0x100067d8        0xa CMakeFiles/i2c_slave.dir/C_/Program_Files/Raspberry_Pi/Pico_SDK_v1.5.1/pico-sdk/lib/tinyusb/src/tusb.c.obj
                0x100067d8                tusb_init
 .text.tusb_inited
                0x100067e2        0xe CMakeFiles/i2c_slave.dir/C_/Program_Files/Raspberry_Pi/Pico_SDK_v1.5.1/pico-sdk/lib/tinyusb/src/tusb.c.obj
                0x100067e2                tusb_inited
 .text.tu_edpt_claim
                0x100067f0       0x50 CMakeFiles/i2c_slave.dir/C_/Program_Files/Raspberry_Pi/Pico_SDK_v1.5.1/pico-sdk/lib/tinyusb/src/tusb.c.obj
                0x100067f0                tu_edpt_claim
 .text.tu_edpt_release
                0x10006840       0x3c CMakeFiles/i2c_slave.dir/C_/Program_Files/Raspberry_Pi/Pico_SDK_v1.5.1/pico-sdk/lib/tinyusb/src/tusb.c.obj
                0x10006840                tu_edpt_release
 .text.tu_edpt_validate
                0x1000687c       0x78 CMakeFiles/i2c_slave.dir/C_/Program_Files/Raspberry_Pi/Pico_SDK_v1.5.1/pico-sdk/lib/tinyusb/src/tusb.c.obj
                0x1000687c                tu_edpt_validate
 .text.tu_edpt_bind_driver
                0x100068f4       0x26 CMakeFiles/i2c_slave.dir/C_/Program_Files/Raspberry_Pi/Pico_SDK_v1.5.1/pico-sdk/lib/tinyusb/src/tusb.c.obj
                0x100068f4                tu_edpt_bind_driver
 .text.advance_index
                0x1000691a       0x1a CMakeFiles/i2c_slave.dir/C_/Program_Files/Raspberry_Pi/Pico_SDK_v1.5.1/pico-sdk/lib/tinyusb/src/common/tusb_fifo.c.obj
 .text._tu_fifo_peek
                0x10006934       0x56 CMakeFiles/i2c_slave.dir/C_/Program_Files/Raspberry_Pi/Pico_SDK_v1.5.1/pico-sdk/lib/tinyusb/src/common/tusb_fifo.c.obj
 .text._ff_pull_const_addr
                0x1000698a       0x4c CMakeFiles/i2c_slave.dir/C_/Program_Files/Raspberry_Pi/Pico_SDK_v1.5.1/pico-sdk/lib/tinyusb/src/common/tusb_fifo.c.obj
 .text._ff_pull_n
                0x100069d6      0x110 CMakeFiles/i2c_slave.dir/C_/Program_Files/Raspberry_Pi/Pico_SDK_v1.5.1/pico-sdk/lib/tinyusb/src/common/tusb_fifo.c.obj
 .text._tu_fifo_peek_n
                0x10006ae6       0x6a CMakeFiles/i2c_slave.dir/C_/Program_Files/Raspberry_Pi/Pico_SDK_v1.5.1/pico-sdk/lib/tinyusb/src/common/tusb_fifo.c.obj
 .text._tu_fifo_read_n
                0x10006b50       0x4e CMakeFiles/i2c_slave.dir/C_/Program_Files/Raspberry_Pi/Pico_SDK_v1.5.1/pico-sdk/lib/tinyusb/src/common/tusb_fifo.c.obj
 .text._ff_push_const_addr
                0x10006b9e       0x40 CMakeFiles/i2c_slave.dir/C_/Program_Files/Raspberry_Pi/Pico_SDK_v1.5.1/pico-sdk/lib/tinyusb/src/common/tusb_fifo.c.obj
 .text._ff_push_n
                0x10006bde      0x10c CMakeFiles/i2c_slave.dir/C_/Program_Files/Raspberry_Pi/Pico_SDK_v1.5.1/pico-sdk/lib/tinyusb/src/common/tusb_fifo.c.obj
 .text._tu_fifo_write_n
                0x10006cea       0xf0 CMakeFiles/i2c_slave.dir/C_/Program_Files/Raspberry_Pi/Pico_SDK_v1.5.1/pico-sdk/lib/tinyusb/src/common/tusb_fifo.c.obj
 .text.tu_fifo_config
                0x10006dda       0x7c CMakeFiles/i2c_slave.dir/C_/Program_Files/Raspberry_Pi/Pico_SDK_v1.5.1/pico-sdk/lib/tinyusb/src/common/tusb_fifo.c.obj
                0x10006dda                tu_fifo_config
 .text.tu_fifo_count
                0x10006e56       0x2a CMakeFiles/i2c_slave.dir/C_/Program_Files/Raspberry_Pi/Pico_SDK_v1.5.1/pico-sdk/lib/tinyusb/src/common/tusb_fifo.c.obj
                0x10006e56                tu_fifo_count
 .text.tu_fifo_empty
                0x10006e80       0x10 CMakeFiles/i2c_slave.dir/C_/Program_Files/Raspberry_Pi/Pico_SDK_v1.5.1/pico-sdk/lib/tinyusb/src/common/tusb_fifo.c.obj
                0x10006e80                tu_fifo_empty
 .text.tu_fifo_full
                0x10006e90       0x28 CMakeFiles/i2c_slave.dir/C_/Program_Files/Raspberry_Pi/Pico_SDK_v1.5.1/pico-sdk/lib/tinyusb/src/common/tusb_fifo.c.obj
                0x10006e90                tu_fifo_full
 .text.tu_fifo_remaining
                0x10006eb8       0x2c CMakeFiles/i2c_slave.dir/C_/Program_Files/Raspberry_Pi/Pico_SDK_v1.5.1/pico-sdk/lib/tinyusb/src/common/tusb_fifo.c.obj
                0x10006eb8                tu_fifo_remaining
 .text.tu_fifo_read
                0x10006ee4       0x42 CMakeFiles/i2c_slave.dir/C_/Program_Files/Raspberry_Pi/Pico_SDK_v1.5.1/pico-sdk/lib/tinyusb/src/common/tusb_fifo.c.obj
                0x10006ee4                tu_fifo_read
 .text.tu_fifo_read_n
                0x10006f26        0xa CMakeFiles/i2c_slave.dir/C_/Program_Files/Raspberry_Pi/Pico_SDK_v1.5.1/pico-sdk/lib/tinyusb/src/common/tusb_fifo.c.obj
                0x10006f26                tu_fifo_read_n
 .text.tu_fifo_write
                0x10006f30       0x64 CMakeFiles/i2c_slave.dir/C_/Program_Files/Raspberry_Pi/Pico_SDK_v1.5.1/pico-sdk/lib/tinyusb/src/common/tusb_fifo.c.obj
                0x10006f30                tu_fifo_write
 .text.tu_fifo_write_n
                0x10006f94        0xa CMakeFiles/i2c_slave.dir/C_/Program_Files/Raspberry_Pi/Pico_SDK_v1.5.1/pico-sdk/lib/tinyusb/src/common/tusb_fifo.c.obj
                0x10006f94                tu_fifo_write_n
 .text.tu_fifo_clear
                0x10006f9e       0x3e CMakeFiles/i2c_slave.dir/C_/Program_Files/Raspberry_Pi/Pico_SDK_v1.5.1/pico-sdk/lib/tinyusb/src/common/tusb_fifo.c.obj
                0x10006f9e                tu_fifo_clear
 .text.tu_fifo_set_overwritable
                0x10006fdc       0x46 CMakeFiles/i2c_slave.dir/C_/Program_Files/Raspberry_Pi/Pico_SDK_v1.5.1/pico-sdk/lib/tinyusb/src/common/tusb_fifo.c.obj
                0x10006fdc                tu_fifo_set_overwritable
 *fill*         0x10007022        0x2 
 .text.i2c_set_baudrate
                0x10007024       0xf0 CMakeFiles/i2c_slave.dir/C_/Program_Files/Raspberry_Pi/Pico_SDK_v1.5.1/pico-sdk/src/rp2_common/hardware_i2c/i2c.c.obj
                0x10007024                i2c_set_baudrate
 .text.i2c_init
                0x10007114       0x58 CMakeFiles/i2c_slave.dir/C_/Program_Files/Raspberry_Pi/Pico_SDK_v1.5.1/pico-sdk/src/rp2_common/hardware_i2c/i2c.c.obj
                0x10007114                i2c_init
 .text.i2c_set_slave_mode
                0x1000716c       0x48 CMakeFiles/i2c_slave.dir/C_/Program_Files/Raspberry_Pi/Pico_SDK_v1.5.1/pico-sdk/src/rp2_common/hardware_i2c/i2c.c.obj
                0x1000716c                i2c_set_slave_mode
 .text.adc_init
                0x100071b4       0x34 CMakeFiles/i2c_slave.dir/C_/Program_Files/Raspberry_Pi/Pico_SDK_v1.5.1/pico-sdk/src/rp2_common/hardware_adc/adc.c.obj
                0x100071b4                adc_init
 .text.strlen   0x100071e8       0x5c c:/progra~1/raspbe~1/picosd~1.1/gcc-ar~1/bin/../lib/gcc/arm-none-eabi/10.3.1/../../../../arm-none-eabi/lib/thumb/v6-m/nofp\libg.a(lib_a-strlen-stub.o)
                0x100071e8                strlen
 *(.fini)
 .fini          0x10007244        0x4 c:/progra~1/raspbe~1/picosd~1.1/gcc-ar~1/bin/../lib/gcc/arm-none-eabi/10.3.1/thumb/v6-m/nofp/crti.o
                0x10007244                _fini
 .fini.__stub   0x10007248       0xe0 linker stubs
 *crtbegin.o(.ctors)
 *crtbegin?.o(.ctors)
 *(EXCLUDE_FILE(*crtend.o *crtend?.o) .ctors)
 *(SORT_BY_NAME(.ctors.*))
 *(.ctors)
 *crtbegin.o(.dtors)
 *crtbegin?.o(.dtors)
 *(EXCLUDE_FILE(*crtend.o *crtend?.o) .dtors)
 *(SORT_BY_NAME(.dtors.*))
 *(.dtors)
 *(.eh_frame*)
 .eh_frame      0x10007328        0x0 c:/progra~1/raspbe~1/picosd~1.1/gcc-ar~1/bin/../lib/gcc/arm-none-eabi/10.3.1/thumb/v6-m/nofp/crtbegin.o
                0x10007328                . = ALIGN (0x4)

.glue_7         0x10007328        0x0
 .glue_7        0x10007328        0x0 linker stubs

.glue_7t        0x10007328        0x0
 .glue_7t       0x10007328        0x0 linker stubs

.vfp11_veneer   0x10007328        0x0
 .vfp11_veneer  0x10007328        0x0 linker stubs

.v4_bx          0x10007328        0x0
 .v4_bx         0x10007328        0x0 linker stubs

.iplt           0x10007328        0x0
 .iplt          0x10007328        0x0 c:/progra~1/raspbe~1/picosd~1.1/gcc-ar~1/bin/../lib/gcc/arm-none-eabi/10.3.1/thumb/v6-m/nofp/crtbegin.o

.rodata         0x10007328     0x17d8
 *(EXCLUDE_FILE(*libm.a: *libc.a:*lib_a-mem*.o *libgcc.a:) .rodata*)
 .rodata.i2c_slave_handler.str1.4
                0x10007328       0x13 CMakeFiles/i2c_slave.dir/recepcion.c.obj
 *fill*         0x1000733b        0x1 
 .rodata.spin_lock_claim_unused.str1.4
                0x1000733c       0x1b CMakeFiles/i2c_slave.dir/C_/Program_Files/Raspberry_Pi/Pico_SDK_v1.5.1/pico-sdk/src/rp2_common/hardware_sync/sync.c.obj
 *fill*         0x10007357        0x1 
 .rodata.make_branch.str1.4
                0x10007358       0x89 CMakeFiles/i2c_slave.dir/C_/Program_Files/Raspberry_Pi/Pico_SDK_v1.5.1/pico-sdk/src/rp2_common/hardware_irq/irq.c.obj
 *fill*         0x100073e1        0x3 
 .rodata.insert_branch_and_link.str1.4
                0x100073e4       0x10 CMakeFiles/i2c_slave.dir/C_/Program_Files/Raspberry_Pi/Pico_SDK_v1.5.1/pico-sdk/src/rp2_common/hardware_irq/irq.c.obj
 .rodata.irq_set_exclusive_handler.str1.4
                0x100073f4       0x36 CMakeFiles/i2c_slave.dir/C_/Program_Files/Raspberry_Pi/Pico_SDK_v1.5.1/pico-sdk/src/rp2_common/hardware_irq/irq.c.obj
 *fill*         0x1000742a        0x2 
 .rodata.irq_add_shared_handler.str1.4
                0x1000742c       0xd9 CMakeFiles/i2c_slave.dir/C_/Program_Files/Raspberry_Pi/Pico_SDK_v1.5.1/pico-sdk/src/rp2_common/hardware_irq/irq.c.obj
 *fill*         0x10007505        0x3 
 .rodata.irq_remove_handler.str1.4
                0x10007508       0x3a CMakeFiles/i2c_slave.dir/C_/Program_Files/Raspberry_Pi/Pico_SDK_v1.5.1/pico-sdk/src/rp2_common/hardware_irq/irq.c.obj
 *fill*         0x10007542        0x2 
 .rodata.irq_add_tail_to_free_list.str1.4
                0x10007544       0x3a CMakeFiles/i2c_slave.dir/C_/Program_Files/Raspberry_Pi/Pico_SDK_v1.5.1/pico-sdk/src/rp2_common/hardware_irq/irq.c.obj
 *fill*         0x1000757e        0x2 
 .rodata.user_irq_claim_unused.str1.4
                0x10007580       0x1b CMakeFiles/i2c_slave.dir/C_/Program_Files/Raspberry_Pi/Pico_SDK_v1.5.1/pico-sdk/src/rp2_common/hardware_irq/irq.c.obj
 *fill*         0x1000759b        0x1 
 .rodata.__func__.0
                0x1000759c       0x1a CMakeFiles/i2c_slave.dir/C_/Program_Files/Raspberry_Pi/Pico_SDK_v1.5.1/pico-sdk/src/rp2_common/hardware_irq/irq.c.obj
 *fill*         0x100075b6        0x2 
 .rodata.__func__.1
                0x100075b8       0x17 CMakeFiles/i2c_slave.dir/C_/Program_Files/Raspberry_Pi/Pico_SDK_v1.5.1/pico-sdk/src/rp2_common/hardware_irq/irq.c.obj
 *fill*         0x100075cf        0x1 
 .rodata.__func__.2
                0x100075d0       0x13 CMakeFiles/i2c_slave.dir/C_/Program_Files/Raspberry_Pi/Pico_SDK_v1.5.1/pico-sdk/src/rp2_common/hardware_irq/irq.c.obj
 *fill*         0x100075e3        0x1 
 .rodata.__func__.3
                0x100075e4        0xc CMakeFiles/i2c_slave.dir/C_/Program_Files/Raspberry_Pi/Pico_SDK_v1.5.1/pico-sdk/src/rp2_common/hardware_irq/irq.c.obj
 .rodata.__func__.4
                0x100075f0        0xf CMakeFiles/i2c_slave.dir/C_/Program_Files/Raspberry_Pi/Pico_SDK_v1.5.1/pico-sdk/src/rp2_common/hardware_irq/irq.c.obj
 *fill*         0x100075ff        0x1 
 .rodata.__func__.5
                0x10007600       0x17 CMakeFiles/i2c_slave.dir/C_/Program_Files/Raspberry_Pi/Pico_SDK_v1.5.1/pico-sdk/src/rp2_common/hardware_irq/irq.c.obj
 *fill*         0x10007617        0x1 
 .rodata.__func__.6
                0x10007618       0x1a CMakeFiles/i2c_slave.dir/C_/Program_Files/Raspberry_Pi/Pico_SDK_v1.5.1/pico-sdk/src/rp2_common/hardware_irq/irq.c.obj
 *fill*         0x10007632        0x2 
 .rodata.str1.4
                0x10007634      0x125 CMakeFiles/i2c_slave.dir/C_/Program_Files/Raspberry_Pi/Pico_SDK_v1.5.1/pico-sdk/src/common/pico_sync/mutex.c.obj
 *fill*         0x10007759        0x3 
 .rodata.__func__.1
                0x1000775c        0xb CMakeFiles/i2c_slave.dir/C_/Program_Files/Raspberry_Pi/Pico_SDK_v1.5.1/pico-sdk/src/common/pico_sync/mutex.c.obj
 *fill*         0x10007767        0x1 
 .rodata.__func__.3
                0x10007768       0x18 CMakeFiles/i2c_slave.dir/C_/Program_Files/Raspberry_Pi/Pico_SDK_v1.5.1/pico-sdk/src/common/pico_sync/mutex.c.obj
 .rodata.__func__.4
                0x10007780       0x15 CMakeFiles/i2c_slave.dir/C_/Program_Files/Raspberry_Pi/Pico_SDK_v1.5.1/pico-sdk/src/common/pico_sync/mutex.c.obj
 *fill*         0x10007795        0x3 
 .rodata.repeating_timer_callback.str1.4
                0x10007798       0x67 CMakeFiles/i2c_slave.dir/C_/Program_Files/Raspberry_Pi/Pico_SDK_v1.5.1/pico-sdk/src/common/pico_time/time.c.obj
 *fill*         0x100077ff        0x1 
 .rodata.timer_pool_entry_comparator.str1.4
                0x10007800       0x22 CMakeFiles/i2c_slave.dir/C_/Program_Files/Raspberry_Pi/Pico_SDK_v1.5.1/pico-sdk/src/common/pico_time/time.c.obj
 *fill*         0x10007822        0x2 
 .rodata.ph_add_child_node.str1.4
                0x10007824       0xb2 CMakeFiles/i2c_slave.dir/C_/Program_Files/Raspberry_Pi/Pico_SDK_v1.5.1/pico-sdk/src/common/pico_time/time.c.obj
 *fill*         0x100078d6        0x2 
 .rodata.add_alarm_under_lock.str1.4
                0x100078d8       0x28 CMakeFiles/i2c_slave.dir/C_/Program_Files/Raspberry_Pi/Pico_SDK_v1.5.1/pico-sdk/src/common/pico_time/time.c.obj
                                 0x2b (size before relaxing)
 .rodata.alarm_pool_alarm_callback.str1.4
                0x10007900       0x98 CMakeFiles/i2c_slave.dir/C_/Program_Files/Raspberry_Pi/Pico_SDK_v1.5.1/pico-sdk/src/common/pico_time/time.c.obj
                                0x118 (size before relaxing)
 .rodata.alarm_pool_get_default.str1.4
                0x10007998       0x21 CMakeFiles/i2c_slave.dir/C_/Program_Files/Raspberry_Pi/Pico_SDK_v1.5.1/pico-sdk/src/common/pico_time/time.c.obj
 *fill*         0x100079b9        0x3 
 .rodata.alarm_pool_cancel_alarm.str1.4
                0x100079bc       0x27 CMakeFiles/i2c_slave.dir/C_/Program_Files/Raspberry_Pi/Pico_SDK_v1.5.1/pico-sdk/src/common/pico_time/time.c.obj
 *fill*         0x100079e3        0x1 
 .rodata.__func__.1
                0x100079e4       0x18 CMakeFiles/i2c_slave.dir/C_/Program_Files/Raspberry_Pi/Pico_SDK_v1.5.1/pico-sdk/src/common/pico_time/time.c.obj
 .rodata.__func__.10
                0x100079fc       0x15 CMakeFiles/i2c_slave.dir/C_/Program_Files/Raspberry_Pi/Pico_SDK_v1.5.1/pico-sdk/src/common/pico_time/time.c.obj
 *fill*         0x10007a11        0x3 
 .rodata.__func__.11
                0x10007a14       0x1a CMakeFiles/i2c_slave.dir/C_/Program_Files/Raspberry_Pi/Pico_SDK_v1.5.1/pico-sdk/src/common/pico_time/time.c.obj
 *fill*         0x10007a2e        0x2 
 .rodata.__func__.12
                0x10007a30        0xa CMakeFiles/i2c_slave.dir/C_/Program_Files/Raspberry_Pi/Pico_SDK_v1.5.1/pico-sdk/src/common/pico_time/time.c.obj
 *fill*         0x10007a3a        0x2 
 .rodata.__func__.3
                0x10007a3c       0x17 CMakeFiles/i2c_slave.dir/C_/Program_Files/Raspberry_Pi/Pico_SDK_v1.5.1/pico-sdk/src/common/pico_time/time.c.obj
 *fill*         0x10007a53        0x1 
 .rodata.__func__.4
                0x10007a54       0x12 CMakeFiles/i2c_slave.dir/C_/Program_Files/Raspberry_Pi/Pico_SDK_v1.5.1/pico-sdk/src/common/pico_time/time.c.obj
 *fill*         0x10007a66        0x2 
 .rodata.__func__.5
                0x10007a68        0xd CMakeFiles/i2c_slave.dir/C_/Program_Files/Raspberry_Pi/Pico_SDK_v1.5.1/pico-sdk/src/common/pico_time/time.c.obj
 *fill*         0x10007a75        0x3 
 .rodata.__func__.6
                0x10007a78       0x12 CMakeFiles/i2c_slave.dir/C_/Program_Files/Raspberry_Pi/Pico_SDK_v1.5.1/pico-sdk/src/common/pico_time/time.c.obj
 *fill*         0x10007a8a        0x2 
 .rodata.__func__.7
                0x10007a8c        0xf CMakeFiles/i2c_slave.dir/C_/Program_Files/Raspberry_Pi/Pico_SDK_v1.5.1/pico-sdk/src/common/pico_time/time.c.obj
 *fill*         0x10007a9b        0x1 
 .rodata.__func__.8
                0x10007a9c        0xc CMakeFiles/i2c_slave.dir/C_/Program_Files/Raspberry_Pi/Pico_SDK_v1.5.1/pico-sdk/src/common/pico_time/time.c.obj
 .rodata.__func__.9
                0x10007aa8       0x15 CMakeFiles/i2c_slave.dir/C_/Program_Files/Raspberry_Pi/Pico_SDK_v1.5.1/pico-sdk/src/common/pico_time/time.c.obj
 *fill*         0x10007abd        0x3 
 .rodata.hardware_alarm_claim.str1.4
                0x10007ac0       0x22 CMakeFiles/i2c_slave.dir/C_/Program_Files/Raspberry_Pi/Pico_SDK_v1.5.1/pico-sdk/src/rp2_common/hardware_timer/timer.c.obj
 .rodata.busy_wait_us.str1.4
                0x10007ae2       0x7d CMakeFiles/i2c_slave.dir/C_/Program_Files/Raspberry_Pi/Pico_SDK_v1.5.1/pico-sdk/src/rp2_common/hardware_timer/timer.c.obj
 *fill*         0x10007ae2        0x2 
 .rodata.hardware_alarm_set_target.str1.4
                0x10007ae4       0x81 CMakeFiles/i2c_slave.dir/C_/Program_Files/Raspberry_Pi/Pico_SDK_v1.5.1/pico-sdk/src/rp2_common/hardware_timer/timer.c.obj
 *fill*         0x10007b65        0x3 
 .rodata.__func__.0
                0x10007b68       0x1a CMakeFiles/i2c_slave.dir/C_/Program_Files/Raspberry_Pi/Pico_SDK_v1.5.1/pico-sdk/src/rp2_common/hardware_timer/timer.c.obj
 *fill*         0x10007b82        0x2 
 .rodata.__func__.1
                0x10007b84       0x15 CMakeFiles/i2c_slave.dir/C_/Program_Files/Raspberry_Pi/Pico_SDK_v1.5.1/pico-sdk/src/rp2_common/hardware_timer/timer.c.obj
 .rodata.ph_add_child_node.str1.4
                0x10007b99       0xb2 CMakeFiles/i2c_slave.dir/C_/Program_Files/Raspberry_Pi/Pico_SDK_v1.5.1/pico-sdk/src/common/pico_util/pheap.c.obj
 *fill*         0x10007b99        0x3 
 .rodata.ph_remove_any_head.str1.4
                0x10007b9c       0xa8 CMakeFiles/i2c_slave.dir/C_/Program_Files/Raspberry_Pi/Pico_SDK_v1.5.1/pico-sdk/src/common/pico_util/pheap.c.obj
                                 0xbc (size before relaxing)
 .rodata.ph_remove_and_free_node.str1.4
                0x10007c44       0x1e CMakeFiles/i2c_slave.dir/C_/Program_Files/Raspberry_Pi/Pico_SDK_v1.5.1/pico-sdk/src/common/pico_util/pheap.c.obj
                                 0x26 (size before relaxing)
 *fill*         0x10007c62        0x2 
 .rodata.__func__.0
                0x10007c64       0x18 CMakeFiles/i2c_slave.dir/C_/Program_Files/Raspberry_Pi/Pico_SDK_v1.5.1/pico-sdk/src/common/pico_util/pheap.c.obj
 .rodata.__func__.1
                0x10007c7c       0x13 CMakeFiles/i2c_slave.dir/C_/Program_Files/Raspberry_Pi/Pico_SDK_v1.5.1/pico-sdk/src/common/pico_util/pheap.c.obj
 *fill*         0x10007c8f        0x1 
 .rodata.__func__.2
                0x10007c90       0x12 CMakeFiles/i2c_slave.dir/C_/Program_Files/Raspberry_Pi/Pico_SDK_v1.5.1/pico-sdk/src/common/pico_util/pheap.c.obj
 *fill*         0x10007ca2        0x2 
 .rodata.__func__.3
                0x10007ca4        0xc CMakeFiles/i2c_slave.dir/C_/Program_Files/Raspberry_Pi/Pico_SDK_v1.5.1/pico-sdk/src/common/pico_util/pheap.c.obj
 .rodata.clock_configure.str1.4
                0x10007cb0       0x73 CMakeFiles/i2c_slave.dir/C_/Program_Files/Raspberry_Pi/Pico_SDK_v1.5.1/pico-sdk/src/rp2_common/hardware_clocks/clocks.c.obj
 *fill*         0x10007d23        0x1 
 .rodata.__func__.1
                0x10007d24       0x10 CMakeFiles/i2c_slave.dir/C_/Program_Files/Raspberry_Pi/Pico_SDK_v1.5.1/pico-sdk/src/rp2_common/hardware_clocks/clocks.c.obj
 .rodata.pll_init.str1.4
                0x10007d34      0x140 CMakeFiles/i2c_slave.dir/C_/Program_Files/Raspberry_Pi/Pico_SDK_v1.5.1/pico-sdk/src/rp2_common/hardware_pll/pll.c.obj
 .rodata.__func__.0
                0x10007e74        0x9 CMakeFiles/i2c_slave.dir/C_/Program_Files/Raspberry_Pi/Pico_SDK_v1.5.1/pico-sdk/src/rp2_common/hardware_pll/pll.c.obj
 *fill*         0x10007e7d        0x3 
 .rodata.__assert_func.str1.4
                0x10007e80       0x3f CMakeFiles/i2c_slave.dir/C_/Program_Files/Raspberry_Pi/Pico_SDK_v1.5.1/pico-sdk/src/rp2_common/pico_runtime/runtime.c.obj
                                 0x43 (size before relaxing)
 *fill*         0x10007ebf        0x1 
 .rodata.runtime_init.str1.4
                0x10007ec0       0x7d CMakeFiles/i2c_slave.dir/C_/Program_Files/Raspberry_Pi/Pico_SDK_v1.5.1/pico-sdk/src/rp2_common/pico_runtime/runtime.c.obj
 *fill*         0x10007f3d        0x3 
 .rodata.panic.str1.4
                0x10007f40       0x12 CMakeFiles/i2c_slave.dir/C_/Program_Files/Raspberry_Pi/Pico_SDK_v1.5.1/pico-sdk/src/rp2_common/pico_runtime/runtime.c.obj
 *fill*         0x10007f52        0x2 
 .rodata.__func__.2
                0x10007f54        0xd CMakeFiles/i2c_slave.dir/C_/Program_Files/Raspberry_Pi/Pico_SDK_v1.5.1/pico-sdk/src/rp2_common/pico_runtime/runtime.c.obj
 *fill*         0x10007f61        0x3 
 .rodata._ftoa.str1.4
                0x10007f64       0x15 CMakeFiles/i2c_slave.dir/C_/Program_Files/Raspberry_Pi/Pico_SDK_v1.5.1/pico-sdk/src/rp2_common/pico_printf/printf.c.obj
 *fill*         0x10007f79        0x3 
 .rodata._vsnprintf
                0x10007f7c      0x1e0 CMakeFiles/i2c_slave.dir/C_/Program_Files/Raspberry_Pi/Pico_SDK_v1.5.1/pico-sdk/src/rp2_common/pico_printf/printf.c.obj
 *fill*         0x1000815c        0x4 
 .rodata.pow10.0
                0x10008160       0x50 CMakeFiles/i2c_slave.dir/C_/Program_Files/Raspberry_Pi/Pico_SDK_v1.5.1/pico-sdk/src/rp2_common/pico_printf/printf.c.obj
 .rodata.__aeabi_double_init.str1.4
                0x100081b0       0xb8 CMakeFiles/i2c_slave.dir/C_/Program_Files/Raspberry_Pi/Pico_SDK_v1.5.1/pico-sdk/src/rp2_common/pico_double/double_init_rom.c.obj
 .rodata.__func__.0
                0x10008268       0x14 CMakeFiles/i2c_slave.dir/C_/Program_Files/Raspberry_Pi/Pico_SDK_v1.5.1/pico-sdk/src/rp2_common/pico_double/double_init_rom.c.obj
 .rodata.__aeabi_float_init.str1.4
                0x1000827c       0x96 CMakeFiles/i2c_slave.dir/C_/Program_Files/Raspberry_Pi/Pico_SDK_v1.5.1/pico-sdk/src/rp2_common/pico_float/float_init_rom.c.obj
                                 0x9a (size before relaxing)
 *fill*         0x10008312        0x2 
 .rodata.__func__.0
                0x10008314       0x13 CMakeFiles/i2c_slave.dir/C_/Program_Files/Raspberry_Pi/Pico_SDK_v1.5.1/pico-sdk/src/rp2_common/pico_float/float_init_rom.c.obj
 *fill*         0x10008327        0x1 
 .rodata.str1.4
                0x10008328       0x40 CMakeFiles/i2c_slave.dir/C_/Program_Files/Raspberry_Pi/Pico_SDK_v1.5.1/pico-sdk/src/rp2_common/pico_standard_link/binary_info.c.obj
 .rodata.__bi_44
                0x10008368        0xc CMakeFiles/i2c_slave.dir/C_/Program_Files/Raspberry_Pi/Pico_SDK_v1.5.1/pico-sdk/src/rp2_common/pico_standard_link/binary_info.c.obj
 .rodata.__bi_75
                0x10008374        0xc CMakeFiles/i2c_slave.dir/C_/Program_Files/Raspberry_Pi/Pico_SDK_v1.5.1/pico-sdk/src/rp2_common/pico_standard_link/binary_info.c.obj
 .rodata.__bi_81
                0x10008380        0xc CMakeFiles/i2c_slave.dir/C_/Program_Files/Raspberry_Pi/Pico_SDK_v1.5.1/pico-sdk/src/rp2_common/pico_standard_link/binary_info.c.obj
 .rodata.stdout_serialize_begin.str1.4
                0x1000838c       0x7d CMakeFiles/i2c_slave.dir/C_/Program_Files/Raspberry_Pi/Pico_SDK_v1.5.1/pico-sdk/src/rp2_common/pico_stdio/stdio.c.obj
 .rodata.__func__.3
                0x1000838c       0x15 CMakeFiles/i2c_slave.dir/C_/Program_Files/Raspberry_Pi/Pico_SDK_v1.5.1/pico-sdk/src/rp2_common/pico_stdio/stdio.c.obj
 *fill*         0x100083a1        0x3 
 .rodata.crlf_str.2
                0x100083a4        0x2 CMakeFiles/i2c_slave.dir/C_/Program_Files/Raspberry_Pi/Pico_SDK_v1.5.1/pico-sdk/src/rp2_common/pico_stdio/stdio.c.obj
 *fill*         0x100083a6        0x2 
 .rodata.str1.4
                0x100083a8       0x2c CMakeFiles/i2c_slave.dir/C_/Program_Files/Raspberry_Pi/Pico_SDK_v1.5.1/pico-sdk/src/rp2_common/pico_stdio_uart/stdio_uart.c.obj
 .rodata.__bi_33.4
                0x100083d4        0xc CMakeFiles/i2c_slave.dir/C_/Program_Files/Raspberry_Pi/Pico_SDK_v1.5.1/pico-sdk/src/rp2_common/pico_stdio_uart/stdio_uart.c.obj
 .rodata.__bi_34.5
                0x100083e0        0x8 CMakeFiles/i2c_slave.dir/C_/Program_Files/Raspberry_Pi/Pico_SDK_v1.5.1/pico-sdk/src/rp2_common/pico_stdio_uart/stdio_uart.c.obj
 .rodata._resetd_driver
                0x100083e8       0x18 CMakeFiles/i2c_slave.dir/C_/Program_Files/Raspberry_Pi/Pico_SDK_v1.5.1/pico-sdk/src/rp2_common/pico_stdio_usb/reset_interface.c.obj
 .rodata.low_priority_worker_irq.str1.4
                0x10008400       0x7d CMakeFiles/i2c_slave.dir/C_/Program_Files/Raspberry_Pi/Pico_SDK_v1.5.1/pico-sdk/src/rp2_common/pico_stdio_usb/stdio_usb.c.obj
 .rodata.stdio_usb_init.str1.4
                0x10008400       0x61 CMakeFiles/i2c_slave.dir/C_/Program_Files/Raspberry_Pi/Pico_SDK_v1.5.1/pico-sdk/src/rp2_common/pico_stdio_usb/stdio_usb.c.obj
                                 0x69 (size before relaxing)
 *fill*         0x10008461        0x3 
 .rodata.str1.4
                0x10008464       0x13 CMakeFiles/i2c_slave.dir/C_/Program_Files/Raspberry_Pi/Pico_SDK_v1.5.1/pico-sdk/src/rp2_common/pico_stdio_usb/stdio_usb.c.obj
 *fill*         0x10008477        0x1 
 .rodata.__bi_182.0
                0x10008478        0xc CMakeFiles/i2c_slave.dir/C_/Program_Files/Raspberry_Pi/Pico_SDK_v1.5.1/pico-sdk/src/rp2_common/pico_stdio_usb/stdio_usb.c.obj
 .rodata.__func__.1
                0x10008484        0xf CMakeFiles/i2c_slave.dir/C_/Program_Files/Raspberry_Pi/Pico_SDK_v1.5.1/pico-sdk/src/rp2_common/pico_stdio_usb/stdio_usb.c.obj
 *fill*         0x10008493        0x1 
 .rodata.__func__.3
                0x10008494       0x15 CMakeFiles/i2c_slave.dir/C_/Program_Files/Raspberry_Pi/Pico_SDK_v1.5.1/pico-sdk/src/rp2_common/pico_stdio_usb/stdio_usb.c.obj
 *fill*         0x100084a9        0x3 
 .rodata.str1.4
                0x100084ac       0x2a CMakeFiles/i2c_slave.dir/C_/Program_Files/Raspberry_Pi/Pico_SDK_v1.5.1/pico-sdk/src/rp2_common/pico_stdio_usb/stdio_usb_descriptors.c.obj
 *fill*         0x100084d6        0x2 
 .rodata.usbd_desc_cfg
                0x100084d8       0x54 CMakeFiles/i2c_slave.dir/C_/Program_Files/Raspberry_Pi/Pico_SDK_v1.5.1/pico-sdk/src/rp2_common/pico_stdio_usb/stdio_usb_descriptors.c.obj
 .rodata.usbd_desc_device
                0x1000852c       0x12 CMakeFiles/i2c_slave.dir/C_/Program_Files/Raspberry_Pi/Pico_SDK_v1.5.1/pico-sdk/src/rp2_common/pico_stdio_usb/stdio_usb_descriptors.c.obj
 *fill*         0x1000853e        0x2 
 .rodata.usbd_desc_str
                0x10008540       0x18 CMakeFiles/i2c_slave.dir/C_/Program_Files/Raspberry_Pi/Pico_SDK_v1.5.1/pico-sdk/src/rp2_common/pico_stdio_usb/stdio_usb_descriptors.c.obj
 .rodata.pico_get_unique_board_id_string.str1.4
                0x10008558       0x69 CMakeFiles/i2c_slave.dir/C_/Program_Files/Raspberry_Pi/Pico_SDK_v1.5.1/pico-sdk/src/rp2_common/pico_unique_id/unique_id.c.obj
 *fill*         0x100085c1        0x3 
 .rodata.__func__.0
                0x100085c4       0x20 CMakeFiles/i2c_slave.dir/C_/Program_Files/Raspberry_Pi/Pico_SDK_v1.5.1/pico-sdk/src/rp2_common/pico_unique_id/unique_id.c.obj
 .rodata.str1.4
                0x100085e4      0x176 CMakeFiles/i2c_slave.dir/C_/Program_Files/Raspberry_Pi/Pico_SDK_v1.5.1/pico-sdk/src/rp2_common/hardware_flash/flash.c.obj
 *fill*         0x1000875a        0x2 
 .rodata.__func__.0
                0x1000875c        0xd CMakeFiles/i2c_slave.dir/C_/Program_Files/Raspberry_Pi/Pico_SDK_v1.5.1/pico-sdk/src/rp2_common/hardware_flash/flash.c.obj
 *fill*         0x10008769        0x3 
 .rodata._hw_endpoint_alloc.str1.4
                0x1000876c       0xd1 CMakeFiles/i2c_slave.dir/C_/Program_Files/Raspberry_Pi/Pico_SDK_v1.5.1/pico-sdk/lib/tinyusb/src/portable/raspberrypi/rp2040/dcd_rp2040.c.obj
 *fill*         0x1000883d        0x3 
 .rodata.str1.4
                0x10008840       0x14 CMakeFiles/i2c_slave.dir/C_/Program_Files/Raspberry_Pi/Pico_SDK_v1.5.1/pico-sdk/lib/tinyusb/src/portable/raspberrypi/rp2040/dcd_rp2040.c.obj
 .rodata.dcd_int_enable.str1.4
                0x10008854        0xc CMakeFiles/i2c_slave.dir/C_/Program_Files/Raspberry_Pi/Pico_SDK_v1.5.1/pico-sdk/lib/tinyusb/src/portable/raspberrypi/rp2040/dcd_rp2040.c.obj
 .rodata.__func__.0
                0x10008860        0xe CMakeFiles/i2c_slave.dir/C_/Program_Files/Raspberry_Pi/Pico_SDK_v1.5.1/pico-sdk/lib/tinyusb/src/portable/raspberrypi/rp2040/dcd_rp2040.c.obj
 *fill*         0x1000886e        0x2 
 .rodata.__func__.1
                0x10008870        0xe CMakeFiles/i2c_slave.dir/C_/Program_Files/Raspberry_Pi/Pico_SDK_v1.5.1/pico-sdk/lib/tinyusb/src/portable/raspberrypi/rp2040/dcd_rp2040.c.obj
 *fill*         0x1000887e        0x2 
 .rodata.__func__.3
                0x10008880       0x10 CMakeFiles/i2c_slave.dir/C_/Program_Files/Raspberry_Pi/Pico_SDK_v1.5.1/pico-sdk/lib/tinyusb/src/portable/raspberrypi/rp2040/dcd_rp2040.c.obj
 .rodata.__func__.5
                0x10008890        0xf CMakeFiles/i2c_slave.dir/C_/Program_Files/Raspberry_Pi/Pico_SDK_v1.5.1/pico-sdk/lib/tinyusb/src/portable/raspberrypi/rp2040/dcd_rp2040.c.obj
 *fill*         0x1000889f        0x1 
 .rodata.__func__.6
                0x100088a0       0x13 CMakeFiles/i2c_slave.dir/C_/Program_Files/Raspberry_Pi/Pico_SDK_v1.5.1/pico-sdk/lib/tinyusb/src/portable/raspberrypi/rp2040/dcd_rp2040.c.obj
 *fill*         0x100088b3        0x1 
 .rodata.__func__.7
                0x100088b4        0x9 CMakeFiles/i2c_slave.dir/C_/Program_Files/Raspberry_Pi/Pico_SDK_v1.5.1/pico-sdk/lib/tinyusb/src/portable/raspberrypi/rp2040/dcd_rp2040.c.obj
 *fill*         0x100088bd        0x3 
 .rodata.str1.4
                0x100088c0       0xf9 CMakeFiles/i2c_slave.dir/C_/Program_Files/Raspberry_Pi/Pico_SDK_v1.5.1/pico-sdk/lib/tinyusb/src/portable/raspberrypi/rp2040/rp2040_usb.c.obj
                                0x103 (size before relaxing)
 *fill*         0x100089b9        0x3 
 .rodata.__func__.0
                0x100089bc        0xf CMakeFiles/i2c_slave.dir/C_/Program_Files/Raspberry_Pi/Pico_SDK_v1.5.1/pico-sdk/lib/tinyusb/src/portable/raspberrypi/rp2040/rp2040_usb.c.obj
 *fill*         0x100089cb        0x1 
 .rodata.process_get_descriptor
                0x100089cc       0x40 CMakeFiles/i2c_slave.dir/C_/Program_Files/Raspberry_Pi/Pico_SDK_v1.5.1/pico-sdk/lib/tinyusb/src/device/usbd.c.obj
 .rodata.process_control_request
                0x10008a0c       0x28 CMakeFiles/i2c_slave.dir/C_/Program_Files/Raspberry_Pi/Pico_SDK_v1.5.1/pico-sdk/lib/tinyusb/src/device/usbd.c.obj
 .rodata.tud_task_ext
                0x10008a34       0x24 CMakeFiles/i2c_slave.dir/C_/Program_Files/Raspberry_Pi/Pico_SDK_v1.5.1/pico-sdk/lib/tinyusb/src/device/usbd.c.obj
 .rodata._usbd_driver
                0x10008a58       0x18 CMakeFiles/i2c_slave.dir/C_/Program_Files/Raspberry_Pi/Pico_SDK_v1.5.1/pico-sdk/lib/tinyusb/src/device/usbd.c.obj
 .rodata.i2c_set_baudrate.str1.4
                0x10008a70       0x79 CMakeFiles/i2c_slave.dir/C_/Program_Files/Raspberry_Pi/Pico_SDK_v1.5.1/pico-sdk/src/rp2_common/hardware_i2c/i2c.c.obj
 *fill*         0x10008ae9        0x3 
 .rodata.__func__.0
                0x10008aec       0x11 CMakeFiles/i2c_slave.dir/C_/Program_Files/Raspberry_Pi/Pico_SDK_v1.5.1/pico-sdk/src/rp2_common/hardware_i2c/i2c.c.obj
                0x10008b00                . = ALIGN (0x4)
 *fill*         0x10008afd        0x3 
 *(SORT_BY_ALIGNMENT(SORT_BY_NAME(.flashdata*)))
                0x10008b00                . = ALIGN (0x4)

.ARM.extab
 *(.ARM.extab* .gnu.linkonce.armextab.*)
                0x10008b00                __exidx_start = .

.ARM.exidx
 *(.ARM.exidx* .gnu.linkonce.armexidx.*)
                0x10008b00                __exidx_end = .
                0x10008b00                . = ALIGN (0x4)
                0x10008b00                __binary_info_start = .

.binary_info    0x10008b00       0x28
 *(.binary_info.keep.*)
 .binary_info.keep.__bi_ptr22
                0x10008b00        0x4 CMakeFiles/i2c_slave.dir/C_/Program_Files/Raspberry_Pi/Pico_SDK_v1.5.1/pico-sdk/src/rp2_common/pico_standard_link/binary_info.c.obj
 .binary_info.keep.__bi_ptr30
                0x10008b04        0x4 CMakeFiles/i2c_slave.dir/C_/Program_Files/Raspberry_Pi/Pico_SDK_v1.5.1/pico-sdk/src/rp2_common/pico_standard_link/binary_info.c.obj
 .binary_info.keep.__bi_ptr38
                0x10008b08        0x4 CMakeFiles/i2c_slave.dir/C_/Program_Files/Raspberry_Pi/Pico_SDK_v1.5.1/pico-sdk/src/rp2_common/pico_standard_link/binary_info.c.obj
 .binary_info.keep.__bi_ptr44
                0x10008b0c        0x4 CMakeFiles/i2c_slave.dir/C_/Program_Files/Raspberry_Pi/Pico_SDK_v1.5.1/pico-sdk/src/rp2_common/pico_standard_link/binary_info.c.obj
 .binary_info.keep.__bi_ptr50
                0x10008b10        0x4 CMakeFiles/i2c_slave.dir/C_/Program_Files/Raspberry_Pi/Pico_SDK_v1.5.1/pico-sdk/src/rp2_common/pico_standard_link/binary_info.c.obj
 .binary_info.keep.__bi_ptr75
                0x10008b14        0x4 CMakeFiles/i2c_slave.dir/C_/Program_Files/Raspberry_Pi/Pico_SDK_v1.5.1/pico-sdk/src/rp2_common/pico_standard_link/binary_info.c.obj
 .binary_info.keep.__bi_ptr81
                0x10008b18        0x4 CMakeFiles/i2c_slave.dir/C_/Program_Files/Raspberry_Pi/Pico_SDK_v1.5.1/pico-sdk/src/rp2_common/pico_standard_link/binary_info.c.obj
 *(.binary_info.*)
 .binary_info.__bi_ptr33
                0x10008b1c        0x4 CMakeFiles/i2c_slave.dir/C_/Program_Files/Raspberry_Pi/Pico_SDK_v1.5.1/pico-sdk/src/rp2_common/pico_stdio_uart/stdio_uart.c.obj
 .binary_info.__bi_ptr34
                0x10008b20        0x4 CMakeFiles/i2c_slave.dir/C_/Program_Files/Raspberry_Pi/Pico_SDK_v1.5.1/pico-sdk/src/rp2_common/pico_stdio_uart/stdio_uart.c.obj
 .binary_info.__bi_ptr182
                0x10008b24        0x4 CMakeFiles/i2c_slave.dir/C_/Program_Files/Raspberry_Pi/Pico_SDK_v1.5.1/pico-sdk/src/rp2_common/pico_stdio_usb/stdio_usb.c.obj
                0x10008b28                __binary_info_end = .

.rel.dyn        0x10008b28        0x0
 .rel.iplt      0x10008b28        0x0 c:/progra~1/raspbe~1/picosd~1.1/gcc-ar~1/bin/../lib/gcc/arm-none-eabi/10.3.1/thumb/v6-m/nofp/crtbegin.o
                0x10008b28                . = ALIGN (0x4)

.ram_vector_table
                0x20000000       0xc0
 *(.ram_vector_table)
 .ram_vector_table
                0x20000000       0xc0 CMakeFiles/i2c_slave.dir/C_/Program_Files/Raspberry_Pi/Pico_SDK_v1.5.1/pico-sdk/src/rp2_common/pico_runtime/runtime.c.obj
                0x20000000                ram_vector_table

.data           0x200000c0      0xc10 load address 0x10008b28
                0x200000c0                __data_start__ = .
 *(vtable)
 *(.time_critical*)
 .time_critical.mutex_try_enter
                0x200000c0       0x46 CMakeFiles/i2c_slave.dir/C_/Program_Files/Raspberry_Pi/Pico_SDK_v1.5.1/pico-sdk/src/common/pico_sync/mutex.c.obj
                0x200000c0                mutex_try_enter
 *fill*         0x20000106        0x2 
 .time_critical.mutex_enter_block_until
                0x20000108       0x8c CMakeFiles/i2c_slave.dir/C_/Program_Files/Raspberry_Pi/Pico_SDK_v1.5.1/pico-sdk/src/common/pico_sync/mutex.c.obj
                0x20000108                mutex_enter_block_until
 .time_critical.mutex_try_enter_block_until
                0x20000194       0x34 CMakeFiles/i2c_slave.dir/C_/Program_Files/Raspberry_Pi/Pico_SDK_v1.5.1/pico-sdk/src/common/pico_sync/mutex.c.obj
                0x20000194                mutex_try_enter_block_until
 .time_critical.mutex_enter_timeout_ms
                0x200001c8       0x68 CMakeFiles/i2c_slave.dir/C_/Program_Files/Raspberry_Pi/Pico_SDK_v1.5.1/pico-sdk/src/common/pico_sync/mutex.c.obj
                0x200001c8                mutex_enter_timeout_ms
 .time_critical.mutex_exit
                0x20000230       0x4c CMakeFiles/i2c_slave.dir/C_/Program_Files/Raspberry_Pi/Pico_SDK_v1.5.1/pico-sdk/src/common/pico_sync/mutex.c.obj
                0x20000230                mutex_exit
 .time_critical.flash_init_boot2_copyout