Archive member included to satisfy reference by file (symbol)

c:/progra~1/raspbe~1/picosd~1.1/gcc-ar~1/bin/../lib/gcc/arm-none-eabi/10.3.1/thumb/v6-m/nofp\libgcc.a(_dvmd_tls.o)
                              CMakeFiles/reception.dir/C_/Program_Files/Raspberry_Pi/Pico_SDK_v1.5.1/pico-sdk/src/rp2_common/pico_divider/divider.S.obj (__aeabi_idiv0)
c:/progra~1/raspbe~1/picosd~1.1/gcc-ar~1/bin/../lib/gcc/arm-none-eabi/10.3.1/../../../../arm-none-eabi/lib/thumb/v6-m/nofp\libg.a(lib_a-calloc.o)
                              CMakeFiles/reception.dir/C_/Program_Files/Raspberry_Pi/Pico_SDK_v1.5.1/pico-sdk/src/rp2_common/pico_malloc/pico_malloc.c.obj (calloc)
c:/progra~1/raspbe~1/picosd~1.1/gcc-ar~1/bin/../lib/gcc/arm-none-eabi/10.3.1/../../../../arm-none-eabi/lib/thumb/v6-m/nofp\libg.a(lib_a-callocr.o)
                              c:/progra~1/raspbe~1/picosd~1.1/gcc-ar~1/bin/../lib/gcc/arm-none-eabi/10.3.1/../../../../arm-none-eabi/lib/thumb/v6-m/nofp\libg.a(lib_a-calloc.o) (_calloc_r)
c:/progra~1/raspbe~1/picosd~1.1/gcc-ar~1/bin/../lib/gcc/arm-none-eabi/10.3.1/../../../../arm-none-eabi/lib/thumb/v6-m/nofp\libg.a(lib_a-errno.o)
                              c:/progra~1/raspbe~1/picosd~1.1/gcc-ar~1/bin/../lib/gcc/arm-none-eabi/10.3.1/../../../../arm-none-eabi/lib/thumb/v6-m/nofp\libg.a(lib_a-callocr.o) (__errno)
c:/progra~1/raspbe~1/picosd~1.1/gcc-ar~1/bin/../lib/gcc/arm-none-eabi/10.3.1/../../../../arm-none-eabi/lib/thumb/v6-m/nofp\libg.a(lib_a-impure.o)
                              c:/progra~1/raspbe~1/picosd~1.1/gcc-ar~1/bin/../lib/gcc/arm-none-eabi/10.3.1/../../../../arm-none-eabi/lib/thumb/v6-m/nofp\libg.a(lib_a-calloc.o) (_impure_ptr)
c:/progra~1/raspbe~1/picosd~1.1/gcc-ar~1/bin/../lib/gcc/arm-none-eabi/10.3.1/../../../../arm-none-eabi/lib/thumb/v6-m/nofp\libg.a(lib_a-init.o)
                              c:/progra~1/raspbe~1/picosd~1.1/gcc-ar~1/bin/../lib/gcc/arm-none-eabi/10.3.1/../../../../arm-none-eabi/lib/thumb/v6-m/nofp/crt0.o (__libc_init_array)
c:/progra~1/raspbe~1/picosd~1.1/gcc-ar~1/bin/../lib/gcc/arm-none-eabi/10.3.1/../../../../arm-none-eabi/lib/thumb/v6-m/nofp\libg.a(lib_a-malloc.o)
                              CMakeFiles/reception.dir/C_/Program_Files/Raspberry_Pi/Pico_SDK_v1.5.1/pico-sdk/src/rp2_common/pico_malloc/pico_malloc.c.obj (malloc)
c:/progra~1/raspbe~1/picosd~1.1/gcc-ar~1/bin/../lib/gcc/arm-none-eabi/10.3.1/../../../../arm-none-eabi/lib/thumb/v6-m/nofp\libg.a(lib_a-mallocr.o)
                              c:/progra~1/raspbe~1/picosd~1.1/gcc-ar~1/bin/../lib/gcc/arm-none-eabi/10.3.1/../../../../arm-none-eabi/lib/thumb/v6-m/nofp\libg.a(lib_a-callocr.o) (_malloc_r)
c:/progra~1/raspbe~1/picosd~1.1/gcc-ar~1/bin/../lib/gcc/arm-none-eabi/10.3.1/../../../../arm-none-eabi/lib/thumb/v6-m/nofp\libg.a(lib_a-mlock.o)
                              c:/progra~1/raspbe~1/picosd~1.1/gcc-ar~1/bin/../lib/gcc/arm-none-eabi/10.3.1/../../../../arm-none-eabi/lib/thumb/v6-m/nofp\libg.a(lib_a-mallocr.o) (__malloc_lock)
c:/progra~1/raspbe~1/picosd~1.1/gcc-ar~1/bin/../lib/gcc/arm-none-eabi/10.3.1/../../../../arm-none-eabi/lib/thumb/v6-m/nofp\libg.a(lib_a-realloc.o)
                              CMakeFiles/reception.dir/C_/Program_Files/Raspberry_Pi/Pico_SDK_v1.5.1/pico-sdk/src/rp2_common/pico_malloc/pico_malloc.c.obj (realloc)
c:/progra~1/raspbe~1/picosd~1.1/gcc-ar~1/bin/../lib/gcc/arm-none-eabi/10.3.1/../../../../arm-none-eabi/lib/thumb/v6-m/nofp\libg.a(lib_a-reallocr.o)
                              c:/progra~1/raspbe~1/picosd~1.1/gcc-ar~1/bin/../lib/gcc/arm-none-eabi/10.3.1/../../../../arm-none-eabi/lib/thumb/v6-m/nofp\libg.a(lib_a-realloc.o) (_realloc_r)
c:/progra~1/raspbe~1/picosd~1.1/gcc-ar~1/bin/../lib/gcc/arm-none-eabi/10.3.1/../../../../arm-none-eabi/lib/thumb/v6-m/nofp\libg.a(lib_a-sbrkr.o)
                              c:/progra~1/raspbe~1/picosd~1.1/gcc-ar~1/bin/../lib/gcc/arm-none-eabi/10.3.1/../../../../arm-none-eabi/lib/thumb/v6-m/nofp\libg.a(lib_a-mallocr.o) (_sbrk_r)
c:/progra~1/raspbe~1/picosd~1.1/gcc-ar~1/bin/../lib/gcc/arm-none-eabi/10.3.1/../../../../arm-none-eabi/lib/thumb/v6-m/nofp\libg.a(lib_a-strcat.o)
                              CMakeFiles/reception.dir/reception.c.obj (strcat)
c:/progra~1/raspbe~1/picosd~1.1/gcc-ar~1/bin/../lib/gcc/arm-none-eabi/10.3.1/../../../../arm-none-eabi/lib/thumb/v6-m/nofp\libg.a(lib_a-strcpy.o)
                              CMakeFiles/reception.dir/reception.c.obj (strcpy)
c:/progra~1/raspbe~1/picosd~1.1/gcc-ar~1/bin/../lib/gcc/arm-none-eabi/10.3.1/../../../../arm-none-eabi/lib/thumb/v6-m/nofp\libg.a(lib_a-strlen-stub.o)
                              CMakeFiles/reception.dir/reception.c.obj (strlen)
c:/progra~1/raspbe~1/picosd~1.1/gcc-ar~1/bin/../lib/gcc/arm-none-eabi/10.3.1/../../../../arm-none-eabi/lib/thumb/v6-m/nofp\libg.a(lib_a-freer.o)
                              c:/progra~1/raspbe~1/picosd~1.1/gcc-ar~1/bin/../lib/gcc/arm-none-eabi/10.3.1/../../../../arm-none-eabi/lib/thumb/v6-m/nofp\libg.a(lib_a-malloc.o) (_free_r)
[...]
Memory Configuration

Name             Origin             Length             Attributes
FLASH            0x10000000         0x00200000         xr
RAM              0x20000000         0x00040000         xrw
SCRATCH_X        0x20040000         0x00001000         xrw
SCRATCH_Y        0x20041000         0x00001000         xrw
*default*        0x00000000         0xffffffff

Linker script and memory map

LOAD c:/progra~1/raspbe~1/picosd~1.1/gcc-ar~1/bin/../lib/gcc/arm-none-eabi/10.3.1/thumb/v6-m/nofp/crti.o
LOAD c:/progra~1/raspbe~1/picosd~1.1/gcc-ar~1/bin/../lib/gcc/arm-none-eabi/10.3.1/thumb/v6-m/nofp/crtbegin.o
LOAD c:/progra~1/raspbe~1/picosd~1.1/gcc-ar~1/bin/../lib/gcc/arm-none-eabi/10.3.1/../../../../arm-none-eabi/lib/thumb/v6-m/nofp/crt0.o

.flash_begin    0x10000000        0x0
                0x10000000                __flash_binary_start = .

.boot2          0x10000000      0x100
                0x10000000                __boot2_start__ = .
 *(.boot2)
 .boot2         0x10000000      0x100 C:\Users\ESTUDI~1\AppData\Local\Temp\cc25z80v.o
                0x10000100                __boot2_end__ = .
                0x00000001                ASSERT (((__boot2_end__ - __boot2_start__) == 0x100), ERROR: Pico second stage bootloader must be 256 bytes in size)

.text           0x10000100     0x7ec0
                0x10000100                __logical_binary_start = .
 *(.vectors)
 .vectors       0x10000100       0xd4 CMakeFiles/reception.dir/C_/Program_Files/Raspberry_Pi/Pico_SDK_v1.5.1/pico-sdk/src/rp2_common/pico_standard_link/crt0.S.obj
                0x10000100                __VECTOR_TABLE
                0x10000100                __vectors
                0x100001c0                isr_invalid
                0x100001c0                __default_isrs_start
                0x100001c2                isr_nmi
                0x100001c4                isr_hardfault
                0x100001c6                isr_svcall
                0x100001c8                isr_pendsv
                0x100001ca                isr_systick
                0x100001cc                isr_irq23
                0x100001cc                isr_irq18
                0x100001cc                isr_irq11
                0x100001cc                isr_irq28
                0x100001cc                isr_irq19
                0x100001cc                isr_irq0
                0x100001cc                isr_irq6
                0x100001cc                isr_irq5
                0x100001cc                isr_irq12
                0x100001cc                isr_irq22
                0x100001cc                isr_irq31
                0x100001cc                isr_irq17
                0x100001cc                isr_irq27
                0x100001cc                isr_irq30
                0x100001cc                isr_irq2
                0x100001cc                isr_irq10
                0x100001cc                isr_irq8
                0x100001cc                isr_irq24
                0x100001cc                isr_irq1
                0x100001cc                isr_irq7
                0x100001cc                isr_irq21
                0x100001cc                isr_irq20
                0x100001cc                isr_irq15
                0x100001cc                isr_irq25
                0x100001cc                isr_irq13
                0x100001cc                __unhandled_user_irq
                0x100001cc                isr_irq4
                0x100001cc                isr_irq16
                0x100001cc                isr_irq29
                0x100001cc                isr_irq26
                0x100001cc                __default_isrs_end
                0x100001cc                isr_irq3
                0x100001cc                isr_irq14
                0x100001cc                isr_irq9
                0x100001d2                unhandled_user_irq_num_in_r0
 *(.binary_info_header)
 .binary_info_header
                0x100001d4       0x14 CMakeFiles/reception.dir/C_/Program_Files/Raspberry_Pi/Pico_SDK_v1.5.1/pico-sdk/src/rp2_common/pico_standard_link/crt0.S.obj
                0x100001e8                __binary_info_header_end = .
 *(.reset)
 .reset         0x100001e8       0xa0 CMakeFiles/reception.dir/C_/Program_Files/Raspberry_Pi/Pico_SDK_v1.5.1/pico-sdk/src/rp2_common/pico_standard_link/crt0.S.obj
                0x100001e8                _entry_point
 .reset         0x10000288       0x30 CMakeFiles/reception.dir/C_/Program_Files/Raspberry_Pi/Pico_SDK_v1.5.1/pico-sdk/src/rp2_common/pico_standard_link/binary_info.c.obj
 *(.init)
 .init          0x100002b8        0x4 c:/progra~1/raspbe~1/picosd~1.1/gcc-ar~1/bin/../lib/gcc/arm-none-eabi/10.3.1/thumb/v6-m/nofp/crti.o
                0x100002b8                _init
 *(EXCLUDE_FILE(*libm.a: *libc.a:*lib_a-mem*.o *libgcc.a:) .text*)
 .text          0x100002bc       0x48 c:/progra~1/raspbe~1/picosd~1.1/gcc-ar~1/bin/../lib/gcc/arm-none-eabi/10.3.1/thumb/v6-m/nofp/crtbegin.o
 .text.read_adc
                0x10000304       0xa8 CMakeFiles/reception.dir/reception.c.obj
                0x10000304                read_adc
 .text.init_uart
                0x100003ac       0x3c CMakeFiles/reception.dir/reception.c.obj
                0x100003ac                init_uart
 .text.init_adc
                0x100003e8       0x78 CMakeFiles/reception.dir/reception.c.obj
                0x100003e8                init_adc
 .text.start_sampling
                0x10000460       0x38 CMakeFiles/reception.dir/reception.c.obj
                0x10000460                start_sampling
 .text.build_json
                0x10000498       0xec CMakeFiles/reception.dir/reception.c.obj
                0x10000498                build_json
 .text.send_data
                0x10000584       0x98 CMakeFiles/reception.dir/reception.c.obj
                0x10000584                send_data
 .text.main     0x1000061c       0x58 CMakeFiles/reception.dir/reception.c.obj
                0x1000061c                main
 .text.gpio_set_function
                0x10000674       0x30 CMakeFiles/reception.dir/C_/Program_Files/Raspberry_Pi/Pico_SDK_v1.5.1/pico-sdk/src/rp2_common/hardware_gpio/gpio.c.obj
                0x10000674                gpio_set_function
 .text.gpio_set_pulls
                0x100006a4       0x34 CMakeFiles/reception.dir/C_/Program_Files/Raspberry_Pi/Pico_SDK_v1.5.1/pico-sdk/src/rp2_common/hardware_gpio/gpio.c.obj
                0x100006a4                gpio_set_pulls
 .text.gpio_set_input_enabled
                0x100006d8       0x30 CMakeFiles/reception.dir/C_/Program_Files/Raspberry_Pi/Pico_SDK_v1.5.1/pico-sdk/src/rp2_common/hardware_gpio/gpio.c.obj
                0x100006d8                gpio_set_input_enabled
 .text.running_on_fpga
                0x10000708       0x14 CMakeFiles/reception.dir/C_/Program_Files/Raspberry_Pi/Pico_SDK_v1.5.1/pico-sdk/src/rp2_common/pico_platform/platform.c.obj
                0x10000708                running_on_fpga
 .text.hw_claim_lock
                0x1000071c       0x18 CMakeFiles/reception.dir/C_/Program_Files/Raspberry_Pi/Pico_SDK_v1.5.1/pico-sdk/src/rp2_common/hardware_claim/claim.c.obj
                0x1000071c                hw_claim_lock
 .text.hw_claim_unlock
                0x10000734       0x14 CMakeFiles/reception.dir/C_/Program_Files/Raspberry_Pi/Pico_SDK_v1.5.1/pico-sdk/src/rp2_common/hardware_claim/claim.c.obj
                0x10000734                hw_claim_unlock
 .text.hw_claim_or_assert
                0x10000748       0x32 CMakeFiles/reception.dir/C_/Program_Files/Raspberry_Pi/Pico_SDK_v1.5.1/pico-sdk/src/rp2_common/hardware_claim/claim.c.obj
                0x10000748                hw_claim_or_assert
 .text.hw_claim_unused_from_range
                0x1000077a       0x50 CMakeFiles/reception.dir/C_/Program_Files/Raspberry_Pi/Pico_SDK_v1.5.1/pico-sdk/src/rp2_common/hardware_claim/claim.c.obj
                0x1000077a                hw_claim_unused_from_range
 *fill*         0x100007ca        0x2 
 .text.spin_locks_reset
                0x100007cc       0x20 CMakeFiles/reception.dir/C_/Program_Files/Raspberry_Pi/Pico_SDK_v1.5.1/pico-sdk/src/rp2_common/hardware_sync/sync.c.obj
                0x100007cc                spin_locks_reset
 .text.next_striped_spin_lock_num
                0x100007ec       0x1c CMakeFiles/reception.dir/C_/Program_Files/Raspberry_Pi/Pico_SDK_v1.5.1/pico-sdk/src/rp2_common/hardware_sync/sync.c.obj
                0x100007ec                next_striped_spin_lock_num
 .text.spin_lock_claim_unused
                0x10000808       0x20 CMakeFiles/reception.dir/C_/Program_Files/Raspberry_Pi/Pico_SDK_v1.5.1/pico-sdk/src/rp2_common/hardware_sync/sync.c.obj
                0x10000808                spin_lock_claim_unused
 .text.set_raw_irq_handler_and_unlock
                0x10000828       0x28 CMakeFiles/reception.dir/C_/Program_Files/Raspberry_Pi/Pico_SDK_v1.5.1/pico-sdk/src/rp2_common/hardware_irq/irq.c.obj
 .text.make_branch
                0x10000850       0x48 CMakeFiles/reception.dir/C_/Program_Files/Raspberry_Pi/Pico_SDK_v1.5.1/pico-sdk/src/rp2_common/hardware_irq/irq.c.obj
 .text.insert_branch_and_link
                0x10000898       0x40 CMakeFiles/reception.dir/C_/Program_Files/Raspberry_Pi/Pico_SDK_v1.5.1/pico-sdk/src/rp2_common/hardware_irq/irq.c.obj
 .text.irq_is_enabled
                0x100008d8       0x18 CMakeFiles/reception.dir/C_/Program_Files/Raspberry_Pi/Pico_SDK_v1.5.1/pico-sdk/src/rp2_common/hardware_irq/irq.c.obj
                0x100008d8                irq_is_enabled
 .text.irq_set_mask_enabled
                0x100008f0       0x20 CMakeFiles/reception.dir/C_/Program_Files/Raspberry_Pi/Pico_SDK_v1.5.1/pico-sdk/src/rp2_common/hardware_irq/irq.c.obj
                0x100008f0                irq_set_mask_enabled
 .text.irq_set_enabled
                0x10000910        0xe CMakeFiles/reception.dir/C_/Program_Files/Raspberry_Pi/Pico_SDK_v1.5.1/pico-sdk/src/rp2_common/hardware_irq/irq.c.obj
                0x10000910                irq_set_enabled
 *fill*         0x1000091e        0x2 
 .text.irq_set_pending
                0x10000920       0x10 CMakeFiles/reception.dir/C_/Program_Files/Raspberry_Pi/Pico_SDK_v1.5.1/pico-sdk/src/rp2_common/hardware_irq/irq.c.obj
                0x10000920                irq_set_pending
 .text.irq_get_vtable_handler
                0x10000930       0x10 CMakeFiles/reception.dir/C_/Program_Files/Raspberry_Pi/Pico_SDK_v1.5.1/pico-sdk/src/rp2_common/hardware_irq/irq.c.obj
                0x10000930                irq_get_vtable_handler
 .text.irq_has_shared_handler
                0x10000940       0x24 CMakeFiles/reception.dir/C_/Program_Files/Raspberry_Pi/Pico_SDK_v1.5.1/pico-sdk/src/rp2_common/hardware_irq/irq.c.obj
                0x10000940                irq_has_shared_handler
 .text.irq_set_exclusive_handler
                0x10000964       0x54 CMakeFiles/reception.dir/C_/Program_Files/Raspberry_Pi/Pico_SDK_v1.5.1/pico-sdk/src/rp2_common/hardware_irq/irq.c.obj
                0x10000964                irq_set_exclusive_handler
 .text.irq_add_shared_handler
                0x100009b8      0x234 CMakeFiles/reception.dir/C_/Program_Files/Raspberry_Pi/Pico_SDK_v1.5.1/pico-sdk/src/rp2_common/hardware_irq/irq.c.obj
                0x100009b8                irq_add_shared_handler
 .text.irq_remove_handler
                0x10000bec      0x1ac CMakeFiles/reception.dir/C_/Program_Files/Raspberry_Pi/Pico_SDK_v1.5.1/pico-sdk/src/rp2_common/hardware_irq/irq.c.obj
                0x10000bec                irq_remove_handler
 .text.irq_add_tail_to_free_list
                0x10000d98       0xf0 CMakeFiles/reception.dir/C_/Program_Files/Raspberry_Pi/Pico_SDK_v1.5.1/pico-sdk/src/rp2_common/hardware_irq/irq.c.obj
                0x10000d98                irq_add_tail_to_free_list
 .text.irq_init_priorities
                0x10000e88       0x1c CMakeFiles/reception.dir/C_/Program_Files/Raspberry_Pi/Pico_SDK_v1.5.1/pico-sdk/src/rp2_common/hardware_irq/irq.c.obj
                0x10000e88                irq_init_priorities
 .text.user_irq_claim_unused
                0x10000ea4       0x28 CMakeFiles/reception.dir/C_/Program_Files/Raspberry_Pi/Pico_SDK_v1.5.1/pico-sdk/src/rp2_common/hardware_irq/irq.c.obj
                0x10000ea4                user_irq_claim_unused
 .text.lock_init
                0x10000ecc       0x10 CMakeFiles/reception.dir/C_/Program_Files/Raspberry_Pi/Pico_SDK_v1.5.1/pico-sdk/src/common/pico_sync/lock_core.c.obj
                0x10000ecc                lock_init
 .text.mutex_init
                0x10000edc       0x1a CMakeFiles/reception.dir/C_/Program_Files/Raspberry_Pi/Pico_SDK_v1.5.1/pico-sdk/src/common/pico_sync/mutex.c.obj
                0x10000edc                mutex_init
 .text.recursive_mutex_init
                0x10000ef6       0x1e CMakeFiles/reception.dir/C_/Program_Files/Raspberry_Pi/Pico_SDK_v1.5.1/pico-sdk/src/common/pico_sync/mutex.c.obj
                0x10000ef6                recursive_mutex_init
 .text.critical_section_init_with_lock_num
                0x10000f14       0x14 CMakeFiles/reception.dir/C_/Program_Files/Raspberry_Pi/Pico_SDK_v1.5.1/pico-sdk/src/common/pico_sync/critical_section.c.obj
                0x10000f14                critical_section_init_with_lock_num
 .text.critical_section_init
                0x10000f28       0x14 CMakeFiles/reception.dir/C_/Program_Files/Raspberry_Pi/Pico_SDK_v1.5.1/pico-sdk/src/common/pico_sync/critical_section.c.obj
                0x10000f28                critical_section_init
 .text.repeating_timer_callback
                0x10000f3c       0x40 CMakeFiles/reception.dir/C_/Program_Files/Raspberry_Pi/Pico_SDK_v1.5.1/pico-sdk/src/common/pico_time/time.c.obj
 .text.alarm_pool_post_alloc_init
                0x10000f7c       0x40 CMakeFiles/reception.dir/C_/Program_Files/Raspberry_Pi/Pico_SDK_v1.5.1/pico-sdk/src/common/pico_time/time.c.obj
 .text.sleep_until_callback
                0x10000fbc       0x30 CMakeFiles/reception.dir/C_/Program_Files/Raspberry_Pi/Pico_SDK_v1.5.1/pico-sdk/src/common/pico_time/time.c.obj
 .text.timer_pool_entry_comparator
                0x10000fec       0x7c CMakeFiles/reception.dir/C_/Program_Files/Raspberry_Pi/Pico_SDK_v1.5.1/pico-sdk/src/common/pico_time/time.c.obj
                0x10000fec                timer_pool_entry_comparator
 .text.ph_add_child_node
                0x10001068       0xa4 CMakeFiles/reception.dir/C_/Program_Files/Raspberry_Pi/Pico_SDK_v1.5.1/pico-sdk/src/common/pico_time/time.c.obj
 .text.ph_merge_nodes
                0x1000110c       0x3e CMakeFiles/reception.dir/C_/Program_Files/Raspberry_Pi/Pico_SDK_v1.5.1/pico-sdk/src/common/pico_time/time.c.obj
 *fill*         0x1000114a        0x2 
 .text.add_alarm_under_lock
                0x1000114c      0x174 CMakeFiles/reception.dir/C_/Program_Files/Raspberry_Pi/Pico_SDK_v1.5.1/pico-sdk/src/common/pico_time/time.c.obj
 .text.alarm_pool_alarm_callback
                0x100012c0      0x33c CMakeFiles/reception.dir/C_/Program_Files/Raspberry_Pi/Pico_SDK_v1.5.1/pico-sdk/src/common/pico_time/time.c.obj
 .text.alarm_pool_init_default
                0x100015fc       0x40 CMakeFiles/reception.dir/C_/Program_Files/Raspberry_Pi/Pico_SDK_v1.5.1/pico-sdk/src/common/pico_time/time.c.obj
                0x100015fc                alarm_pool_init_default
 .text.alarm_pool_get_default
                0x1000163c       0x2c CMakeFiles/reception.dir/C_/Program_Files/Raspberry_Pi/Pico_SDK_v1.5.1/pico-sdk/src/common/pico_time/time.c.obj
                0x1000163c                alarm_pool_get_default
 .text.alarm_pool_add_alarm_at
                0x10001668      0x168 CMakeFiles/reception.dir/C_/Program_Files/Raspberry_Pi/Pico_SDK_v1.5.1/pico-sdk/src/common/pico_time/time.c.obj
                0x10001668                alarm_pool_add_alarm_at
 .text.alarm_pool_cancel_alarm
                0x100017d0       0xf8 CMakeFiles/reception.dir/C_/Program_Files/Raspberry_Pi/Pico_SDK_v1.5.1/pico-sdk/src/common/pico_time/time.c.obj
                0x100017d0                alarm_pool_cancel_alarm
 .text.alarm_pool_core_num
                0x100018c8        0x4 CMakeFiles/reception.dir/C_/Program_Files/Raspberry_Pi/Pico_SDK_v1.5.1/pico-sdk/src/common/pico_time/time.c.obj
                0x100018c8                alarm_pool_core_num
 .text.alarm_pool_add_repeating_timer_us
                0x100018cc       0x98 CMakeFiles/reception.dir/C_/Program_Files/Raspberry_Pi/Pico_SDK_v1.5.1/pico-sdk/src/common/pico_time/time.c.obj
                0x100018cc                alarm_pool_add_repeating_timer_us
 .text.cancel_repeating_timer
                0x10001964       0x1a CMakeFiles/reception.dir/C_/Program_Files/Raspberry_Pi/Pico_SDK_v1.5.1/pico-sdk/src/common/pico_time/time.c.obj
                0x10001964                cancel_repeating_timer
 *fill*         0x1000197e        0x2 
 .text.best_effort_wfe_or_timeout
                0x10001980       0xac CMakeFiles/reception.dir/C_/Program_Files/Raspberry_Pi/Pico_SDK_v1.5.1/pico-sdk/src/common/pico_time/time.c.obj
                0x10001980                best_effort_wfe_or_timeout
 .text.hardware_alarm_irq_handler
                0x10001a2c       0x90 CMakeFiles/reception.dir/C_/Program_Files/Raspberry_Pi/Pico_SDK_v1.5.1/pico-sdk/src/rp2_common/hardware_timer/timer.c.obj
 .text.hardware_alarm_claim
                0x10001abc       0x18 CMakeFiles/reception.dir/C_/Program_Files/Raspberry_Pi/Pico_SDK_v1.5.1/pico-sdk/src/rp2_common/hardware_timer/timer.c.obj
                0x10001abc                hardware_alarm_claim
 .text.time_us_64
                0x10001ad4       0x18 CMakeFiles/reception.dir/C_/Program_Files/Raspberry_Pi/Pico_SDK_v1.5.1/pico-sdk/src/rp2_common/hardware_timer/timer.c.obj
                0x10001ad4                time_us_64
 .text.busy_wait_until
                0x10001aec       0x28 CMakeFiles/reception.dir/C_/Program_Files/Raspberry_Pi/Pico_SDK_v1.5.1/pico-sdk/src/rp2_common/hardware_timer/timer.c.obj
                0x10001aec                busy_wait_until
 .text.busy_wait_us
                0x10001b14       0x48 CMakeFiles/reception.dir/C_/Program_Files/Raspberry_Pi/Pico_SDK_v1.5.1/pico-sdk/src/rp2_common/hardware_timer/timer.c.obj
                0x10001b14                busy_wait_us
 .text.hardware_alarm_set_callback
                0x10001b5c       0x90 CMakeFiles/reception.dir/C_/Program_Files/Raspberry_Pi/Pico_SDK_v1.5.1/pico-sdk/src/rp2_common/hardware_timer/timer.c.obj
                0x10001b5c                hardware_alarm_set_callback
 .text.hardware_alarm_set_target
                0x10001bec       0xe8 CMakeFiles/reception.dir/C_/Program_Files/Raspberry_Pi/Pico_SDK_v1.5.1/pico-sdk/src/rp2_common/hardware_timer/timer.c.obj
                0x10001bec                hardware_alarm_set_target
 .text.hardware_alarm_cancel
                0x10001cd4       0x40 CMakeFiles/reception.dir/C_/Program_Files/Raspberry_Pi/Pico_SDK_v1.5.1/pico-sdk/src/rp2_common/hardware_timer/timer.c.obj
                0x10001cd4                hardware_alarm_cancel
 .text.ph_add_child_node
                0x10001d14       0xa4 CMakeFiles/reception.dir/C_/Program_Files/Raspberry_Pi/Pico_SDK_v1.5.1/pico-sdk/src/common/pico_util/pheap.c.obj
 .text.ph_merge_nodes
                0x10001db8       0x3e CMakeFiles/reception.dir/C_/Program_Files/Raspberry_Pi/Pico_SDK_v1.5.1/pico-sdk/src/common/pico_util/pheap.c.obj
 *fill*         0x10001df6        0x2 
 .text.ph_clear
                0x10001df8       0x70 CMakeFiles/reception.dir/C_/Program_Files/Raspberry_Pi/Pico_SDK_v1.5.1/pico-sdk/src/common/pico_util/pheap.c.obj
                0x10001df8                ph_clear
 .text.ph_post_alloc_init
                0x10001e68        0xe CMakeFiles/reception.dir/C_/Program_Files/Raspberry_Pi/Pico_SDK_v1.5.1/pico-sdk/src/common/pico_util/pheap.c.obj
                0x10001e68                ph_post_alloc_init
 *fill*         0x10001e76        0x2 
 .text.ph_merge_two_pass
                0x10001e78       0xa8 CMakeFiles/reception.dir/C_/Program_Files/Raspberry_Pi/Pico_SDK_v1.5.1/pico-sdk/src/common/pico_util/pheap.c.obj
                0x10001e78                ph_merge_two_pass
 .text.ph_remove_any_head
                0x10001f20      0x128 CMakeFiles/reception.dir/C_/Program_Files/Raspberry_Pi/Pico_SDK_v1.5.1/pico-sdk/src/common/pico_util/pheap.c.obj
 .text.ph_remove_head
                0x10002048       0x14 CMakeFiles/reception.dir/C_/Program_Files/Raspberry_Pi/Pico_SDK_v1.5.1/pico-sdk/src/common/pico_util/pheap.c.obj
                0x10002048                ph_remove_head
 .text.ph_remove_and_free_node
                0x1000205c       0xf8 CMakeFiles/reception.dir/C_/Program_Files/Raspberry_Pi/Pico_SDK_v1.5.1/pico-sdk/src/common/pico_util/pheap.c.obj
                0x1000205c                ph_remove_and_free_node
 .text.uart_disable_before_lcr_write
                0x10002154       0x48 CMakeFiles/reception.dir/C_/Program_Files/Raspberry_Pi/Pico_SDK_v1.5.1/pico-sdk/src/rp2_common/hardware_uart/uart.c.obj
 .text.uart_write_lcr_bits_masked
                0x1000219c       0x22 CMakeFiles/reception.dir/C_/Program_Files/Raspberry_Pi/Pico_SDK_v1.5.1/pico-sdk/src/rp2_common/hardware_uart/uart.c.obj
 *fill*         0x100021be        0x2 
 .text.uart_set_baudrate
                0x100021c0       0x5c CMakeFiles/reception.dir/C_/Program_Files/Raspberry_Pi/Pico_SDK_v1.5.1/pico-sdk/src/rp2_common/hardware_uart/uart.c.obj
                0x100021c0                uart_set_baudrate
 .text.uart_set_format
                0x1000221c       0x2c CMakeFiles/reception.dir/C_/Program_Files/Raspberry_Pi/Pico_SDK_v1.5.1/pico-sdk/src/rp2_common/hardware_uart/uart.c.obj
                0x1000221c                uart_set_format
 .text.uart_set_fifo_enabled
                0x10002248       0x10 CMakeFiles/reception.dir/C_/Program_Files/Raspberry_Pi/Pico_SDK_v1.5.1/pico-sdk/src/rp2_common/hardware_uart/uart.c.obj
                0x10002248                uart_set_fifo_enabled
 .text.uart_set_translate_crlf
                0x10002258       0x28 CMakeFiles/reception.dir/C_/Program_Files/Raspberry_Pi/Pico_SDK_v1.5.1/pico-sdk/src/rp2_common/hardware_uart/uart.c.obj
                0x10002258                uart_set_translate_crlf
 .text.uart_init
                0x10002280       0x80 CMakeFiles/reception.dir/C_/Program_Files/Raspberry_Pi/Pico_SDK_v1.5.1/pico-sdk/src/rp2_common/hardware_uart/uart.c.obj
                0x10002280                uart_init
 .text.clock_configure
                0x10002300      0x108 CMakeFiles/reception.dir/C_/Program_Files/Raspberry_Pi/Pico_SDK_v1.5.1/pico-sdk/src/rp2_common/hardware_clocks/clocks.c.obj
                0x10002300                clock_configure
 .text.clocks_init
                0x10002408      0x100 CMakeFiles/reception.dir/C_/Program_Files/Raspberry_Pi/Pico_SDK_v1.5.1/pico-sdk/src/rp2_common/hardware_clocks/clocks.c.obj
                0x10002408                clocks_init
 .text.clock_get_hz
                0x10002508        0xc CMakeFiles/reception.dir/C_/Program_Files/Raspberry_Pi/Pico_SDK_v1.5.1/pico-sdk/src/rp2_common/hardware_clocks/clocks.c.obj
                0x10002508                clock_get_hz
 .text.pll_init
                0x10002514      0x120 CMakeFiles/reception.dir/C_/Program_Files/Raspberry_Pi/Pico_SDK_v1.5.1/pico-sdk/src/rp2_common/hardware_pll/pll.c.obj
                0x10002514                pll_init
 .text.watchdog_start_tick
                0x10002634       0x10 CMakeFiles/reception.dir/C_/Program_Files/Raspberry_Pi/Pico_SDK_v1.5.1/pico-sdk/src/rp2_common/hardware_watchdog/watchdog.c.obj
                0x10002634                watchdog_start_tick
 .text.watchdog_update
                0x10002644       0x14 CMakeFiles/reception.dir/C_/Program_Files/Raspberry_Pi/Pico_SDK_v1.5.1/pico-sdk/src/rp2_common/hardware_watchdog/watchdog.c.obj
                0x10002644                watchdog_update
 .text._watchdog_enable
                0x10002658       0x78 CMakeFiles/reception.dir/C_/Program_Files/Raspberry_Pi/Pico_SDK_v1.5.1/pico-sdk/src/rp2_common/hardware_watchdog/watchdog.c.obj
                0x10002658                _watchdog_enable
 .text.watchdog_reboot
                0x100026d0       0x48 CMakeFiles/reception.dir/C_/Program_Files/Raspberry_Pi/Pico_SDK_v1.5.1/pico-sdk/src/rp2_common/hardware_watchdog/watchdog.c.obj
                0x100026d0                watchdog_reboot
 .text.xosc_init
                0x10002718       0x28 CMakeFiles/reception.dir/C_/Program_Files/Raspberry_Pi/Pico_SDK_v1.5.1/pico-sdk/src/rp2_common/hardware_xosc/xosc.c.obj
                0x10002718                xosc_init
 .text._exit    0x10002740        0x4 CMakeFiles/reception.dir/C_/Program_Files/Raspberry_Pi/Pico_SDK_v1.5.1/pico-sdk/src/rp2_common/pico_runtime/runtime.c.obj
                0x10002740                _exit
 .text._sbrk    0x10002744       0x38 CMakeFiles/reception.dir/C_/Program_Files/Raspberry_Pi/Pico_SDK_v1.5.1/pico-sdk/src/rp2_common/pico_runtime/runtime.c.obj
                0x10002744                _sbrk
 .text.exit     0x1000277c        0x6 CMakeFiles/reception.dir/C_/Program_Files/Raspberry_Pi/Pico_SDK_v1.5.1/pico-sdk/src/rp2_common/pico_runtime/runtime.c.obj
                0x1000277c                exit
 *fill*         0x10002782        0x2 
 .text.__assert_func
                0x10002784       0x3c CMakeFiles/reception.dir/C_/Program_Files/Raspberry_Pi/Pico_SDK_v1.5.1/pico-sdk/src/rp2_common/pico_runtime/runtime.c.obj
                0x10002784                __assert_func
 .text.runtime_init
                0x100027c0       0xf8 CMakeFiles/reception.dir/C_/Program_Files/Raspberry_Pi/Pico_SDK_v1.5.1/pico-sdk/src/rp2_common/pico_runtime/runtime.c.obj
                0x100027c0                runtime_init
 .text.panic    0x100028b8       0x30 CMakeFiles/reception.dir/C_/Program_Files/Raspberry_Pi/Pico_SDK_v1.5.1/pico-sdk/src/rp2_common/pico_runtime/runtime.c.obj
                0x100028b8                panic
 .text._out_buffer
                0x100028e8        0x8 CMakeFiles/reception.dir/C_/Program_Files/Raspberry_Pi/Pico_SDK_v1.5.1/pico-sdk/src/rp2_common/pico_printf/printf.c.obj
 .text._out_null
                0x100028f0        0x2 CMakeFiles/reception.dir/C_/Program_Files/Raspberry_Pi/Pico_SDK_v1.5.1/pico-sdk/src/rp2_common/pico_printf/printf.c.obj
 .text._out_fct
                0x100028f2        0xe CMakeFiles/reception.dir/C_/Program_Files/Raspberry_Pi/Pico_SDK_v1.5.1/pico-sdk/src/rp2_common/pico_printf/printf.c.obj
 .text._atoi    0x10002900       0x24 CMakeFiles/reception.dir/C_/Program_Files/Raspberry_Pi/Pico_SDK_v1.5.1/pico-sdk/src/rp2_common/pico_printf/printf.c.obj
 .text._out_rev
                0x10002924       0xae CMakeFiles/reception.dir/C_/Program_Files/Raspberry_Pi/Pico_SDK_v1.5.1/pico-sdk/src/rp2_common/pico_printf/printf.c.obj
 .text._ntoa_format
                0x100029d2      0x112 CMakeFiles/reception.dir/C_/Program_Files/Raspberry_Pi/Pico_SDK_v1.5.1/pico-sdk/src/rp2_common/pico_printf/printf.c.obj
 .text._ntoa_long
                0x10002ae4       0xbc CMakeFiles/reception.dir/C_/Program_Files/Raspberry_Pi/Pico_SDK_v1.5.1/pico-sdk/src/rp2_common/pico_printf/printf.c.obj
 .text._ntoa_long_long
                0x10002ba0       0xe2 CMakeFiles/reception.dir/C_/Program_Files/Raspberry_Pi/Pico_SDK_v1.5.1/pico-sdk/src/rp2_common/pico_printf/printf.c.obj
 *fill*         0x10002c82        0x2 
 .text._etoa    0x10002c84      0x414 CMakeFiles/reception.dir/C_/Program_Files/Raspberry_Pi/Pico_SDK_v1.5.1/pico-sdk/src/rp2_common/pico_printf/printf.c.obj
 .text._ftoa    0x10003098      0x354 CMakeFiles/reception.dir/C_/Program_Files/Raspberry_Pi/Pico_SDK_v1.5.1/pico-sdk/src/rp2_common/pico_printf/printf.c.obj
 .text._vsnprintf
                0x100033ec      0x624 CMakeFiles/reception.dir/C_/Program_Files/Raspberry_Pi/Pico_SDK_v1.5.1/pico-sdk/src/rp2_common/pico_printf/printf.c.obj
 .text.__wrap_sprintf
                0x10003a10       0x28 CMakeFiles/reception.dir/C_/Program_Files/Raspberry_Pi/Pico_SDK_v1.5.1/pico-sdk/src/rp2_common/pico_printf/printf.c.obj
                0x10003a10                __wrap_sprintf
 .text.vfctprintf
                0x10003a38       0x20 CMakeFiles/reception.dir/C_/Program_Files/Raspberry_Pi/Pico_SDK_v1.5.1/pico-sdk/src/rp2_common/pico_printf/printf.c.obj
                0x10003a38                vfctprintf
 .text          0x10003a58       0x10 CMakeFiles/reception.dir/C_/Program_Files/Raspberry_Pi/Pico_SDK_v1.5.1/pico-sdk/src/rp2_common/pico_bit_ops/bit_ops_aeabi.S.obj
 .text.rom_func_lookup
                0x10003a68       0x10 CMakeFiles/reception.dir/C_/Program_Files/Raspberry_Pi/Pico_SDK_v1.5.1/pico-sdk/src/rp2_common/pico_bootrom/bootrom.c.obj
                0x10003a68                rom_func_lookup
 .text.rom_data_lookup
                0x10003a78       0x10 CMakeFiles/reception.dir/C_/Program_Files/Raspberry_Pi/Pico_SDK_v1.5.1/pico-sdk/src/rp2_common/pico_bootrom/bootrom.c.obj
                0x10003a78                rom_data_lookup
 .text.rom_funcs_lookup
                0x10003a88       0x36 CMakeFiles/reception.dir/C_/Program_Files/Raspberry_Pi/Pico_SDK_v1.5.1/pico-sdk/src/rp2_common/pico_bootrom/bootrom.c.obj
                0x10003a88                rom_funcs_lookup
 *fill*         0x10003abe        0x2 
 .text.__wrap___aeabi_idiv
                0x10003ac0       0x50 CMakeFiles/reception.dir/C_/Program_Files/Raspberry_Pi/Pico_SDK_v1.5.1/pico-sdk/src/rp2_common/pico_divider/divider.S.obj
                0x10003ac0                __wrap___aeabi_idivmod
                0x10003ac0                divmod_s32s32
                0x10003ac0                div_s32s32
                0x10003ac0                __wrap___aeabi_idiv
                0x10003ac8                divmod_s32s32_unsafe
                0x10003af4                divmod_s32s32_savestate
 .text.__wrap___aeabi_uidiv
                0x10003b10       0x4c CMakeFiles/reception.dir/C_/Program_Files/Raspberry_Pi/Pico_SDK_v1.5.1/pico-sdk/src/rp2_common/pico_divider/divider.S.obj
                0x10003b10                __wrap___aeabi_uidiv
                0x10003b10                __wrap___aeabi_uidivmod
                0x10003b10                div_u32u32
                0x10003b10                divmod_u32u32
                0x10003b18                divmod_u32u32_unsafe
                0x10003b40                divmod_u32u32_savestate
 .text.__wrap___aeabi_ldiv
                0x10003b5c      0x424 CMakeFiles/reception.dir/C_/Program_Files/Raspberry_Pi/Pico_SDK_v1.5.1/pico-sdk/src/rp2_common/pico_divider/divider.S.obj
                0x10003b5c                div_s64s64
                0x10003b5c                divmod_s64s64
                0x10003b5c                __wrap___aeabi_ldivmod
                0x10003b8c                divmod_u64u64
                0x10003b8c                div_u64u64
                0x10003b8c                __wrap___aeabi_uldivmod
                0x10003b9c                divmod_u64u64_savestate
                0x10003bbc                divmod_s64s64_unsafe
                0x10003c44                divmod_u64u64_unsafe
 .text.__wrap___aeabi_darithmetic
                0x10003f80       0x80 CMakeFiles/reception.dir/C_/Program_Files/Raspberry_Pi/Pico_SDK_v1.5.1/pico-sdk/src/rp2_common/pico_double/double_aeabi.S.obj
                0x10003f80                __wrap___aeabi_drsub
                0x10003f86                __wrap___aeabi_dsub
                0x10003f98                __wrap___aeabi_dadd
                0x10003faa                __wrap___aeabi_ddiv
                0x10003fe6                __wrap___aeabi_dmul
 .text.__wrap___aeabi_cdcmple
                0x10004000       0x6c CMakeFiles/reception.dir/C_/Program_Files/Raspberry_Pi/Pico_SDK_v1.5.1/pico-sdk/src/rp2_common/pico_double/double_aeabi.S.obj
                0x10004000                __wrap___aeabi_cdrcmple
                0x10004010                __wrap___aeabi_cdcmpeq
                0x10004010                __wrap___aeabi_cdcmple
 .text.__wrap___aeabi_dcmplt
                0x1000406c        0xc CMakeFiles/reception.dir/C_/Program_Files/Raspberry_Pi/Pico_SDK_v1.5.1/pico-sdk/src/rp2_common/pico_double/double_aeabi.S.obj
                0x1000406c                __wrap___aeabi_dcmplt
 .text.__wrap___aeabi_dcmple
                0x10004078       0x10 CMakeFiles/reception.dir/C_/Program_Files/Raspberry_Pi/Pico_SDK_v1.5.1/pico-sdk/src/rp2_common/pico_double/double_aeabi.S.obj
                0x10004078                __wrap___aeabi_dcmple
 .text.__wrap___aeabi_dcmpge
                0x10004088       0x10 CMakeFiles/reception.dir/C_/Program_Files/Raspberry_Pi/Pico_SDK_v1.5.1/pico-sdk/src/rp2_common/pico_double/double_aeabi.S.obj
                0x10004088                __wrap___aeabi_dcmpge
 .text.__wrap___aeabi_dcmpgt
                0x10004098        0xa CMakeFiles/reception.dir/C_/Program_Files/Raspberry_Pi/Pico_SDK_v1.5.1/pico-sdk/src/rp2_common/pico_double/double_aeabi.S.obj
                0x10004098                __wrap___aeabi_dcmpgt
 .text.__wrap___aeabi_dcmpun
                0x100040a2       0x1c CMakeFiles/reception.dir/C_/Program_Files/Raspberry_Pi/Pico_SDK_v1.5.1/pico-sdk/src/rp2_common/pico_double/double_aeabi.S.obj
                0x100040a2                __wrap___aeabi_dcmpun
 *fill*         0x100040be        0x2 
 .text.__wrap___aeabi_i2d
                0x100040c0       0x38 CMakeFiles/reception.dir/C_/Program_Files/Raspberry_Pi/Pico_SDK_v1.5.1/pico-sdk/src/rp2_common/pico_double/double_aeabi.S.obj
                0x100040c0                __wrap___aeabi_ui2d
                0x100040c8                __wrap___aeabi_i2d
 .text.__wrap___aeabi_d2iz
                0x100040f8       0x48 CMakeFiles/reception.dir/C_/Program_Files/Raspberry_Pi/Pico_SDK_v1.5.1/pico-sdk/src/rp2_common/pico_double/double_aeabi.S.obj
                0x100040f8                double2int_z
                0x100040f8                __wrap___aeabi_d2iz
 .text.__wrap___aeabi_d2uiz
                0x10004140       0x18 CMakeFiles/reception.dir/C_/Program_Files/Raspberry_Pi/Pico_SDK_v1.5.1/pico-sdk/src/rp2_common/pico_double/double_aeabi.S.obj
                0x10004140                __wrap___aeabi_d2uiz
                0x10004140                double2uint
 .text.__aeabi_double_init
                0x10004158       0xc8 CMakeFiles/reception.dir/C_/Program_Files/Raspberry_Pi/Pico_SDK_v1.5.1/pico-sdk/src/rp2_common/pico_double/double_init_rom.c.obj
                0x10004158                __aeabi_double_init
 .text.__wrap_round
                0x10004220       0x9c CMakeFiles/reception.dir/C_/Program_Files/Raspberry_Pi/Pico_SDK_v1.5.1/pico-sdk/src/rp2_common/pico_double/double_math.c.obj
                0x10004220                __wrap_round
 .text.double_table_shim_on_use_helper
                0x100042bc       0x34 CMakeFiles/reception.dir/C_/Program_Files/Raspberry_Pi/Pico_SDK_v1.5.1/pico-sdk/src/rp2_common/pico_double/double_v1_rom_shim.S.obj
                0x100042bc                double_table_shim_on_use_helper
 .text.__wrap___aeabi_dsub
                0x100042f0       0x10 CMakeFiles/reception.dir/C_/Program_Files/Raspberry_Pi/Pico_SDK_v1.5.1/pico-sdk/src/rp2_common/pico_double/double_v1_rom_shim.S.obj
                0x100042f0                drsub_shim
                0x100042f6                dsub_shim
 .text.dadd_shim
                0x10004300      0x15c CMakeFiles/reception.dir/C_/Program_Files/Raspberry_Pi/Pico_SDK_v1.5.1/pico-sdk/src/rp2_common/pico_double/double_v1_rom_shim.S.obj
                0x10004300                dadd_shim
 .text.dmul_shim
                0x1000445c      0x15c CMakeFiles/reception.dir/C_/Program_Files/Raspberry_Pi/Pico_SDK_v1.5.1/pico-sdk/src/rp2_common/pico_double/double_v1_rom_shim.S.obj
                0x1000445c                dmul_shim
 .text.ddiv_shim
                0x100045b8      0x1b0 CMakeFiles/reception.dir/C_/Program_Files/Raspberry_Pi/Pico_SDK_v1.5.1/pico-sdk/src/rp2_common/pico_double/double_v1_rom_shim.S.obj
                0x100045b8                ddiv_shim
 .text.double2uint_shim
                0x10004768        0xe CMakeFiles/reception.dir/C_/Program_Files/Raspberry_Pi/Pico_SDK_v1.5.1/pico-sdk/src/rp2_common/pico_double/double_v1_rom_shim.S.obj
                0x10004768                double2uint_shim
                0x1000476a                double2ufix_shim
 *fill*         0x10004776        0x2 
 .text.double2uint64_shim
                0x10004778       0x70 CMakeFiles/reception.dir/C_/Program_Files/Raspberry_Pi/Pico_SDK_v1.5.1/pico-sdk/src/rp2_common/pico_double/double_v1_rom_shim.S.obj
                0x10004778                double2uint64_shim
                0x1000477a                double2ufix64_shim
                0x1000479a                d2fix_a
 .text.dunpacks
                0x100047e8       0x3c CMakeFiles/reception.dir/C_/Program_Files/Raspberry_Pi/Pico_SDK_v1.5.1/pico-sdk/src/rp2_common/pico_double/double_v1_rom_shim.S.obj
                0x100047e8                dunpacks
 .text.__aeabi_lmul
                0x10004824       0x32 CMakeFiles/reception.dir/C_/Program_Files/Raspberry_Pi/Pico_SDK_v1.5.1/pico-sdk/src/rp2_common/pico_int64_ops/pico_int64_ops_aeabi.S.obj
                0x10004824                __wrap___aeabi_lmul
 *fill*         0x10004856        0x2 
 .text.__wrap___aeabi_farithmetic
                0x10004858       0x58 CMakeFiles/reception.dir/C_/Program_Files/Raspberry_Pi/Pico_SDK_v1.5.1/pico-sdk/src/rp2_common/pico_float/float_aeabi.S.obj
                0x10004858                __wrap___aeabi_frsub
                0x1000485e                __wrap___aeabi_fsub
                0x10004868                __wrap___aeabi_fadd
                0x10004872                __wrap___aeabi_fdiv
                0x1000489e                __wrap___aeabi_fmul
 .text.__wrap___aeabi_i2f
                0x100048b0       0x44 CMakeFiles/reception.dir/C_/Program_Files/Raspberry_Pi/Pico_SDK_v1.5.1/pico-sdk/src/rp2_common/pico_float/float_aeabi.S.obj
                0x100048b0                __wrap___aeabi_i2f
 .text.__wrap___aeabi_f2d
                0x100048f4       0x14 CMakeFiles/reception.dir/C_/Program_Files/Raspberry_Pi/Pico_SDK_v1.5.1/pico-sdk/src/rp2_common/pico_float/float_aeabi.S.obj
                0x100048f4                __wrap___aeabi_f2d
 .text.__aeabi_float_init
                0x10004908       0xfc CMakeFiles/reception.dir/C_/Program_Files/Raspberry_Pi/Pico_SDK_v1.5.1/pico-sdk/src/rp2_common/pico_float/float_init_rom.c.obj
                0x10004908                __aeabi_float_init
 .text.float_table_shim_on_use_helper
                0x10004a04       0x34 CMakeFiles/reception.dir/C_/Program_Files/Raspberry_Pi/Pico_SDK_v1.5.1/pico-sdk/src/rp2_common/pico_float/float_v1_rom_shim.S.obj
                0x10004a04                float_table_shim_on_use_helper
 .text.float2double_shim
                0x10004a38       0x30 CMakeFiles/reception.dir/C_/Program_Files/Raspberry_Pi/Pico_SDK_v1.5.1/pico-sdk/src/rp2_common/pico_float/float_v1_rom_shim.S.obj
                0x10004a38                float2double_shim
 .text.__wrap_malloc
                0x10004a68       0x24 CMakeFiles/reception.dir/C_/Program_Files/Raspberry_Pi/Pico_SDK_v1.5.1/pico-sdk/src/rp2_common/pico_malloc/pico_malloc.c.obj
                0x10004a68                __wrap_malloc
 .text.__wrap_free
                0x10004a8c        0x8 CMakeFiles/reception.dir/C_/Program_Files/Raspberry_Pi/Pico_SDK_v1.5.1/pico-sdk/src/rp2_common/pico_malloc/pico_malloc.c.obj
                0x10004a8c                __wrap_free
 .text          0x10004a94       0x10 CMakeFiles/reception.dir/C_/Program_Files/Raspberry_Pi/Pico_SDK_v1.5.1/pico-sdk/src/rp2_common/pico_mem_ops/mem_ops_aeabi.S.obj
                0x10004a94                __aeabi_mem_init
 .text.memset   0x10004aa4        0xc CMakeFiles/reception.dir/C_/Program_Files/Raspberry_Pi/Pico_SDK_v1.5.1/pico-sdk/src/rp2_common/pico_mem_ops/mem_ops_aeabi.S.obj
                0x10004aa4                __wrap_memset
 .text.memcpy   0x10004ab0        0xc CMakeFiles/reception.dir/C_/Program_Files/Raspberry_Pi/Pico_SDK_v1.5.1/pico-sdk/src/rp2_common/pico_mem_ops/mem_ops_aeabi.S.obj
                0x10004ab0                __wrap_memcpy
                0x10004ab0                __wrap___aeabi_memcpy
 .text.stdio_out_chars_no_crlf
                0x10004abc        0xe CMakeFiles/reception.dir/C_/Program_Files/Raspberry_Pi/Pico_SDK_v1.5.1/pico-sdk/src/rp2_common/pico_stdio/stdio.c.obj
 *fill*         0x10004aca        0x2 
 .text.stdio_out_chars_crlf
                0x10004acc       0x80 CMakeFiles/reception.dir/C_/Program_Files/Raspberry_Pi/Pico_SDK_v1.5.1/pico-sdk/src/rp2_common/pico_stdio/stdio.c.obj
 .text.stdio_stack_buffer_flush
                0x10004b4c       0x44 CMakeFiles/reception.dir/C_/Program_Files/Raspberry_Pi/Pico_SDK_v1.5.1/pico-sdk/src/rp2_common/pico_stdio/stdio.c.obj
 .text.stdio_buffered_printer
                0x10004b90       0x20 CMakeFiles/reception.dir/C_/Program_Files/Raspberry_Pi/Pico_SDK_v1.5.1/pico-sdk/src/rp2_common/pico_stdio/stdio.c.obj
 .text.stdout_serialize_begin
                0x10004bb0       0x5c CMakeFiles/reception.dir/C_/Program_Files/Raspberry_Pi/Pico_SDK_v1.5.1/pico-sdk/src/rp2_common/pico_stdio/stdio.c.obj
                0x10004bb0                stdout_serialize_begin
 .text.stdout_serialize_end
                0x10004c0c       0x10 CMakeFiles/reception.dir/C_/Program_Files/Raspberry_Pi/Pico_SDK_v1.5.1/pico-sdk/src/rp2_common/pico_stdio/stdio.c.obj
                0x10004c0c                stdout_serialize_end
 .text.stdio_put_string
                0x10004c1c       0x98 CMakeFiles/reception.dir/C_/Program_Files/Raspberry_Pi/Pico_SDK_v1.5.1/pico-sdk/src/rp2_common/pico_stdio/stdio.c.obj
 .text.stdio_set_driver_enabled
                0x10004cb4       0x2c CMakeFiles/reception.dir/C_/Program_Files/Raspberry_Pi/Pico_SDK_v1.5.1/pico-sdk/src/rp2_common/pico_stdio/stdio.c.obj
                0x10004cb4                stdio_set_driver_enabled
 .text.stdio_flush
                0x10004ce0       0x20 CMakeFiles/reception.dir/C_/Program_Files/Raspberry_Pi/Pico_SDK_v1.5.1/pico-sdk/src/rp2_common/pico_stdio/stdio.c.obj
                0x10004ce0                stdio_flush
 .text.__wrap_puts
                0x10004d00       0x1e CMakeFiles/reception.dir/C_/Program_Files/Raspberry_Pi/Pico_SDK_v1.5.1/pico-sdk/src/rp2_common/pico_stdio/stdio.c.obj
                0x10004d00                __wrap_puts
 *fill*         0x10004d1e        0x2 
 .text.__wrap_vprintf
                0x10004d20       0x40 CMakeFiles/reception.dir/C_/Program_Files/Raspberry_Pi/Pico_SDK_v1.5.1/pico-sdk/src/rp2_common/pico_stdio/stdio.c.obj
                0x10004d20                __wrap_vprintf
 .text.__wrap_printf
                0x10004d60       0x18 CMakeFiles/reception.dir/C_/Program_Files/Raspberry_Pi/Pico_SDK_v1.5.1/pico-sdk/src/rp2_common/pico_stdio/stdio.c.obj
                0x10004d60                __wrap_printf
 .text.stdio_init_all
                0x10004d78        0xe CMakeFiles/reception.dir/C_/Program_Files/Raspberry_Pi/Pico_SDK_v1.5.1/pico-sdk/src/rp2_common/pico_stdio/stdio.c.obj
                0x10004d78                stdio_init_all
 *fill*         0x10004d86        0x2 
 .text.stdio_uart_out_chars
                0x10004d88       0x74 CMakeFiles/reception.dir/C_/Program_Files/Raspberry_Pi/Pico_SDK_v1.5.1/pico-sdk/src/rp2_common/pico_stdio_uart/stdio_uart.c.obj
 .text.stdio_uart_in_chars
                0x10004dfc       0x80 CMakeFiles/reception.dir/C_/Program_Files/Raspberry_Pi/Pico_SDK_v1.5.1/pico-sdk/src/rp2_common/pico_stdio_uart/stdio_uart.c.obj
                0x10004dfc                stdio_uart_in_chars
 .text.on_uart_rx
                0x10004e7c       0x28 CMakeFiles/reception.dir/C_/Program_Files/Raspberry_Pi/Pico_SDK_v1.5.1/pico-sdk/src/rp2_common/pico_stdio_uart/stdio_uart.c.obj
 .text.stdio_uart_set_chars_available_callback
                0x10004ea4       0x8c CMakeFiles/reception.dir/C_/Program_Files/Raspberry_Pi/Pico_SDK_v1.5.1/pico-sdk/src/rp2_common/pico_stdio_uart/stdio_uart.c.obj
 .text.stdio_uart_init_full
                0x10004f30       0x44 CMakeFiles/reception.dir/C_/Program_Files/Raspberry_Pi/Pico_SDK_v1.5.1/pico-sdk/src/rp2_common/pico_stdio_uart/stdio_uart.c.obj
                0x10004f30                stdio_uart_init_full
 .text.stdio_uart_init
                0x10004f74       0x28 CMakeFiles/reception.dir/C_/Program_Files/Raspberry_Pi/Pico_SDK_v1.5.1/pico-sdk/src/rp2_common/pico_stdio_uart/stdio_uart.c.obj
                0x10004f74                stdio_uart_init
 .text.resetd_init
                0x10004f9c        0x2 CMakeFiles/reception.dir/C_/Program_Files/Raspberry_Pi/Pico_SDK_v1.5.1/pico-sdk/src/rp2_common/pico_stdio_usb/reset_interface.c.obj
 *fill*         0x10004f9e        0x2 
 .text.resetd_reset
                0x10004fa0        0xc CMakeFiles/reception.dir/C_/Program_Files/Raspberry_Pi/Pico_SDK_v1.5.1/pico-sdk/src/rp2_common/pico_stdio_usb/reset_interface.c.obj
 .text.resetd_open
                0x10004fac       0x34 CMakeFiles/reception.dir/C_/Program_Files/Raspberry_Pi/Pico_SDK_v1.5.1/pico-sdk/src/rp2_common/pico_stdio_usb/reset_interface.c.obj
 .text.resetd_xfer_cb
                0x10004fe0        0x4 CMakeFiles/reception.dir/C_/Program_Files/Raspberry_Pi/Pico_SDK_v1.5.1/pico-sdk/src/rp2_common/pico_stdio_usb/reset_interface.c.obj
 .text.reset_usb_boot
                0x10004fe4       0x18 CMakeFiles/reception.dir/C_/Program_Files/Raspberry_Pi/Pico_SDK_v1.5.1/pico-sdk/src/rp2_common/pico_stdio_usb/reset_interface.c.obj
 .text.resetd_control_xfer_cb
                0x10004ffc       0x5c CMakeFiles/reception.dir/C_/Program_Files/Raspberry_Pi/Pico_SDK_v1.5.1/pico-sdk/src/rp2_common/pico_stdio_usb/reset_interface.c.obj
 .text.usbd_app_driver_get_cb
                0x10005058        0xc CMakeFiles/reception.dir/C_/Program_Files/Raspberry_Pi/Pico_SDK_v1.5.1/pico-sdk/src/rp2_common/pico_stdio_usb/reset_interface.c.obj
                0x10005058                usbd_app_driver_get_cb
 .text.tud_cdc_line_coding_cb
                0x10005064       0x28 CMakeFiles/reception.dir/C_/Program_Files/Raspberry_Pi/Pico_SDK_v1.5.1/pico-sdk/src/rp2_common/pico_stdio_usb/reset_interface.c.obj
                0x10005064                tud_cdc_line_coding_cb
 .text.stdio_usb_set_chars_available_callback
                0x1000508c       0x14 CMakeFiles/reception.dir/C_/Program_Files/Raspberry_Pi/Pico_SDK_v1.5.1/pico-sdk/src/rp2_common/pico_stdio_usb/stdio_usb.c.obj
                0x1000508c                stdio_usb_set_chars_available_callback
 .text.usb_irq  0x100050a0       0x10 CMakeFiles/reception.dir/C_/Program_Files/Raspberry_Pi/Pico_SDK_v1.5.1/pico-sdk/src/rp2_common/pico_stdio_usb/stdio_usb.c.obj
 .text.timer_task
                0x100050b0       0x5c CMakeFiles/reception.dir/C_/Program_Files/Raspberry_Pi/Pico_SDK_v1.5.1/pico-sdk/src/rp2_common/pico_stdio_usb/stdio_usb.c.obj
 .text.low_priority_worker_irq
                0x1000510c       0xdc CMakeFiles/reception.dir/C_/Program_Files/Raspberry_Pi/Pico_SDK_v1.5.1/pico-sdk/src/rp2_common/pico_stdio_usb/stdio_usb.c.obj
 .text.tud_cdc_rx_cb
                0x100051e8       0x20 CMakeFiles/reception.dir/C_/Program_Files/Raspberry_Pi/Pico_SDK_v1.5.1/pico-sdk/src/rp2_common/pico_stdio_usb/stdio_usb.c.obj
                0x100051e8                tud_cdc_rx_cb
 .text.stdio_usb_init
                0x10005208      0x11c CMakeFiles/reception.dir/C_/Program_Files/Raspberry_Pi/Pico_SDK_v1.5.1/pico-sdk/src/rp2_common/pico_stdio_usb/stdio_usb.c.obj
                0x10005208                stdio_usb_init
 .text.stdio_usb_connected
                0x10005324        0xa CMakeFiles/reception.dir/C_/Program_Files/Raspberry_Pi/Pico_SDK_v1.5.1/pico-sdk/src/rp2_common/pico_stdio_usb/stdio_usb.c.obj
                0x10005324                stdio_usb_connected
 *fill*         0x1000532e        0x2 
 .text.stdio_usb_in_chars
                0x10005330       0xc4 CMakeFiles/reception.dir/C_/Program_Files/Raspberry_Pi/Pico_SDK_v1.5.1/pico-sdk/src/rp2_common/pico_stdio_usb/stdio_usb.c.obj
                0x10005330                stdio_usb_in_chars
 .text.stdio_usb_out_chars
                0x100053f4      0x114 CMakeFiles/reception.dir/C_/Program_Files/Raspberry_Pi/Pico_SDK_v1.5.1/pico-sdk/src/rp2_common/pico_stdio_usb/stdio_usb.c.obj
 .text.tud_descriptor_device_cb
                0x10005508        0x8 CMakeFiles/reception.dir/C_/Program_Files/Raspberry_Pi/Pico_SDK_v1.5.1/pico-sdk/src/rp2_common/pico_stdio_usb/stdio_usb_descriptors.c.obj
                0x10005508                tud_descriptor_device_cb
 .text.tud_descriptor_configuration_cb
                0x10005510        0x8 CMakeFiles/reception.dir/C_/Program_Files/Raspberry_Pi/Pico_SDK_v1.5.1/pico-sdk/src/rp2_common/pico_stdio_usb/stdio_usb_descriptors.c.obj
                0x10005510                tud_descriptor_configuration_cb
 .text.tud_descriptor_string_cb
                0x10005518       0x6c CMakeFiles/reception.dir/C_/Program_Files/Raspberry_Pi/Pico_SDK_v1.5.1/pico-sdk/src/rp2_common/pico_stdio_usb/stdio_usb_descriptors.c.obj
                0x10005518                tud_descriptor_string_cb
 .text._retrieve_unique_id_on_boot
                0x10005584       0x10 CMakeFiles/reception.dir/C_/Program_Files/Raspberry_Pi/Pico_SDK_v1.5.1/pico-sdk/src/rp2_common/pico_unique_id/unique_id.c.obj
 .text.pico_get_unique_board_id_string
                0x10005594       0x60 CMakeFiles/reception.dir/C_/Program_Files/Raspberry_Pi/Pico_SDK_v1.5.1/pico-sdk/src/rp2_common/pico_unique_id/unique_id.c.obj
                0x10005594                pico_get_unique_board_id_string
 .text.flash_get_unique_id
                0x100055f4       0x46 CMakeFiles/reception.dir/C_/Program_Files/Raspberry_Pi/Pico_SDK_v1.5.1/pico-sdk/src/rp2_common/hardware_flash/flash.c.obj
                0x100055f4                flash_get_unique_id
 *fill*         0x1000563a        0x2 
 .text.hw_endpoint_get_by_addr
                0x1000563c       0x18 CMakeFiles/reception.dir/C_/Program_Files/Raspberry_Pi/Pico_SDK_v1.5.1/pico-sdk/lib/tinyusb/src/portable/raspberrypi/rp2040/dcd_rp2040.c.obj
 .text._hw_endpoint_alloc
                0x10005654       0x70 CMakeFiles/reception.dir/C_/Program_Files/Raspberry_Pi/Pico_SDK_v1.5.1/pico-sdk/lib/tinyusb/src/portable/raspberrypi/rp2040/dcd_rp2040.c.obj
 .text.hw_endpoint_init
                0x100056c4       0x88 CMakeFiles/reception.dir/C_/Program_Files/Raspberry_Pi/Pico_SDK_v1.5.1/pico-sdk/lib/tinyusb/src/portable/raspberrypi/rp2040/dcd_rp2040.c.obj
 .text.hw_endpoint_xfer
                0x1000574c       0x14 CMakeFiles/reception.dir/C_/Program_Files/Raspberry_Pi/Pico_SDK_v1.5.1/pico-sdk/lib/tinyusb/src/portable/raspberrypi/rp2040/dcd_rp2040.c.obj
 .text.dcd_int_enable
                0x10005760       0x2c CMakeFiles/reception.dir/C_/Program_Files/Raspberry_Pi/Pico_SDK_v1.5.1/pico-sdk/lib/tinyusb/src/portable/raspberrypi/rp2040/dcd_rp2040.c.obj
                0x10005760                dcd_int_enable
 .text.dcd_set_address
                0x1000578c       0x2c CMakeFiles/reception.dir/C_/Program_Files/Raspberry_Pi/Pico_SDK_v1.5.1/pico-sdk/lib/tinyusb/src/portable/raspberrypi/rp2040/dcd_rp2040.c.obj
                0x1000578c                dcd_set_address
 .text.dcd_connect
                0x100057b8       0x10 CMakeFiles/reception.dir/C_/Program_Files/Raspberry_Pi/Pico_SDK_v1.5.1/pico-sdk/lib/tinyusb/src/portable/raspberrypi/rp2040/dcd_rp2040.c.obj
                0x100057b8                dcd_connect
 .text.dcd_init
                0x100057c8       0x80 CMakeFiles/reception.dir/C_/Program_Files/Raspberry_Pi/Pico_SDK_v1.5.1/pico-sdk/lib/tinyusb/src/portable/raspberrypi/rp2040/dcd_rp2040.c.obj
                0x100057c8                dcd_init
 .text.dcd_edpt0_status_complete
                0x10005848       0x1c CMakeFiles/reception.dir/C_/Program_Files/Raspberry_Pi/Pico_SDK_v1.5.1/pico-sdk/lib/tinyusb/src/portable/raspberrypi/rp2040/dcd_rp2040.c.obj
                0x10005848                dcd_edpt0_status_complete
 .text.dcd_edpt_open
                0x10005864       0x40 CMakeFiles/reception.dir/C_/Program_Files/Raspberry_Pi/Pico_SDK_v1.5.1/pico-sdk/lib/tinyusb/src/portable/raspberrypi/rp2040/dcd_rp2040.c.obj
                0x10005864                dcd_edpt_open
 .text.dcd_edpt_close_all
                0x100058a4        0x8 CMakeFiles/reception.dir/C_/Program_Files/Raspberry_Pi/Pico_SDK_v1.5.1/pico-sdk/lib/tinyusb/src/portable/raspberrypi/rp2040/dcd_rp2040.c.obj
                0x100058a4                dcd_edpt_close_all
 .text.dcd_edpt_xfer
                0x100058ac       0x34 CMakeFiles/reception.dir/C_/Program_Files/Raspberry_Pi/Pico_SDK_v1.5.1/pico-sdk/lib/tinyusb/src/portable/raspberrypi/rp2040/dcd_rp2040.c.obj
                0x100058ac                dcd_edpt_xfer
 .text.dcd_edpt_stall
                0x100058e0       0x2c CMakeFiles/reception.dir/C_/Program_Files/Raspberry_Pi/Pico_SDK_v1.5.1/pico-sdk/lib/tinyusb/src/portable/raspberrypi/rp2040/dcd_rp2040.c.obj
                0x100058e0                dcd_edpt_stall
 .text.dcd_edpt_clear_stall
                0x1000590c       0x20 CMakeFiles/reception.dir/C_/Program_Files/Raspberry_Pi/Pico_SDK_v1.5.1/pico-sdk/lib/tinyusb/src/portable/raspberrypi/rp2040/dcd_rp2040.c.obj
                0x1000590c                dcd_edpt_clear_stall
 .text.rp2040_usb_init
                0x1000592c       0x4c CMakeFiles/reception.dir/C_/Program_Files/Raspberry_Pi/Pico_SDK_v1.5.1/pico-sdk/lib/tinyusb/src/portable/raspberrypi/rp2040/rp2040_usb.c.obj
                0x1000592c                rp2040_usb_init
 .text.hw_endpoint_xfer_start
                0x10005978       0x50 CMakeFiles/reception.dir/C_/Program_Files/Raspberry_Pi/Pico_SDK_v1.5.1/pico-sdk/lib/tinyusb/src/portable/raspberrypi/rp2040/rp2040_usb.c.obj
                0x10005978                hw_endpoint_xfer_start
 .text.configuration_reset
                0x100059c8       0x84 CMakeFiles/reception.dir/C_/Program_Files/Raspberry_Pi/Pico_SDK_v1.5.1/pico-sdk/lib/tinyusb/src/device/usbd.c.obj
 .text.usbd_reset
                0x10005a4c        0xc CMakeFiles/reception.dir/C_/Program_Files/Raspberry_Pi/Pico_SDK_v1.5.1/pico-sdk/lib/tinyusb/src/device/usbd.c.obj
 .text.invoke_class_control
                0x10005a58       0x1a CMakeFiles/reception.dir/C_/Program_Files/Raspberry_Pi/Pico_SDK_v1.5.1/pico-sdk/lib/tinyusb/src/device/usbd.c.obj
 *fill*         0x10005a72        0x2 
 .text.process_set_config
                0x10005a74      0x178 CMakeFiles/reception.dir/C_/Program_Files/Raspberry_Pi/Pico_SDK_v1.5.1/pico-sdk/lib/tinyusb/src/device/usbd.c.obj
 .text.process_get_descriptor
                0x10005bec       0xdc CMakeFiles/reception.dir/C_/Program_Files/Raspberry_Pi/Pico_SDK_v1.5.1/pico-sdk/lib/tinyusb/src/device/usbd.c.obj
 .text.tud_mounted
                0x10005cc8       0x10 CMakeFiles/reception.dir/C_/Program_Files/Raspberry_Pi/Pico_SDK_v1.5.1/pico-sdk/lib/tinyusb/src/device/usbd.c.obj
                0x10005cc8                tud_mounted
 .text.tud_suspended
                0x10005cd8       0x10 CMakeFiles/reception.dir/C_/Program_Files/Raspberry_Pi/Pico_SDK_v1.5.1/pico-sdk/lib/tinyusb/src/device/usbd.c.obj
                0x10005cd8                tud_suspended
 .text.tud_inited
                0x10005ce8       0x14 CMakeFiles/reception.dir/C_/Program_Files/Raspberry_Pi/Pico_SDK_v1.5.1/pico-sdk/lib/tinyusb/src/device/usbd.c.obj
                0x10005ce8                tud_inited
 .text.tud_init
                0x10005cfc       0xcc CMakeFiles/reception.dir/C_/Program_Files/Raspberry_Pi/Pico_SDK_v1.5.1/pico-sdk/lib/tinyusb/src/device/usbd.c.obj
                0x10005cfc                tud_init
 .text.usbd_defer_func
                0x10005dc8       0x2a CMakeFiles/reception.dir/C_/Program_Files/Raspberry_Pi/Pico_SDK_v1.5.1/pico-sdk/lib/tinyusb/src/device/usbd.c.obj
                0x10005dc8                usbd_defer_func
 *fill*         0x10005df2        0x2 
 .text.usbd_edpt_open
                0x10005df4       0x34 CMakeFiles/reception.dir/C_/Program_Files/Raspberry_Pi/Pico_SDK_v1.5.1/pico-sdk/lib/tinyusb/src/device/usbd.c.obj
                0x10005df4                usbd_edpt_open
 .text.usbd_open_edpt_pair
                0x10005e28       0x62 CMakeFiles/reception.dir/C_/Program_Files/Raspberry_Pi/Pico_SDK_v1.5.1/pico-sdk/lib/tinyusb/src/device/usbd.c.obj
                0x10005e28                usbd_open_edpt_pair
 *fill*         0x10005e8a        0x2 
 .text.usbd_edpt_claim
                0x10005e8c       0x28 CMakeFiles/reception.dir/C_/Program_Files/Raspberry_Pi/Pico_SDK_v1.5.1/pico-sdk/lib/tinyusb/src/device/usbd.c.obj
                0x10005e8c                usbd_edpt_claim
 .text.usbd_edpt_release
                0x10005eb4       0x28 CMakeFiles/reception.dir/C_/Program_Files/Raspberry_Pi/Pico_SDK_v1.5.1/pico-sdk/lib/tinyusb/src/device/usbd.c.obj
                0x10005eb4                usbd_edpt_release
 .text.usbd_edpt_xfer
                0x10005edc       0x78 CMakeFiles/reception.dir/C_/Program_Files/Raspberry_Pi/Pico_SDK_v1.5.1/pico-sdk/lib/tinyusb/src/device/usbd.c.obj
                0x10005edc                usbd_edpt_xfer
 .text.usbd_edpt_stall
                0x10005f54       0x48 CMakeFiles/reception.dir/C_/Program_Files/Raspberry_Pi/Pico_SDK_v1.5.1/pico-sdk/lib/tinyusb/src/device/usbd.c.obj
                0x10005f54                usbd_edpt_stall
 .text.usbd_edpt_clear_stall
                0x10005f9c       0x48 CMakeFiles/reception.dir/C_/Program_Files/Raspberry_Pi/Pico_SDK_v1.5.1/pico-sdk/lib/tinyusb/src/device/usbd.c.obj
                0x10005f9c                usbd_edpt_clear_stall
 .text.usbd_edpt_stalled
                0x10005fe4       0x1c CMakeFiles/reception.dir/C_/Program_Files/Raspberry_Pi/Pico_SDK_v1.5.1/pico-sdk/lib/tinyusb/src/device/usbd.c.obj
                0x10005fe4                usbd_edpt_stalled
 .text.process_control_request
                0x10006000      0x37c CMakeFiles/reception.dir/C_/Program_Files/Raspberry_Pi/Pico_SDK_v1.5.1/pico-sdk/lib/tinyusb/src/device/usbd.c.obj
 .text.tud_task_ext
                0x1000637c      0x1b8 CMakeFiles/reception.dir/C_/Program_Files/Raspberry_Pi/Pico_SDK_v1.5.1/pico-sdk/lib/tinyusb/src/device/usbd.c.obj
                0x1000637c                tud_task_ext
 .text._data_stage_xact
                0x10006534       0x58 CMakeFiles/reception.dir/C_/Program_Files/Raspberry_Pi/Pico_SDK_v1.5.1/pico-sdk/lib/tinyusb/src/device/usbd_control.c.obj
 .text.tud_control_status
                0x1000658c       0x38 CMakeFiles/reception.dir/C_/Program_Files/Raspberry_Pi/Pico_SDK_v1.5.1/pico-sdk/lib/tinyusb/src/device/usbd_control.c.obj
                0x1000658c                tud_control_status
 .text.tud_control_xfer
                0x100065c4       0x74 CMakeFiles/reception.dir/C_/Program_Files/Raspberry_Pi/Pico_SDK_v1.5.1/pico-sdk/lib/tinyusb/src/device/usbd_control.c.obj
                0x100065c4                tud_control_xfer
 .text.usbd_control_reset
                0x10006638       0x14 CMakeFiles/reception.dir/C_/Program_Files/Raspberry_Pi/Pico_SDK_v1.5.1/pico-sdk/lib/tinyusb/src/device/usbd_control.c.obj
                0x10006638                usbd_control_reset
 .text.usbd_control_set_complete_callback
                0x1000664c        0xc CMakeFiles/reception.dir/C_/Program_Files/Raspberry_Pi/Pico_SDK_v1.5.1/pico-sdk/lib/tinyusb/src/device/usbd_control.c.obj
                0x1000664c                usbd_control_set_complete_callback
 .text.usbd_control_set_request
                0x10006658       0x1c CMakeFiles/reception.dir/C_/Program_Files/Raspberry_Pi/Pico_SDK_v1.5.1/pico-sdk/lib/tinyusb/src/device/usbd_control.c.obj
                0x10006658                usbd_control_set_request
 .text.usbd_control_xfer_cb
                0x10006674       0xcc CMakeFiles/reception.dir/C_/Program_Files/Raspberry_Pi/Pico_SDK_v1.5.1/pico-sdk/lib/tinyusb/src/device/usbd_control.c.obj
                0x10006674                usbd_control_xfer_cb
 .text._prep_out_transaction
                0x10006740       0x4a CMakeFiles/reception.dir/C_/Program_Files/Raspberry_Pi/Pico_SDK_v1.5.1/pico-sdk/lib/tinyusb/src/class/cdc/cdc_device.c.obj
 *fill*         0x1000678a        0x2 
 .text.tud_cdc_n_connected
                0x1000678c       0x44 CMakeFiles/reception.dir/C_/Program_Files/Raspberry_Pi/Pico_SDK_v1.5.1/pico-sdk/lib/tinyusb/src/class/cdc/cdc_device.c.obj
                0x1000678c                tud_cdc_n_connected
 .text.tud_cdc_n_available
                0x100067d0       0x18 CMakeFiles/reception.dir/C_/Program_Files/Raspberry_Pi/Pico_SDK_v1.5.1/pico-sdk/lib/tinyusb/src/class/cdc/cdc_device.c.obj
                0x100067d0                tud_cdc_n_available
 .text.tud_cdc_n_read
                0x100067e8       0x28 CMakeFiles/reception.dir/C_/Program_Files/Raspberry_Pi/Pico_SDK_v1.5.1/pico-sdk/lib/tinyusb/src/class/cdc/cdc_device.c.obj
                0x100067e8                tud_cdc_n_read
 .text.tud_cdc_n_write_flush
                0x10006810       0xb8 CMakeFiles/reception.dir/C_/Program_Files/Raspberry_Pi/Pico_SDK_v1.5.1/pico-sdk/lib/tinyusb/src/class/cdc/cdc_device.c.obj
                0x10006810                tud_cdc_n_write_flush
 .text.tud_cdc_n_write
                0x100068c8       0x38 CMakeFiles/reception.dir/C_/Program_Files/Raspberry_Pi/Pico_SDK_v1.5.1/pico-sdk/lib/tinyusb/src/class/cdc/cdc_device.c.obj
                0x100068c8                tud_cdc_n_write
 .text.tud_cdc_n_write_available
                0x10006900       0x1c CMakeFiles/reception.dir/C_/Program_Files/Raspberry_Pi/Pico_SDK_v1.5.1/pico-sdk/lib/tinyusb/src/class/cdc/cdc_device.c.obj
                0x10006900                tud_cdc_n_write_available
 .text.cdcd_init
                0x1000691c       0xbc CMakeFiles/reception.dir/C_/Program_Files/Raspberry_Pi/Pico_SDK_v1.5.1/pico-sdk/lib/tinyusb/src/class/cdc/cdc_device.c.obj
                0x1000691c                cdcd_init
 .text.cdcd_reset
                0x100069d8       0x44 CMakeFiles/reception.dir/C_/Program_Files/Raspberry_Pi/Pico_SDK_v1.5.1/pico-sdk/lib/tinyusb/src/class/cdc/cdc_device.c.obj
                0x100069d8                cdcd_reset
 .text.cdcd_open
                0x10006a1c       0xcc CMakeFiles/reception.dir/C_/Program_Files/Raspberry_Pi/Pico_SDK_v1.5.1/pico-sdk/lib/tinyusb/src/class/cdc/cdc_device.c.obj
                0x10006a1c                cdcd_open
 .text.cdcd_control_xfer_cb
                0x10006ae8      0x134 CMakeFiles/reception.dir/C_/Program_Files/Raspberry_Pi/Pico_SDK_v1.5.1/pico-sdk/lib/tinyusb/src/class/cdc/cdc_device.c.obj
                0x10006ae8                cdcd_control_xfer_cb
 .text.cdcd_xfer_cb
                0x10006c1c      0x130 CMakeFiles/reception.dir/C_/Program_Files/Raspberry_Pi/Pico_SDK_v1.5.1/pico-sdk/lib/tinyusb/src/class/cdc/cdc_device.c.obj
                0x10006c1c                cdcd_xfer_cb
 .text.tusb_init
                0x10006d4c        0xa CMakeFiles/reception.dir/C_/Program_Files/Raspberry_Pi/Pico_SDK_v1.5.1/pico-sdk/lib/tinyusb/src/tusb.c.obj
                0x10006d4c                tusb_init
 .text.tusb_inited
                0x10006d56        0xe CMakeFiles/reception.dir/C_/Program_Files/Raspberry_Pi/Pico_SDK_v1.5.1/pico-sdk/lib/tinyusb/src/tusb.c.obj
                0x10006d56                tusb_inited
 .text.tu_edpt_claim
                0x10006d64       0x50 CMakeFiles/reception.dir/C_/Program_Files/Raspberry_Pi/Pico_SDK_v1.5.1/pico-sdk/lib/tinyusb/src/tusb.c.obj
                0x10006d64                tu_edpt_claim
 .text.tu_edpt_release
                0x10006db4       0x3c CMakeFiles/reception.dir/C_/Program_Files/Raspberry_Pi/Pico_SDK_v1.5.1/pico-sdk/lib/tinyusb/src/tusb.c.obj
                0x10006db4                tu_edpt_release
 .text.tu_edpt_validate
                0x10006df0       0x78 CMakeFiles/reception.dir/C_/Program_Files/Raspberry_Pi/Pico_SDK_v1.5.1/pico-sdk/lib/tinyusb/src/tusb.c.obj
                0x10006df0                tu_edpt_validate
 .text.tu_edpt_bind_driver
                0x10006e68       0x26 CMakeFiles/reception.dir/C_/Program_Files/Raspberry_Pi/Pico_SDK_v1.5.1/pico-sdk/lib/tinyusb/src/tusb.c.obj
                0x10006e68                tu_edpt_bind_driver
 .text.advance_index
                0x10006e8e       0x1a CMakeFiles/reception.dir/C_/Program_Files/Raspberry_Pi/Pico_SDK_v1.5.1/pico-sdk/lib/tinyusb/src/common/tusb_fifo.c.obj
 .text._tu_fifo_peek
                0x10006ea8       0x56 CMakeFiles/reception.dir/C_/Program_Files/Raspberry_Pi/Pico_SDK_v1.5.1/pico-sdk/lib/tinyusb/src/common/tusb_fifo.c.obj
 .text._ff_pull_const_addr
                0x10006efe       0x4c CMakeFiles/reception.dir/C_/Program_Files/Raspberry_Pi/Pico_SDK_v1.5.1/pico-sdk/lib/tinyusb/src/common/tusb_fifo.c.obj
 .text._ff_pull_n
                0x10006f4a      0x110 CMakeFiles/reception.dir/C_/Program_Files/Raspberry_Pi/Pico_SDK_v1.5.1/pico-sdk/lib/tinyusb/src/common/tusb_fifo.c.obj
 .text._tu_fifo_peek_n
                0x1000705a       0x6a CMakeFiles/reception.dir/C_/Program_Files/Raspberry_Pi/Pico_SDK_v1.5.1/pico-sdk/lib/tinyusb/src/common/tusb_fifo.c.obj
 .text._tu_fifo_read_n
                0x100070c4       0x4e CMakeFiles/reception.dir/C_/Program_Files/Raspberry_Pi/Pico_SDK_v1.5.1/pico-sdk/lib/tinyusb/src/common/tusb_fifo.c.obj
 .text._ff_push_const_addr
                0x10007112       0x40 CMakeFiles/reception.dir/C_/Program_Files/Raspberry_Pi/Pico_SDK_v1.5.1/pico-sdk/lib/tinyusb/src/common/tusb_fifo.c.obj
 .text._ff_push_n
                0x10007152      0x10c CMakeFiles/reception.dir/C_/Program_Files/Raspberry_Pi/Pico_SDK_v1.5.1/pico-sdk/lib/tinyusb/src/common/tusb_fifo.c.obj
 .text._tu_fifo_write_n
                0x1000725e       0xf0 CMakeFiles/reception.dir/C_/Program_Files/Raspberry_Pi/Pico_SDK_v1.5.1/pico-sdk/lib/tinyusb/src/common/tusb_fifo.c.obj
 .text.tu_fifo_config
                0x1000734e       0x7c CMakeFiles/reception.dir/C_/Program_Files/Raspberry_Pi/Pico_SDK_v1.5.1/pico-sdk/lib/tinyusb/src/common/tusb_fifo.c.obj
                0x1000734e                tu_fifo_config
 .text.tu_fifo_count
                0x100073ca       0x2a CMakeFiles/reception.dir/C_/Program_Files/Raspberry_Pi/Pico_SDK_v1.5.1/pico-sdk/lib/tinyusb/src/common/tusb_fifo.c.obj
                0x100073ca                tu_fifo_count
 .text.tu_fifo_empty
                0x100073f4       0x10 CMakeFiles/reception.dir/C_/Program_Files/Raspberry_Pi/Pico_SDK_v1.5.1/pico-sdk/lib/tinyusb/src/common/tusb_fifo.c.obj
                0x100073f4                tu_fifo_empty
 .text.tu_fifo_full
                0x10007404       0x28 CMakeFiles/reception.dir/C_/Program_Files/Raspberry_Pi/Pico_SDK_v1.5.1/pico-sdk/lib/tinyusb/src/common/tusb_fifo.c.obj
                0x10007404                tu_fifo_full
 .text.tu_fifo_remaining
                0x1000742c       0x2c CMakeFiles/reception.dir/C_/Program_Files/Raspberry_Pi/Pico_SDK_v1.5.1/pico-sdk/lib/tinyusb/src/common/tusb_fifo.c.obj
                0x1000742c                tu_fifo_remaining
 .text.tu_fifo_read
                0x10007458       0x42 CMakeFiles/reception.dir/C_/Program_Files/Raspberry_Pi/Pico_SDK_v1.5.1/pico-sdk/lib/tinyusb/src/common/tusb_fifo.c.obj
                0x10007458                tu_fifo_read
 .text.tu_fifo_read_n
                0x1000749a        0xa CMakeFiles/reception.dir/C_/Program_Files/Raspberry_Pi/Pico_SDK_v1.5.1/pico-sdk/lib/tinyusb/src/common/tusb_fifo.c.obj
                0x1000749a                tu_fifo_read_n
 .text.tu_fifo_write
                0x100074a4       0x64 CMakeFiles/reception.dir/C_/Program_Files/Raspberry_Pi/Pico_SDK_v1.5.1/pico-sdk/lib/tinyusb/src/common/tusb_fifo.c.obj
                0x100074a4                tu_fifo_write
 .text.tu_fifo_write_n
                0x10007508        0xa CMakeFiles/reception.dir/C_/Program_Files/Raspberry_Pi/Pico_SDK_v1.5.1/pico-sdk/lib/tinyusb/src/common/tusb_fifo.c.obj
                0x10007508                tu_fifo_write_n
 .text.tu_fifo_clear
                0x10007512       0x3e CMakeFiles/reception.dir/C_/Program_Files/Raspberry_Pi/Pico_SDK_v1.5.1/pico-sdk/lib/tinyusb/src/common/tusb_fifo.c.obj
                0x10007512                tu_fifo_clear
 .text.tu_fifo_set_overwritable
                0x10007550       0x46 CMakeFiles/reception.dir/C_/Program_Files/Raspberry_Pi/Pico_SDK_v1.5.1/pico-sdk/lib/tinyusb/src/common/tusb_fifo.c.obj
                0x10007550                tu_fifo_set_overwritable
 *fill*         0x10007596        0x2 
 .text.adc_init
                0x10007598       0x34 CMakeFiles/reception.dir/C_/Program_Files/Raspberry_Pi/Pico_SDK_v1.5.1/pico-sdk/src/rp2_common/hardware_adc/adc.c.obj
                0x10007598                adc_init
 .text.malloc   0x100075cc       0x14 c:/progra~1/raspbe~1/picosd~1.1/gcc-ar~1/bin/../lib/gcc/arm-none-eabi/10.3.1/../../../../arm-none-eabi/lib/thumb/v6-m/nofp\libg.a(lib_a-malloc.o)
                0x100075cc                malloc
 .text.free     0x100075e0       0x14 c:/progra~1/raspbe~1/picosd~1.1/gcc-ar~1/bin/../lib/gcc/arm-none-eabi/10.3.1/../../../../arm-none-eabi/lib/thumb/v6-m/nofp\libg.a(lib_a-malloc.o)
                0x100075e0                free
 .text._malloc_r
                0x100075f4      0x584 c:/progra~1/raspbe~1/picosd~1.1/gcc-ar~1/bin/../lib/gcc/arm-none-eabi/10.3.1/../../../../arm-none-eabi/lib/thumb/v6-m/nofp\libg.a(lib_a-mallocr.o)
                0x100075f4                _malloc_r
 .text.__malloc_lock
                0x10007b78       0x10 c:/progra~1/raspbe~1/picosd~1.1/gcc-ar~1/bin/../lib/gcc/arm-none-eabi/10.3.1/../../../../arm-none-eabi/lib/thumb/v6-m/nofp\libg.a(lib_a-mlock.o)
                0x10007b78                __malloc_lock
 .text.__malloc_unlock
                0x10007b88       0x10 c:/progra~1/raspbe~1/picosd~1.1/gcc-ar~1/bin/../lib/gcc/arm-none-eabi/10.3.1/../../../../arm-none-eabi/lib/thumb/v6-m/nofp\libg.a(lib_a-mlock.o)
                0x10007b88                __malloc_unlock
 .text._sbrk_r  0x10007b98       0x24 c:/progra~1/raspbe~1/picosd~1.1/gcc-ar~1/bin/../lib/gcc/arm-none-eabi/10.3.1/../../../../arm-none-eabi/lib/thumb/v6-m/nofp\libg.a(lib_a-sbrkr.o)
                0x10007b98                _sbrk_r
 .text.strcat   0x10007bbc       0x4c c:/progra~1/raspbe~1/picosd~1.1/gcc-ar~1/bin/../lib/gcc/arm-none-eabi/10.3.1/../../../../arm-none-eabi/lib/thumb/v6-m/nofp\libg.a(lib_a-strcat.o)
                0x10007bbc                strcat
 .text.strcpy   0x10007c08       0x10 c:/progra~1/raspbe~1/picosd~1.1/gcc-ar~1/bin/../lib/gcc/arm-none-eabi/10.3.1/../../../../arm-none-eabi/lib/thumb/v6-m/nofp\libg.a(lib_a-strcpy.o)
                0x10007c08                strcpy
 .text.strlen   0x10007c18       0x5c c:/progra~1/raspbe~1/picosd~1.1/gcc-ar~1/bin/../lib/gcc/arm-none-eabi/10.3.1/../../../../arm-none-eabi/lib/thumb/v6-m/nofp\libg.a(lib_a-strlen-stub.o)
                0x10007c18                strlen
 .text._malloc_trim_r
                0x10007c74       0x9c c:/progra~1/raspbe~1/picosd~1.1/gcc-ar~1/bin/../lib/gcc/arm-none-eabi/10.3.1/../../../../arm-none-eabi/lib/thumb/v6-m/nofp\libg.a(lib_a-freer.o)
                0x10007c74                _malloc_trim_r
 .text._free_r  0x10007d10      0x1c4 c:/progra~1/raspbe~1/picosd~1.1/gcc-ar~1/bin/../lib/gcc/arm-none-eabi/10.3.1/../../../../arm-none-eabi/lib/thumb/v6-m/nofp\libg.a(lib_a-freer.o)
                0x10007d10                _free_r
 .text.__retarget_lock_acquire_recursive
                0x10007ed4        0x4 c:/progra~1/raspbe~1/picosd~1.1/gcc-ar~1/bin/../lib/gcc/arm-none-eabi/10.3.1/../../../../arm-none-eabi/lib/thumb/v6-m/nofp\libg.a(lib_a-lock.o)
                0x10007ed4                __retarget_lock_acquire_recursive
 .text.__retarget_lock_release_recursive
                0x10007ed8        0x4 c:/progra~1/raspbe~1/picosd~1.1/gcc-ar~1/bin/../lib/gcc/arm-none-eabi/10.3.1/../../../../arm-none-eabi/lib/thumb/v6-m/nofp\libg.a(lib_a-lock.o)
                0x10007ed8                __retarget_lock_release_recursive
 *(.fini)
 .fini          0x10007edc        0x4 c:/progra~1/raspbe~1/picosd~1.1/gcc-ar~1/bin/../lib/gcc/arm-none-eabi/10.3.1/thumb/v6-m/nofp/crti.o
                0x10007edc                _fini
 .fini.__stub   0x10007ee0       0xe0 linker stubs
 *crtbegin.o(.ctors)
 *crtbegin?.o(.ctors)
 *(EXCLUDE_FILE(*crtend.o *crtend?.o) .ctors)
 *(SORT_BY_NAME(.ctors.*))
 *(.ctors)
 *crtbegin.o(.dtors)
 *crtbegin?.o(.dtors)
 *(EXCLUDE_FILE(*crtend.o *crtend?.o) .dtors)
 *(SORT_BY_NAME(.dtors.*))
 *(.dtors)
 *(.eh_frame*)
 .eh_frame      0x10007fc0        0x0 c:/progra~1/raspbe~1/picosd~1.1/gcc-ar~1/bin/../lib/gcc/arm-none-eabi/10.3.1/thumb/v6-m/nofp/crtbegin.o
                0x10007fc0                . = ALIGN (0x4)

.glue_7         0x10007fc0        0x0
 .glue_7        0x10007fc0        0x0 linker stubs

.glue_7t        0x10007fc0        0x0
 .glue_7t       0x10007fc0        0x0 linker stubs

.vfp11_veneer   0x10007fc0        0x0
 .vfp11_veneer  0x10007fc0        0x0 linker stubs

.v4_bx          0x10007fc0        0x0
 .v4_bx         0x10007fc0        0x0 linker stubs

.iplt           0x10007fc0        0x0
 .iplt          0x10007fc0        0x0 c:/progra~1/raspbe~1/picosd~1.1/gcc-ar~1/bin/../lib/gcc/arm-none-eabi/10.3.1/thumb/v6-m/nofp/crtbegin.o

.rodata         0x10007fc0     0x1798
 *(EXCLUDE_FILE(*libm.a: *libc.a:*lib_a-mem*.o *libgcc.a:) .rodata*)
 .rodata.build_json.str1.4
                0x10007fc0       0x3c CMakeFiles/reception.dir/reception.c.obj
 .rodata.spin_lock_claim_unused.str1.4
                0x10007ffc       0x1b CMakeFiles/reception.dir/C_/Program_Files/Raspberry_Pi/Pico_SDK_v1.5.1/pico-sdk/src/rp2_common/hardware_sync/sync.c.obj
 *fill*         0x10008017        0x1 
 .rodata.make_branch.str1.4
                0x10008018       0x89 CMakeFiles/reception.dir/C_/Program_Files/Raspberry_Pi/Pico_SDK_v1.5.1/pico-sdk/src/rp2_common/hardware_irq/irq.c.obj
 *fill*         0x100080a1        0x3 
 .rodata.insert_branch_and_link.str1.4
                0x100080a4       0x10 CMakeFiles/reception.dir/C_/Program_Files/Raspberry_Pi/Pico_SDK_v1.5.1/pico-sdk/src/rp2_common/hardware_irq/irq.c.obj
 .rodata.irq_set_exclusive_handler.str1.4
                0x100080b4       0x36 CMakeFiles/reception.dir/C_/Program_Files/Raspberry_Pi/Pico_SDK_v1.5.1/pico-sdk/src/rp2_common/hardware_irq/irq.c.obj
 *fill*         0x100080ea        0x2 
 .rodata.irq_add_shared_handler.str1.4
                0x100080ec       0xd9 CMakeFiles/reception.dir/C_/Program_Files/Raspberry_Pi/Pico_SDK_v1.5.1/pico-sdk/src/rp2_common/hardware_irq/irq.c.obj
 *fill*         0x100081c5        0x3 
 .rodata.irq_remove_handler.str1.4
                0x100081c8       0x3a CMakeFiles/reception.dir/C_/Program_Files/Raspberry_Pi/Pico_SDK_v1.5.1/pico-sdk/src/rp2_common/hardware_irq/irq.c.obj
 *fill*         0x10008202        0x2 
 .rodata.irq_add_tail_to_free_list.str1.4
                0x10008204       0x3a CMakeFiles/reception.dir/C_/Program_Files/Raspberry_Pi/Pico_SDK_v1.5.1/pico-sdk/src/rp2_common/hardware_irq/irq.c.obj
 *fill*         0x1000823e        0x2 
 .rodata.user_irq_claim_unused.str1.4
                0x10008240       0x1b CMakeFiles/reception.dir/C_/Program_Files/Raspberry_Pi/Pico_SDK_v1.5.1/pico-sdk/src/rp2_common/hardware_irq/irq.c.obj
 *fill*         0x1000825b        0x1 
 .rodata.__func__.0
                0x1000825c       0x1a CMakeFiles/reception.dir/C_/Program_Files/Raspberry_Pi/Pico_SDK_v1.5.1/pico-sdk/src/rp2_common/hardware_irq/irq.c.obj
 *fill*         0x10008276        0x2 
 .rodata.__func__.1
                0x10008278       0x17 CMakeFiles/reception.dir/C_/Program_Files/Raspberry_Pi/Pico_SDK_v1.5.1/pico-sdk/src/rp2_common/hardware_irq/irq.c.obj
 *fill*         0x1000828f        0x1 
 .rodata.__func__.2
                0x10008290       0x13 CMakeFiles/reception.dir/C_/Program_Files/Raspberry_Pi/Pico_SDK_v1.5.1/pico-sdk/src/rp2_common/hardware_irq/irq.c.obj
 *fill*         0x100082a3        0x1 
 .rodata.__func__.3
                0x100082a4        0xc CMakeFiles/reception.dir/C_/Program_Files/Raspberry_Pi/Pico_SDK_v1.5.1/pico-sdk/src/rp2_common/hardware_irq/irq.c.obj
 .rodata.__func__.4
                0x100082b0        0xf CMakeFiles/reception.dir/C_/Program_Files/Raspberry_Pi/Pico_SDK_v1.5.1/pico-sdk/src/rp2_common/hardware_irq/irq.c.obj
 *fill*         0x100082bf        0x1 
 .rodata.__func__.5
                0x100082c0       0x17 CMakeFiles/reception.dir/C_/Program_Files/Raspberry_Pi/Pico_SDK_v1.5.1/pico-sdk/src/rp2_common/hardware_irq/irq.c.obj
 *fill*         0x100082d7        0x1 
 .rodata.__func__.6
                0x100082d8       0x1a CMakeFiles/reception.dir/C_/Program_Files/Raspberry_Pi/Pico_SDK_v1.5.1/pico-sdk/src/rp2_common/hardware_irq/irq.c.obj
 *fill*         0x100082f2        0x2 
 .rodata.str1.4
                0x100082f4      0x125 CMakeFiles/reception.dir/C_/Program_Files/Raspberry_Pi/Pico_SDK_v1.5.1/pico-sdk/src/common/pico_sync/mutex.c.obj
 *fill*         0x10008419        0x3 
 .rodata.__func__.1
                0x1000841c        0xb CMakeFiles/reception.dir/C_/Program_Files/Raspberry_Pi/Pico_SDK_v1.5.1/pico-sdk/src/common/pico_sync/mutex.c.obj
 *fill*         0x10008427        0x1 
 .rodata.__func__.3
                0x10008428       0x18 CMakeFiles/reception.dir/C_/Program_Files/Raspberry_Pi/Pico_SDK_v1.5.1/pico-sdk/src/common/pico_sync/mutex.c.obj
 .rodata.__func__.4
                0x10008440       0x15 CMakeFiles/reception.dir/C_/Program_Files/Raspberry_Pi/Pico_SDK_v1.5.1/pico-sdk/src/common/pico_sync/mutex.c.obj
 *fill*         0x10008455        0x3 
 .rodata.repeating_timer_callback.str1.4
                0x10008458       0x67 CMakeFiles/reception.dir/C_/Program_Files/Raspberry_Pi/Pico_SDK_v1.5.1/pico-sdk/src/common/pico_time/time.c.obj
 *fill*         0x100084bf        0x1 
 .rodata.timer_pool_entry_comparator.str1.4
                0x100084c0       0x22 CMakeFiles/reception.dir/C_/Program_Files/Raspberry_Pi/Pico_SDK_v1.5.1/pico-sdk/src/common/pico_time/time.c.obj
 *fill*         0x100084e2        0x2 
 .rodata.ph_add_child_node.str1.4
                0x100084e4       0xb2 CMakeFiles/reception.dir/C_/Program_Files/Raspberry_Pi/Pico_SDK_v1.5.1/pico-sdk/src/common/pico_time/time.c.obj
 *fill*         0x10008596        0x2 
 .rodata.add_alarm_under_lock.str1.4
                0x10008598       0x28 CMakeFiles/reception.dir/C_/Program_Files/Raspberry_Pi/Pico_SDK_v1.5.1/pico-sdk/src/common/pico_time/time.c.obj
                                 0x2b (size before relaxing)
 .rodata.alarm_pool_alarm_callback.str1.4
                0x100085c0       0x98 CMakeFiles/reception.dir/C_/Program_Files/Raspberry_Pi/Pico_SDK_v1.5.1/pico-sdk/src/common/pico_time/time.c.obj
                                0x118 (size before relaxing)
 .rodata.alarm_pool_get_default.str1.4
                0x10008658       0x21 CMakeFiles/reception.dir/C_/Program_Files/Raspberry_Pi/Pico_SDK_v1.5.1/pico-sdk/src/common/pico_time/time.c.obj
 *fill*         0x10008679        0x3 
 .rodata.alarm_pool_cancel_alarm.str1.4
                0x1000867c       0x27 CMakeFiles/reception.dir/C_/Program_Files/Raspberry_Pi/Pico_SDK_v1.5.1/pico-sdk/src/common/pico_time/time.c.obj
 *fill*         0x100086a3        0x1 
 .rodata.__func__.0
                0x100086a4       0x19 CMakeFiles/reception.dir/C_/Program_Files/Raspberry_Pi/Pico_SDK_v1.5.1/pico-sdk/src/common/pico_time/time.c.obj
 *fill*         0x100086bd        0x3 
 .rodata.__func__.1
                0x100086c0       0x18 CMakeFiles/reception.dir/C_/Program_Files/Raspberry_Pi/Pico_SDK_v1.5.1/pico-sdk/src/common/pico_time/time.c.obj
 .rodata.__func__.10
                0x100086d8       0x15 CMakeFiles/reception.dir/C_/Program_Files/Raspberry_Pi/Pico_SDK_v1.5.1/pico-sdk/src/common/pico_time/time.c.obj
 *fill*         0x100086ed        0x3 
 .rodata.__func__.11
                0x100086f0       0x1a CMakeFiles/reception.dir/C_/Program_Files/Raspberry_Pi/Pico_SDK_v1.5.1/pico-sdk/src/common/pico_time/time.c.obj
 *fill*         0x1000870a        0x2 
 .rodata.__func__.12
                0x1000870c        0xa CMakeFiles/reception.dir/C_/Program_Files/Raspberry_Pi/Pico_SDK_v1.5.1/pico-sdk/src/common/pico_time/time.c.obj
 *fill*         0x10008716        0x2 
 .rodata.__func__.3
                0x10008718       0x17 CMakeFiles/reception.dir/C_/Program_Files/Raspberry_Pi/Pico_SDK_v1.5.1/pico-sdk/src/common/pico_time/time.c.obj
 *fill*         0x1000872f        0x1 
 .rodata.__func__.4
                0x10008730       0x12 CMakeFiles/reception.dir/C_/Program_Files/Raspberry_Pi/Pico_SDK_v1.5.1/pico-sdk/src/common/pico_time/time.c.obj
 *fill*         0x10008742        0x2 
 .rodata.__func__.5
                0x10008744        0xd CMakeFiles/reception.dir/C_/Program_Files/Raspberry_Pi/Pico_SDK_v1.5.1/pico-sdk/src/common/pico_time/time.c.obj
 *fill*         0x10008751        0x3 
 .rodata.__func__.6
                0x10008754       0x12 CMakeFiles/reception.dir/C_/Program_Files/Raspberry_Pi/Pico_SDK_v1.5.1/pico-sdk/src/common/pico_time/time.c.obj
 *fill*         0x10008766        0x2 
 .rodata.__func__.7
                0x10008768        0xf CMakeFiles/reception.dir/C_/Program_Files/Raspberry_Pi/Pico_SDK_v1.5.1/pico-sdk/src/common/pico_time/time.c.obj
 *fill*         0x10008777        0x1 
 .rodata.__func__.8
                0x10008778        0xc CMakeFiles/reception.dir/C_/Program_Files/Raspberry_Pi/Pico_SDK_v1.5.1/pico-sdk/src/common/pico_time/time.c.obj
 .rodata.__func__.9
                0x10008784       0x15 CMakeFiles/reception.dir/C_/Program_Files/Raspberry_Pi/Pico_SDK_v1.5.1/pico-sdk/src/common/pico_time/time.c.obj
 *fill*         0x10008799        0x3 
 .rodata.hardware_alarm_claim.str1.4
                0x1000879c       0x22 CMakeFiles/reception.dir/C_/Program_Files/Raspberry_Pi/Pico_SDK_v1.5.1/pico-sdk/src/rp2_common/hardware_timer/timer.c.obj
 .rodata.busy_wait_us.str1.4
                0x100087be       0x7d CMakeFiles/reception.dir/C_/Program_Files/Raspberry_Pi/Pico_SDK_v1.5.1/pico-sdk/src/rp2_common/hardware_timer/timer.c.obj
 *fill*         0x100087be        0x2 
 .rodata.hardware_alarm_set_target.str1.4
                0x100087c0       0x81 CMakeFiles/reception.dir/C_/Program_Files/Raspberry_Pi/Pico_SDK_v1.5.1/pico-sdk/src/rp2_common/hardware_timer/timer.c.obj
 *fill*         0x10008841        0x3 
 .rodata.__func__.0
                0x10008844       0x1a CMakeFiles/reception.dir/C_/Program_Files/Raspberry_Pi/Pico_SDK_v1.5.1/pico-sdk/src/rp2_common/hardware_timer/timer.c.obj
 *fill*         0x1000885e        0x2 
 .rodata.__func__.1
                0x10008860       0x15 CMakeFiles/reception.dir/C_/Program_Files/Raspberry_Pi/Pico_SDK_v1.5.1/pico-sdk/src/rp2_common/hardware_timer/timer.c.obj
 .rodata.ph_add_child_node.str1.4
                0x10008875       0xb2 CMakeFiles/reception.dir/C_/Program_Files/Raspberry_Pi/Pico_SDK_v1.5.1/pico-sdk/src/common/pico_util/pheap.c.obj
 *fill*         0x10008875        0x3 
 .rodata.ph_remove_any_head.str1.4
                0x10008878       0xa8 CMakeFiles/reception.dir/C_/Program_Files/Raspberry_Pi/Pico_SDK_v1.5.1/pico-sdk/src/common/pico_util/pheap.c.obj
                                 0xbc (size before relaxing)
 .rodata.ph_remove_and_free_node.str1.4
                0x10008920       0x1e CMakeFiles/reception.dir/C_/Program_Files/Raspberry_Pi/Pico_SDK_v1.5.1/pico-sdk/src/common/pico_util/pheap.c.obj
                                 0x26 (size before relaxing)
 *fill*         0x1000893e        0x2 
 .rodata.__func__.0
                0x10008940       0x18 CMakeFiles/reception.dir/C_/Program_Files/Raspberry_Pi/Pico_SDK_v1.5.1/pico-sdk/src/common/pico_util/pheap.c.obj
 .rodata.__func__.1
                0x10008958       0x13 CMakeFiles/reception.dir/C_/Program_Files/Raspberry_Pi/Pico_SDK_v1.5.1/pico-sdk/src/common/pico_util/pheap.c.obj
 *fill*         0x1000896b        0x1 
 .rodata.__func__.2
                0x1000896c       0x12 CMakeFiles/reception.dir/C_/Program_Files/Raspberry_Pi/Pico_SDK_v1.5.1/pico-sdk/src/common/pico_util/pheap.c.obj
 *fill*         0x1000897e        0x2 
 .rodata.__func__.3
                0x10008980        0xc CMakeFiles/reception.dir/C_/Program_Files/Raspberry_Pi/Pico_SDK_v1.5.1/pico-sdk/src/common/pico_util/pheap.c.obj
 .rodata.clock_configure.str1.4
                0x1000898c       0x73 CMakeFiles/reception.dir/C_/Program_Files/Raspberry_Pi/Pico_SDK_v1.5.1/pico-sdk/src/rp2_common/hardware_clocks/clocks.c.obj
 *fill*         0x100089ff        0x1 
 .rodata.__func__.1
                0x10008a00       0x10 CMakeFiles/reception.dir/C_/Program_Files/Raspberry_Pi/Pico_SDK_v1.5.1/pico-sdk/src/rp2_common/hardware_clocks/clocks.c.obj
 .rodata.pll_init.str1.4
                0x10008a10      0x140 CMakeFiles/reception.dir/C_/Program_Files/Raspberry_Pi/Pico_SDK_v1.5.1/pico-sdk/src/rp2_common/hardware_pll/pll.c.obj
 .rodata.__func__.0
                0x10008b50        0x9 CMakeFiles/reception.dir/C_/Program_Files/Raspberry_Pi/Pico_SDK_v1.5.1/pico-sdk/src/rp2_common/hardware_pll/pll.c.obj
 *fill*         0x10008b59        0x3 
 .rodata.__assert_func.str1.4
                0x10008b5c       0x3f CMakeFiles/reception.dir/C_/Program_Files/Raspberry_Pi/Pico_SDK_v1.5.1/pico-sdk/src/rp2_common/pico_runtime/runtime.c.obj
                                 0x43 (size before relaxing)
 *fill*         0x10008b9b        0x1 
 .rodata.runtime_init.str1.4
                0x10008b9c       0x7d CMakeFiles/reception.dir/C_/Program_Files/Raspberry_Pi/Pico_SDK_v1.5.1/pico-sdk/src/rp2_common/pico_runtime/runtime.c.obj
 *fill*         0x10008c19        0x3 
 .rodata.panic.str1.4
                0x10008c1c       0x12 CMakeFiles/reception.dir/C_/Program_Files/Raspberry_Pi/Pico_SDK_v1.5.1/pico-sdk/src/rp2_common/pico_runtime/runtime.c.obj
 *fill*         0x10008c2e        0x2 
 .rodata.__func__.2
                0x10008c30        0xd CMakeFiles/reception.dir/C_/Program_Files/Raspberry_Pi/Pico_SDK_v1.5.1/pico-sdk/src/rp2_common/pico_runtime/runtime.c.obj
 *fill*         0x10008c3d        0x3 
 .rodata._ftoa.str1.4
                0x10008c40       0x15 CMakeFiles/reception.dir/C_/Program_Files/Raspberry_Pi/Pico_SDK_v1.5.1/pico-sdk/src/rp2_common/pico_printf/printf.c.obj
 *fill*         0x10008c55        0x3 
 .rodata._vsnprintf
                0x10008c58      0x1e0 CMakeFiles/reception.dir/C_/Program_Files/Raspberry_Pi/Pico_SDK_v1.5.1/pico-sdk/src/rp2_common/pico_printf/printf.c.obj
 .rodata.pow10.0
                0x10008e38       0x50 CMakeFiles/reception.dir/C_/Program_Files/Raspberry_Pi/Pico_SDK_v1.5.1/pico-sdk/src/rp2_common/pico_printf/printf.c.obj
 .rodata.__aeabi_double_init.str1.4
                0x10008e88       0xb8 CMakeFiles/reception.dir/C_/Program_Files/Raspberry_Pi/Pico_SDK_v1.5.1/pico-sdk/src/rp2_common/pico_double/double_init_rom.c.obj
 .rodata.__func__.0
                0x10008f40       0x14 CMakeFiles/reception.dir/C_/Program_Files/Raspberry_Pi/Pico_SDK_v1.5.1/pico-sdk/src/rp2_common/pico_double/double_init_rom.c.obj
 .rodata.__aeabi_float_init.str1.4
                0x10008f54       0x96 CMakeFiles/reception.dir/C_/Program_Files/Raspberry_Pi/Pico_SDK_v1.5.1/pico-sdk/src/rp2_common/pico_float/float_init_rom.c.obj
                                 0x9a (size before relaxing)
 *fill*         0x10008fea        0x2 
 .rodata.__func__.0
                0x10008fec       0x13 CMakeFiles/reception.dir/C_/Program_Files/Raspberry_Pi/Pico_SDK_v1.5.1/pico-sdk/src/rp2_common/pico_float/float_init_rom.c.obj
 *fill*         0x10008fff        0x1 
 .rodata.__wrap_malloc.str1.4
                0x10009000        0xe CMakeFiles/reception.dir/C_/Program_Files/Raspberry_Pi/Pico_SDK_v1.5.1/pico-sdk/src/rp2_common/pico_malloc/pico_malloc.c.obj
 *fill*         0x1000900e        0x2 
 .rodata.str1.4
                0x10009010       0x40 CMakeFiles/reception.dir/C_/Program_Files/Raspberry_Pi/Pico_SDK_v1.5.1/pico-sdk/src/rp2_common/pico_standard_link/binary_info.c.obj
 .rodata.__bi_44
                0x10009050        0xc CMakeFiles/reception.dir/C_/Program_Files/Raspberry_Pi/Pico_SDK_v1.5.1/pico-sdk/src/rp2_common/pico_standard_link/binary_info.c.obj
 .rodata.__bi_75
                0x1000905c        0xc CMakeFiles/reception.dir/C_/Program_Files/Raspberry_Pi/Pico_SDK_v1.5.1/pico-sdk/src/rp2_common/pico_standard_link/binary_info.c.obj
 .rodata.__bi_81
                0x10009068        0xc CMakeFiles/reception.dir/C_/Program_Files/Raspberry_Pi/Pico_SDK_v1.5.1/pico-sdk/src/rp2_common/pico_standard_link/binary_info.c.obj
 .rodata.stdout_serialize_begin.str1.4
                0x10009074       0x7d CMakeFiles/reception.dir/C_/Program_Files/Raspberry_Pi/Pico_SDK_v1.5.1/pico-sdk/src/rp2_common/pico_stdio/stdio.c.obj
 .rodata.__func__.3
                0x10009074       0x15 CMakeFiles/reception.dir/C_/Program_Files/Raspberry_Pi/Pico_SDK_v1.5.1/pico-sdk/src/rp2_common/pico_stdio/stdio.c.obj
 *fill*         0x10009089        0x3 
 .rodata.crlf_str.2
                0x1000908c        0x2 CMakeFiles/reception.dir/C_/Program_Files/Raspberry_Pi/Pico_SDK_v1.5.1/pico-sdk/src/rp2_common/pico_stdio/stdio.c.obj
 *fill*         0x1000908e        0x2 
 .rodata.str1.4
                0x10009090       0x2c CMakeFiles/reception.dir/C_/Program_Files/Raspberry_Pi/Pico_SDK_v1.5.1/pico-sdk/src/rp2_common/pico_stdio_uart/stdio_uart.c.obj
 .rodata.__bi_33.4
                0x100090bc        0xc CMakeFiles/reception.dir/C_/Program_Files/Raspberry_Pi/Pico_SDK_v1.5.1/pico-sdk/src/rp2_common/pico_stdio_uart/stdio_uart.c.obj
 .rodata.__bi_34.5
                0x100090c8        0x8 CMakeFiles/reception.dir/C_/Program_Files/Raspberry_Pi/Pico_SDK_v1.5.1/pico-sdk/src/rp2_common/pico_stdio_uart/stdio_uart.c.obj
 .rodata._resetd_driver
                0x100090d0       0x18 CMakeFiles/reception.dir/C_/Program_Files/Raspberry_Pi/Pico_SDK_v1.5.1/pico-sdk/src/rp2_common/pico_stdio_usb/reset_interface.c.obj
 .rodata.low_priority_worker_irq.str1.4
                0x100090e8       0x7d CMakeFiles/reception.dir/C_/Program_Files/Raspberry_Pi/Pico_SDK_v1.5.1/pico-sdk/src/rp2_common/pico_stdio_usb/stdio_usb.c.obj
 .rodata.stdio_usb_init.str1.4
                0x100090e8       0x61 CMakeFiles/reception.dir/C_/Program_Files/Raspberry_Pi/Pico_SDK_v1.5.1/pico-sdk/src/rp2_common/pico_stdio_usb/stdio_usb.c.obj
                                 0x69 (size before relaxing)
 *fill*         0x10009149        0x3 
 .rodata.str1.4
                0x1000914c       0x13 CMakeFiles/reception.dir/C_/Program_Files/Raspberry_Pi/Pico_SDK_v1.5.1/pico-sdk/src/rp2_common/pico_stdio_usb/stdio_usb.c.obj
 *fill*         0x1000915f        0x1 
 .rodata.__bi_182.0
                0x10009160        0xc CMakeFiles/reception.dir/C_/Program_Files/Raspberry_Pi/Pico_SDK_v1.5.1/pico-sdk/src/rp2_common/pico_stdio_usb/stdio_usb.c.obj
 .rodata.__func__.1
                0x1000916c        0xf CMakeFiles/reception.dir/C_/Program_Files/Raspberry_Pi/Pico_SDK_v1.5.1/pico-sdk/src/rp2_common/pico_stdio_usb/stdio_usb.c.obj
 *fill*         0x1000917b        0x1 
 .rodata.__func__.3
                0x1000917c       0x15 CMakeFiles/reception.dir/C_/Program_Files/Raspberry_Pi/Pico_SDK_v1.5.1/pico-sdk/src/rp2_common/pico_stdio_usb/stdio_usb.c.obj
 *fill*         0x10009191        0x3 
 .rodata.str1.4
                0x10009194       0x2a CMakeFiles/reception.dir/C_/Program_Files/Raspberry_Pi/Pico_SDK_v1.5.1/pico-sdk/src/rp2_common/pico_stdio_usb/stdio_usb_descriptors.c.obj
 *fill*         0x100091be        0x2 
 .rodata.usbd_desc_cfg
                0x100091c0       0x54 CMakeFiles/reception.dir/C_/Program_Files/Raspberry_Pi/Pico_SDK_v1.5.1/pico-sdk/src/rp2_common/pico_stdio_usb/stdio_usb_descriptors.c.obj
 .rodata.usbd_desc_device
                0x10009214       0x12 CMakeFiles/reception.dir/C_/Program_Files/Raspberry_Pi/Pico_SDK_v1.5.1/pico-sdk/src/rp2_common/pico_stdio_usb/stdio_usb_descriptors.c.obj
 *fill*         0x10009226        0x2 
 .rodata.usbd_desc_str
                0x10009228       0x18 CMakeFiles/reception.dir/C_/Program_Files/Raspberry_Pi/Pico_SDK_v1.5.1/pico-sdk/src/rp2_common/pico_stdio_usb/stdio_usb_descriptors.c.obj
 .rodata.pico_get_unique_board_id_string.str1.4
                0x10009240       0x69 CMakeFiles/reception.dir/C_/Program_Files/Raspberry_Pi/Pico_SDK_v1.5.1/pico-sdk/src/rp2_common/pico_unique_id/unique_id.c.obj
 *fill*         0x100092a9        0x3 
 .rodata.__func__.0
                0x100092ac       0x20 CMakeFiles/reception.dir/C_/Program_Files/Raspberry_Pi/Pico_SDK_v1.5.1/pico-sdk/src/rp2_common/pico_unique_id/unique_id.c.obj
 .rodata.str1.4
                0x100092cc      0x176 CMakeFiles/reception.dir/C_/Program_Files/Raspberry_Pi/Pico_SDK_v1.5.1/pico-sdk/src/rp2_common/hardware_flash/flash.c.obj
 *fill*         0x10009442        0x2 
 .rodata.__func__.0
                0x10009444        0xd CMakeFiles/reception.dir/C_/Program_Files/Raspberry_Pi/Pico_SDK_v1.5.1/pico-sdk/src/rp2_common/hardware_flash/flash.c.obj
 *fill*         0x10009451        0x3 
 .rodata._hw_endpoint_alloc.str1.4
                0x10009454       0xd1 CMakeFiles/reception.dir/C_/Program_Files/Raspberry_Pi/Pico_SDK_v1.5.1/pico-sdk/lib/tinyusb/src/portable/raspberrypi/rp2040/dcd_rp2040.c.obj
 *fill*         0x10009525        0x3 
 .rodata.str1.4
                0x10009528       0x14 CMakeFiles/reception.dir/C_/Program_Files/Raspberry_Pi/Pico_SDK_v1.5.1/pico-sdk/lib/tinyusb/src/portable/raspberrypi/rp2040/dcd_rp2040.c.obj
 .rodata.dcd_int_enable.str1.4
                0x1000953c        0xc CMakeFiles/reception.dir/C_/Program_Files/Raspberry_Pi/Pico_SDK_v1.5.1/pico-sdk/lib/tinyusb/src/portable/raspberrypi/rp2040/dcd_rp2040.c.obj
 .rodata.__func__.0
                0x10009548        0xe CMakeFiles/reception.dir/C_/Program_Files/Raspberry_Pi/Pico_SDK_v1.5.1/pico-sdk/lib/tinyusb/src/portable/raspberrypi/rp2040/dcd_rp2040.c.obj
 *fill*         0x10009556        0x2 
 .rodata.__func__.1
                0x10009558        0xe CMakeFiles/reception.dir/C_/Program_Files/Raspberry_Pi/Pico_SDK_v1.5.1/pico-sdk/lib/tinyusb/src/portable/raspberrypi/rp2040/dcd_rp2040.c.obj
 *fill*         0x10009566        0x2 
 .rodata.__func__.3
                0x10009568       0x10 CMakeFiles/reception.dir/C_/Program_Files/Raspberry_Pi/Pico_SDK_v1.5.1/pico-sdk/lib/tinyusb/src/portable/raspberrypi/rp2040/dcd_rp2040.c.obj
 .rodata.__func__.5
                0x10009578        0xf CMakeFiles/reception.dir/C_/Program_Files/Raspberry_Pi/Pico_SDK_v1.5.1/pico-sdk/lib/tinyusb/src/portable/raspberrypi/rp2040/dcd_rp2040.c.obj
 *fill*         0x10009587        0x1 
 .rodata.__func__.6
                0x10009588       0x13 CMakeFiles/reception.dir/C_/Program_Files/Raspberry_Pi/Pico_SDK_v1.5.1/pico-sdk/lib/tinyusb/src/portable/raspberrypi/rp2040/dcd_rp2040.c.obj
 *fill*         0x1000959b        0x1 
 .rodata.__func__.7