Archive member included to satisfy reference by file (symbol)

c:/progra~1/raspbe~1/picosd~1.1/gcc-ar~1/bin/../lib/gcc/arm-none-eabi/10.3.1/thumb/v6-m/nofp\libgcc.a(_dvmd_tls.o)
                              CMakeFiles/reception.dir/C_/Program_Files/Raspberry_Pi/Pico_SDK_v1.5.1/pico-sdk/src/rp2_common/pico_divider/divider.S.obj (__aeabi_idiv0)
c:/progra~1/raspbe~1/picosd~1.1/gcc-ar~1/bin/../lib/gcc/arm-none-eabi/10.3.1/../../../../arm-none-eabi/lib/thumb/v6-m/nofp\libg.a(lib_a-calloc.o)
                              CMakeFiles/reception.dir/C_/Program_Files/Raspberry_Pi/Pico_SDK_v1.5.1/pico-sdk/src/rp2_common/pico_malloc/pico_malloc.c.obj (calloc)
c:/progra~1/raspbe~1/picosd~1.1/gcc-ar~1/bin/../lib/gcc/arm-none-eabi/10.3.1/../../../../arm-none-eabi/lib/thumb/v6-m/nofp\libg.a(lib_a-callocr.o)
                              c:/progra~1/raspbe~1/picosd~1.1/gcc-ar~1/bin/../lib/gcc/arm-none-eabi/10.3.1/../../../../arm-none-eabi/lib/thumb/v6-m/nofp\libg.a(lib_a-calloc.o) (_calloc_r)
c:/progra~1/raspbe~1/picosd~1.1/gcc-ar~1/bin/../lib/gcc/arm-none-eabi/10.3.1/../../../../arm-none-eabi/lib/thumb/v6-m/nofp\libg.a(lib_a-errno.o)
                              c:/progra~1/raspbe~1/picosd~1.1/gcc-ar~1/bin/../lib/gcc/arm-none-eabi/10.3.1/../../../../arm-none-eabi/lib/thumb/v6-m/nofp\libg.a(lib_a-callocr.o) (__errno)
c:/progra~1/raspbe~1/picosd~1.1/gcc-ar~1/bin/../lib/gcc/arm-none-eabi/10.3.1/../../../../arm-none-eabi/lib/thumb/v6-m/nofp\libg.a(lib_a-impure.o)
                              c:/progra~1/raspbe~1/picosd~1.1/gcc-ar~1/bin/../lib/gcc/arm-none-eabi/10.3.1/../../../../arm-none-eabi/lib/thumb/v6-m/nofp\libg.a(lib_a-calloc.o) (_impure_ptr)
c:/progra~1/raspbe~1/picosd~1.1/gcc-ar~1/bin/../lib/gcc/arm-none-eabi/10.3.1/../../../../arm-none-eabi/lib/thumb/v6-m/nofp\libg.a(lib_a-init.o)
                              c:/progra~1/raspbe~1/picosd~1.1/gcc-ar~1/bin/../lib/gcc/arm-none-eabi/10.3.1/../../../../arm-none-eabi/lib/thumb/v6-m/nofp/crt0.o (__libc_init_array)
c:/progra~1/raspbe~1/picosd~1.1/gcc-ar~1/bin/../lib/gcc/arm-none-eabi/10.3.1/../../../../arm-none-eabi/lib/thumb/v6-m/nofp\libg.a(lib_a-malloc.o)
                              CMakeFiles/reception.dir/C_/Program_Files/Raspberry_Pi/Pico_SDK_v1.5.1/pico-sdk/src/rp2_common/pico_malloc/pico_malloc.c.obj (malloc)
c:/progra~1/raspbe~1/picosd~1.1/gcc-ar~1/bin/../lib/gcc/arm-none-eabi/10.3.1/../../../../arm-none-eabi/lib/thumb/v6-m/nofp\libg.a(lib_a-mallocr.o)
                              c:/progra~1/raspbe~1/picosd~1.1/gcc-ar~1/bin/../lib/gcc/arm-none-eabi/10.3.1/../../../../arm-none-eabi/lib/thumb/v6-m/nofp\libg.a(lib_a-callocr.o) (_malloc_r)
c:/progra~1/raspbe~1/picosd~1.1/gcc-ar~1/bin/../lib/gcc/arm-none-eabi/10.3.1/../../../../arm-none-eabi/lib/thumb/v6-m/nofp\libg.a(lib_a-mlock.o)
                              c:/progra~1/raspbe~1/picosd~1.1/gcc-ar~1/bin/../lib/gcc/arm-none-eabi/10.3.1/../../../../arm-none-eabi/lib/thumb/v6-m/nofp\libg.a(lib_a-mallocr.o) (__malloc_lock)
c:/progra~1/raspbe~1/picosd~1.1/gcc-ar~1/bin/../lib/gcc/arm-none-eabi/10.3.1/../../../../arm-none-eabi/lib/thumb/v6-m/nofp\libg.a(lib_a-realloc.o)
                              CMakeFiles/reception.dir/C_/Program_Files/Raspberry_Pi/Pico_SDK_v1.5.1/pico-sdk/src/rp2_common/pico_malloc/pico_malloc.c.obj (realloc)
c:/progra~1/raspbe~1/picosd~1.1/gcc-ar~1/bin/../lib/gcc/arm-none-eabi/10.3.1/../../../../arm-none-eabi/lib/thumb/v6-m/nofp\libg.a(lib_a-reallocr.o)
                              c:/progra~1/raspbe~1/picosd~1.1/gcc-ar~1/bin/../lib/gcc/arm-none-eabi/10.3.1/../../../../arm-none-eabi/lib/thumb/v6-m/nofp\libg.a(lib_a-realloc.o) (_realloc_r)
c:/progra~1/raspbe~1/picosd~1.1/gcc-ar~1/bin/../lib/gcc/arm-none-eabi/10.3.1/../../../../arm-none-eabi/lib/thumb/v6-m/nofp\libg.a(lib_a-sbrkr.o)
                              c:/progra~1/raspbe~1/picosd~1.1/gcc-ar~1/bin/../lib/gcc/arm-none-eabi/10.3.1/../../../../arm-none-eabi/lib/thumb/v6-m/nofp\libg.a(lib_a-mallocr.o) (_sbrk_r)
c:/progra~1/raspbe~1/picosd~1.1/gcc-ar~1/bin/../lib/gcc/arm-none-eabi/10.3.1/../../../../arm-none-eabi/lib/thumb/v6-m/nofp\libg.a(lib_a-strcat.o)
                              CMakeFiles/reception.dir/reception.c.obj (strcat)
c:/progra~1/raspbe~1/picosd~1.1/gcc-ar~1/bin/../lib/gcc/arm-none-eabi/10.3.1/../../../../arm-none-eabi/lib/thumb/v6-m/nofp\libg.a(lib_a-strcpy.o)
                              CMakeFiles/reception.dir/reception.c.obj (strcpy)
c:/progra~1/raspbe~1/picosd~1.1/gcc-ar~1/bin/../lib/gcc/arm-none-eabi/10.3.1/../../../../arm-none-eabi/lib/thumb/v6-m/nofp\libg.a(lib_a-strlen-stub.o)
                              CMakeFiles/reception.dir/reception.c.obj (strlen)
c:/progra~1/raspbe~1/picosd~1.1/gcc-ar~1/bin/../lib/gcc/arm-none-eabi/10.3.1/../../../../arm-none-eabi/lib/thumb/v6-m/nofp\libg.a(lib_a-freer.o)
                              c:/progra~1/raspbe~1/picosd~1.1/gcc-ar~1/bin/../lib/gcc/arm-none-eabi/10.3.1/../../../../arm-none-eabi/lib/thumb/v6-m/nofp\libg.a(lib_a-malloc.o) (_free_r)
[...]
Memory Configuration

Name             Origin             Length             Attributes
FLASH            0x10000000         0x00200000         xr
RAM              0x20000000         0x00040000         xrw
SCRATCH_X        0x20040000         0x00001000         xrw
SCRATCH_Y        0x20041000         0x00001000         xrw
*default*        0x00000000         0xffffffff

Linker script and memory map

LOAD c:/progra~1/raspbe~1/picosd~1.1/gcc-ar~1/bin/../lib/gcc/arm-none-eabi/10.3.1/thumb/v6-m/nofp/crti.o
LOAD c:/progra~1/raspbe~1/picosd~1.1/gcc-ar~1/bin/../lib/gcc/arm-none-eabi/10.3.1/thumb/v6-m/nofp/crtbegin.o
LOAD c:/progra~1/raspbe~1/picosd~1.1/gcc-ar~1/bin/../lib/gcc/arm-none-eabi/10.3.1/../../../../arm-none-eabi/lib/thumb/v6-m/nofp/crt0.o

.flash_begin    0x10000000        0x0
                0x10000000                __flash_binary_start = .

.boot2          0x10000000      0x100
                0x10000000                __boot2_start__ = .
 *(.boot2)
 .boot2         0x10000000      0x100 C:\Users\ESTUDI~1\AppData\Local\Temp\ccmjxZxz.o
                0x10000100                __boot2_end__ = .
                0x00000001                ASSERT (((__boot2_end__ - __boot2_start__) == 0x100), ERROR: Pico second stage bootloader must be 256 bytes in size)

.text           0x10000100     0x7ec8
                0x10000100                __logical_binary_start = .
 *(.vectors)
 .vectors       0x10000100       0xd4 CMakeFiles/reception.dir/C_/Program_Files/Raspberry_Pi/Pico_SDK_v1.5.1/pico-sdk/src/rp2_common/pico_standard_link/crt0.S.obj
                0x10000100                __VECTOR_TABLE
                0x10000100                __vectors
                0x100001c0                isr_invalid
                0x100001c0                __default_isrs_start
                0x100001c2                isr_nmi
                0x100001c4                isr_hardfault
                0x100001c6                isr_svcall
                0x100001c8                isr_pendsv
                0x100001ca                isr_systick
                0x100001cc                isr_irq23
                0x100001cc                isr_irq18
                0x100001cc                isr_irq11
                0x100001cc                isr_irq28
                0x100001cc                isr_irq19
                0x100001cc                isr_irq0
                0x100001cc                isr_irq6
                0x100001cc                isr_irq5
                0x100001cc                isr_irq12
                0x100001cc                isr_irq22
                0x100001cc                isr_irq31
                0x100001cc                isr_irq17
                0x100001cc                isr_irq27
                0x100001cc                isr_irq30
                0x100001cc                isr_irq2
                0x100001cc                isr_irq10
                0x100001cc                isr_irq8
                0x100001cc                isr_irq24
                0x100001cc                isr_irq1
                0x100001cc                isr_irq7
                0x100001cc                isr_irq21
                0x100001cc                isr_irq20
                0x100001cc                isr_irq15
                0x100001cc                isr_irq25
                0x100001cc                isr_irq13
                0x100001cc                __unhandled_user_irq
                0x100001cc                isr_irq4
                0x100001cc                isr_irq16
                0x100001cc                isr_irq29
                0x100001cc                isr_irq26
                0x100001cc                __default_isrs_end
                0x100001cc                isr_irq3
                0x100001cc                isr_irq14
                0x100001cc                isr_irq9
                0x100001d2                unhandled_user_irq_num_in_r0
 *(.binary_info_header)
 .binary_info_header
                0x100001d4       0x14 CMakeFiles/reception.dir/C_/Program_Files/Raspberry_Pi/Pico_SDK_v1.5.1/pico-sdk/src/rp2_common/pico_standard_link/crt0.S.obj
                0x100001e8                __binary_info_header_end = .
 *(.reset)
 .reset         0x100001e8       0xa0 CMakeFiles/reception.dir/C_/Program_Files/Raspberry_Pi/Pico_SDK_v1.5.1/pico-sdk/src/rp2_common/pico_standard_link/crt0.S.obj
                0x100001e8                _entry_point
 .reset         0x10000288       0x30 CMakeFiles/reception.dir/C_/Program_Files/Raspberry_Pi/Pico_SDK_v1.5.1/pico-sdk/src/rp2_common/pico_standard_link/binary_info.c.obj
 *(.init)
 .init          0x100002b8        0x4 c:/progra~1/raspbe~1/picosd~1.1/gcc-ar~1/bin/../lib/gcc/arm-none-eabi/10.3.1/thumb/v6-m/nofp/crti.o
                0x100002b8                _init
 *(EXCLUDE_FILE(*libm.a: *libc.a:*lib_a-mem*.o *libgcc.a:) .text*)
 .text          0x100002bc       0x48 c:/progra~1/raspbe~1/picosd~1.1/gcc-ar~1/bin/../lib/gcc/arm-none-eabi/10.3.1/thumb/v6-m/nofp/crtbegin.o
 .text.read_adc
                0x10000304       0xac CMakeFiles/reception.dir/reception.c.obj
                0x10000304                read_adc
 .text.init_uart
                0x100003b0       0x3c CMakeFiles/reception.dir/reception.c.obj
                0x100003b0                init_uart
 .text.init_adc
                0x100003ec       0x78 CMakeFiles/reception.dir/reception.c.obj
                0x100003ec                init_adc
 .text.start_sampling
                0x10000464       0x38 CMakeFiles/reception.dir/reception.c.obj
                0x10000464                start_sampling
 .text.build_json
                0x1000049c       0xf0 CMakeFiles/reception.dir/reception.c.obj
                0x1000049c                build_json
 .text.send_data
                0x1000058c       0x98 CMakeFiles/reception.dir/reception.c.obj
                0x1000058c                send_data
 .text.main     0x10000624       0x58 CMakeFiles/reception.dir/reception.c.obj
                0x10000624                main
 .text.gpio_set_function
                0x1000067c       0x30 CMakeFiles/reception.dir/C_/Program_Files/Raspberry_Pi/Pico_SDK_v1.5.1/pico-sdk/src/rp2_common/hardware_gpio/gpio.c.obj
                0x1000067c                gpio_set_function
 .text.gpio_set_pulls
                0x100006ac       0x34 CMakeFiles/reception.dir/C_/Program_Files/Raspberry_Pi/Pico_SDK_v1.5.1/pico-sdk/src/rp2_common/hardware_gpio/gpio.c.obj
                0x100006ac                gpio_set_pulls
 .text.gpio_set_input_enabled
                0x100006e0       0x30 CMakeFiles/reception.dir/C_/Program_Files/Raspberry_Pi/Pico_SDK_v1.5.1/pico-sdk/src/rp2_common/hardware_gpio/gpio.c.obj
                0x100006e0                gpio_set_input_enabled
 .text.running_on_fpga
                0x10000710       0x14 CMakeFiles/reception.dir/C_/Program_Files/Raspberry_Pi/Pico_SDK_v1.5.1/pico-sdk/src/rp2_common/pico_platform/platform.c.obj
                0x10000710                running_on_fpga
 .text.hw_claim_lock
                0x10000724       0x18 CMakeFiles/reception.dir/C_/Program_Files/Raspberry_Pi/Pico_SDK_v1.5.1/pico-sdk/src/rp2_common/hardware_claim/claim.c.obj
                0x10000724                hw_claim_lock
 .text.hw_claim_unlock
                0x1000073c       0x14 CMakeFiles/reception.dir/C_/Program_Files/Raspberry_Pi/Pico_SDK_v1.5.1/pico-sdk/src/rp2_common/hardware_claim/claim.c.obj
                0x1000073c                hw_claim_unlock
 .text.hw_claim_or_assert
                0x10000750       0x32 CMakeFiles/reception.dir/C_/Program_Files/Raspberry_Pi/Pico_SDK_v1.5.1/pico-sdk/src/rp2_common/hardware_claim/claim.c.obj
                0x10000750                hw_claim_or_assert
 .text.hw_claim_unused_from_range
                0x10000782       0x50 CMakeFiles/reception.dir/C_/Program_Files/Raspberry_Pi/Pico_SDK_v1.5.1/pico-sdk/src/rp2_common/hardware_claim/claim.c.obj
                0x10000782                hw_claim_unused_from_range
 *fill*         0x100007d2        0x2 
 .text.spin_locks_reset
                0x100007d4       0x20 CMakeFiles/reception.dir/C_/Program_Files/Raspberry_Pi/Pico_SDK_v1.5.1/pico-sdk/src/rp2_common/hardware_sync/sync.c.obj
                0x100007d4                spin_locks_reset
 .text.next_striped_spin_lock_num
                0x100007f4       0x1c CMakeFiles/reception.dir/C_/Program_Files/Raspberry_Pi/Pico_SDK_v1.5.1/pico-sdk/src/rp2_common/hardware_sync/sync.c.obj
                0x100007f4                next_striped_spin_lock_num
 .text.spin_lock_claim_unused
                0x10000810       0x20 CMakeFiles/reception.dir/C_/Program_Files/Raspberry_Pi/Pico_SDK_v1.5.1/pico-sdk/src/rp2_common/hardware_sync/sync.c.obj
                0x10000810                spin_lock_claim_unused
 .text.set_raw_irq_handler_and_unlock
                0x10000830       0x28 CMakeFiles/reception.dir/C_/Program_Files/Raspberry_Pi/Pico_SDK_v1.5.1/pico-sdk/src/rp2_common/hardware_irq/irq.c.obj
 .text.make_branch
                0x10000858       0x48 CMakeFiles/reception.dir/C_/Program_Files/Raspberry_Pi/Pico_SDK_v1.5.1/pico-sdk/src/rp2_common/hardware_irq/irq.c.obj
 .text.insert_branch_and_link
                0x100008a0       0x40 CMakeFiles/reception.dir/C_/Program_Files/Raspberry_Pi/Pico_SDK_v1.5.1/pico-sdk/src/rp2_common/hardware_irq/irq.c.obj
 .text.irq_is_enabled
                0x100008e0       0x18 CMakeFiles/reception.dir/C_/Program_Files/Raspberry_Pi/Pico_SDK_v1.5.1/pico-sdk/src/rp2_common/hardware_irq/irq.c.obj
                0x100008e0                irq_is_enabled
 .text.irq_set_mask_enabled
                0x100008f8       0x20 CMakeFiles/reception.dir/C_/Program_Files/Raspberry_Pi/Pico_SDK_v1.5.1/pico-sdk/src/rp2_common/hardware_irq/irq.c.obj
                0x100008f8                irq_set_mask_enabled
 .text.irq_set_enabled
                0x10000918        0xe CMakeFiles/reception.dir/C_/Program_Files/Raspberry_Pi/Pico_SDK_v1.5.1/pico-sdk/src/rp2_common/hardware_irq/irq.c.obj
                0x10000918                irq_set_enabled
 *fill*         0x10000926        0x2 
 .text.irq_set_pending
                0x10000928       0x10 CMakeFiles/reception.dir/C_/Program_Files/Raspberry_Pi/Pico_SDK_v1.5.1/pico-sdk/src/rp2_common/hardware_irq/irq.c.obj
                0x10000928                irq_set_pending
 .text.irq_get_vtable_handler
                0x10000938       0x10 CMakeFiles/reception.dir/C_/Program_Files/Raspberry_Pi/Pico_SDK_v1.5.1/pico-sdk/src/rp2_common/hardware_irq/irq.c.obj
                0x10000938                irq_get_vtable_handler
 .text.irq_has_shared_handler
                0x10000948       0x24 CMakeFiles/reception.dir/C_/Program_Files/Raspberry_Pi/Pico_SDK_v1.5.1/pico-sdk/src/rp2_common/hardware_irq/irq.c.obj
                0x10000948                irq_has_shared_handler
 .text.irq_set_exclusive_handler
                0x1000096c       0x54 CMakeFiles/reception.dir/C_/Program_Files/Raspberry_Pi/Pico_SDK_v1.5.1/pico-sdk/src/rp2_common/hardware_irq/irq.c.obj
                0x1000096c                irq_set_exclusive_handler
 .text.irq_add_shared_handler
                0x100009c0      0x234 CMakeFiles/reception.dir/C_/Program_Files/Raspberry_Pi/Pico_SDK_v1.5.1/pico-sdk/src/rp2_common/hardware_irq/irq.c.obj
                0x100009c0                irq_add_shared_handler
 .text.irq_remove_handler
                0x10000bf4      0x1ac CMakeFiles/reception.dir/C_/Program_Files/Raspberry_Pi/Pico_SDK_v1.5.1/pico-sdk/src/rp2_common/hardware_irq/irq.c.obj
                0x10000bf4                irq_remove_handler
 .text.irq_add_tail_to_free_list
                0x10000da0       0xf0 CMakeFiles/reception.dir/C_/Program_Files/Raspberry_Pi/Pico_SDK_v1.5.1/pico-sdk/src/rp2_common/hardware_irq/irq.c.obj
                0x10000da0                irq_add_tail_to_free_list
 .text.irq_init_priorities
                0x10000e90       0x1c CMakeFiles/reception.dir/C_/Program_Files/Raspberry_Pi/Pico_SDK_v1.5.1/pico-sdk/src/rp2_common/hardware_irq/irq.c.obj
                0x10000e90                irq_init_priorities
 .text.user_irq_claim_unused
                0x10000eac       0x28 CMakeFiles/reception.dir/C_/Program_Files/Raspberry_Pi/Pico_SDK_v1.5.1/pico-sdk/src/rp2_common/hardware_irq/irq.c.obj
                0x10000eac                user_irq_claim_unused
 .text.lock_init
                0x10000ed4       0x10 CMakeFiles/reception.dir/C_/Program_Files/Raspberry_Pi/Pico_SDK_v1.5.1/pico-sdk/src/common/pico_sync/lock_core.c.obj
                0x10000ed4                lock_init
 .text.mutex_init
                0x10000ee4       0x1a CMakeFiles/reception.dir/C_/Program_Files/Raspberry_Pi/Pico_SDK_v1.5.1/pico-sdk/src/common/pico_sync/mutex.c.obj
                0x10000ee4                mutex_init
 .text.recursive_mutex_init
                0x10000efe       0x1e CMakeFiles/reception.dir/C_/Program_Files/Raspberry_Pi/Pico_SDK_v1.5.1/pico-sdk/src/common/pico_sync/mutex.c.obj
                0x10000efe                recursive_mutex_init
 .text.critical_section_init_with_lock_num
                0x10000f1c       0x14 CMakeFiles/reception.dir/C_/Program_Files/Raspberry_Pi/Pico_SDK_v1.5.1/pico-sdk/src/common/pico_sync/critical_section.c.obj
                0x10000f1c                critical_section_init_with_lock_num
 .text.critical_section_init
                0x10000f30       0x14 CMakeFiles/reception.dir/C_/Program_Files/Raspberry_Pi/Pico_SDK_v1.5.1/pico-sdk/src/common/pico_sync/critical_section.c.obj
                0x10000f30                critical_section_init
 .text.repeating_timer_callback
                0x10000f44       0x40 CMakeFiles/reception.dir/C_/Program_Files/Raspberry_Pi/Pico_SDK_v1.5.1/pico-sdk/src/common/pico_time/time.c.obj
 .text.alarm_pool_post_alloc_init
                0x10000f84       0x40 CMakeFiles/reception.dir/C_/Program_Files/Raspberry_Pi/Pico_SDK_v1.5.1/pico-sdk/src/common/pico_time/time.c.obj
 .text.sleep_until_callback
                0x10000fc4       0x30 CMakeFiles/reception.dir/C_/Program_Files/Raspberry_Pi/Pico_SDK_v1.5.1/pico-sdk/src/common/pico_time/time.c.obj
 .text.timer_pool_entry_comparator
                0x10000ff4       0x7c CMakeFiles/reception.dir/C_/Program_Files/Raspberry_Pi/Pico_SDK_v1.5.1/pico-sdk/src/common/pico_time/time.c.obj
                0x10000ff4                timer_pool_entry_comparator
 .text.ph_add_child_node
                0x10001070       0xa4 CMakeFiles/reception.dir/C_/Program_Files/Raspberry_Pi/Pico_SDK_v1.5.1/pico-sdk/src/common/pico_time/time.c.obj
 .text.ph_merge_nodes
                0x10001114       0x3e CMakeFiles/reception.dir/C_/Program_Files/Raspberry_Pi/Pico_SDK_v1.5.1/pico-sdk/src/common/pico_time/time.c.obj
 *fill*         0x10001152        0x2 
 .text.add_alarm_under_lock
                0x10001154      0x174 CMakeFiles/reception.dir/C_/Program_Files/Raspberry_Pi/Pico_SDK_v1.5.1/pico-sdk/src/common/pico_time/time.c.obj
 .text.alarm_pool_alarm_callback
                0x100012c8      0x33c CMakeFiles/reception.dir/C_/Program_Files/Raspberry_Pi/Pico_SDK_v1.5.1/pico-sdk/src/common/pico_time/time.c.obj
 .text.alarm_pool_init_default
                0x10001604       0x40 CMakeFiles/reception.dir/C_/Program_Files/Raspberry_Pi/Pico_SDK_v1.5.1/pico-sdk/src/common/pico_time/time.c.obj
                0x10001604                alarm_pool_init_default
 .text.alarm_pool_get_default
                0x10001644       0x2c CMakeFiles/reception.dir/C_/Program_Files/Raspberry_Pi/Pico_SDK_v1.5.1/pico-sdk/src/common/pico_time/time.c.obj
                0x10001644                alarm_pool_get_default
 .text.alarm_pool_add_alarm_at
                0x10001670      0x168 CMakeFiles/reception.dir/C_/Program_Files/Raspberry_Pi/Pico_SDK_v1.5.1/pico-sdk/src/common/pico_time/time.c.obj
                0x10001670                alarm_pool_add_alarm_at
 .text.alarm_pool_cancel_alarm
                0x100017d8       0xf8 CMakeFiles/reception.dir/C_/Program_Files/Raspberry_Pi/Pico_SDK_v1.5.1/pico-sdk/src/common/pico_time/time.c.obj
                0x100017d8                alarm_pool_cancel_alarm
 .text.alarm_pool_core_num
                0x100018d0        0x4 CMakeFiles/reception.dir/C_/Program_Files/Raspberry_Pi/Pico_SDK_v1.5.1/pico-sdk/src/common/pico_time/time.c.obj
                0x100018d0                alarm_pool_core_num
 .text.alarm_pool_add_repeating_timer_us
                0x100018d4       0x98 CMakeFiles/reception.dir/C_/Program_Files/Raspberry_Pi/Pico_SDK_v1.5.1/pico-sdk/src/common/pico_time/time.c.obj
                0x100018d4                alarm_pool_add_repeating_timer_us
 .text.cancel_repeating_timer
                0x1000196c       0x1a CMakeFiles/reception.dir/C_/Program_Files/Raspberry_Pi/Pico_SDK_v1.5.1/pico-sdk/src/common/pico_time/time.c.obj
                0x1000196c                cancel_repeating_timer
 *fill*         0x10001986        0x2 
 .text.best_effort_wfe_or_timeout
                0x10001988       0xac CMakeFiles/reception.dir/C_/Program_Files/Raspberry_Pi/Pico_SDK_v1.5.1/pico-sdk/src/common/pico_time/time.c.obj
                0x10001988                best_effort_wfe_or_timeout
 .text.hardware_alarm_irq_handler
                0x10001a34       0x90 CMakeFiles/reception.dir/C_/Program_Files/Raspberry_Pi/Pico_SDK_v1.5.1/pico-sdk/src/rp2_common/hardware_timer/timer.c.obj
 .text.hardware_alarm_claim
                0x10001ac4       0x18 CMakeFiles/reception.dir/C_/Program_Files/Raspberry_Pi/Pico_SDK_v1.5.1/pico-sdk/src/rp2_common/hardware_timer/timer.c.obj
                0x10001ac4                hardware_alarm_claim
 .text.time_us_64
                0x10001adc       0x18 CMakeFiles/reception.dir/C_/Program_Files/Raspberry_Pi/Pico_SDK_v1.5.1/pico-sdk/src/rp2_common/hardware_timer/timer.c.obj
                0x10001adc                time_us_64
 .text.busy_wait_until
                0x10001af4       0x28 CMakeFiles/reception.dir/C_/Program_Files/Raspberry_Pi/Pico_SDK_v1.5.1/pico-sdk/src/rp2_common/hardware_timer/timer.c.obj
                0x10001af4                busy_wait_until
 .text.busy_wait_us
                0x10001b1c       0x48 CMakeFiles/reception.dir/C_/Program_Files/Raspberry_Pi/Pico_SDK_v1.5.1/pico-sdk/src/rp2_common/hardware_timer/timer.c.obj
                0x10001b1c                busy_wait_us
 .text.hardware_alarm_set_callback
                0x10001b64       0x90 CMakeFiles/reception.dir/C_/Program_Files/Raspberry_Pi/Pico_SDK_v1.5.1/pico-sdk/src/rp2_common/hardware_timer/timer.c.obj
                0x10001b64                hardware_alarm_set_callback
 .text.hardware_alarm_set_target
                0x10001bf4       0xe8 CMakeFiles/reception.dir/C_/Program_Files/Raspberry_Pi/Pico_SDK_v1.5.1/pico-sdk/src/rp2_common/hardware_timer/timer.c.obj
                0x10001bf4                hardware_alarm_set_target
 .text.hardware_alarm_cancel
                0x10001cdc       0x40 CMakeFiles/reception.dir/C_/Program_Files/Raspberry_Pi/Pico_SDK_v1.5.1/pico-sdk/src/rp2_common/hardware_timer/timer.c.obj
                0x10001cdc                hardware_alarm_cancel
 .text.ph_add_child_node
                0x10001d1c       0xa4 CMakeFiles/reception.dir/C_/Program_Files/Raspberry_Pi/Pico_SDK_v1.5.1/pico-sdk/src/common/pico_util/pheap.c.obj
 .text.ph_merge_nodes
                0x10001dc0       0x3e CMakeFiles/reception.dir/C_/Program_Files/Raspberry_Pi/Pico_SDK_v1.5.1/pico-sdk/src/common/pico_util/pheap.c.obj
 *fill*         0x10001dfe        0x2 
 .text.ph_clear
                0x10001e00       0x70 CMakeFiles/reception.dir/C_/Program_Files/Raspberry_Pi/Pico_SDK_v1.5.1/pico-sdk/src/common/pico_util/pheap.c.obj
                0x10001e00                ph_clear
 .text.ph_post_alloc_init
                0x10001e70        0xe CMakeFiles/reception.dir/C_/Program_Files/Raspberry_Pi/Pico_SDK_v1.5.1/pico-sdk/src/common/pico_util/pheap.c.obj
                0x10001e70                ph_post_alloc_init
 *fill*         0x10001e7e        0x2 
 .text.ph_merge_two_pass
                0x10001e80       0xa8 CMakeFiles/reception.dir/C_/Program_Files/Raspberry_Pi/Pico_SDK_v1.5.1/pico-sdk/src/common/pico_util/pheap.c.obj
                0x10001e80                ph_merge_two_pass
 .text.ph_remove_any_head
                0x10001f28      0x128 CMakeFiles/reception.dir/C_/Program_Files/Raspberry_Pi/Pico_SDK_v1.5.1/pico-sdk/src/common/pico_util/pheap.c.obj
 .text.ph_remove_head
                0x10002050       0x14 CMakeFiles/reception.dir/C_/Program_Files/Raspberry_Pi/Pico_SDK_v1.5.1/pico-sdk/src/common/pico_util/pheap.c.obj
                0x10002050                ph_remove_head
 .text.ph_remove_and_free_node
                0x10002064       0xf8 CMakeFiles/reception.dir/C_/Program_Files/Raspberry_Pi/Pico_SDK_v1.5.1/pico-sdk/src/common/pico_util/pheap.c.obj
                0x10002064                ph_remove_and_free_node
 .text.uart_disable_before_lcr_write
                0x1000215c       0x48 CMakeFiles/reception.dir/C_/Program_Files/Raspberry_Pi/Pico_SDK_v1.5.1/pico-sdk/src/rp2_common/hardware_uart/uart.c.obj
 .text.uart_write_lcr_bits_masked
                0x100021a4       0x22 CMakeFiles/reception.dir/C_/Program_Files/Raspberry_Pi/Pico_SDK_v1.5.1/pico-sdk/src/rp2_common/hardware_uart/uart.c.obj
 *fill*         0x100021c6        0x2 
 .text.uart_set_baudrate
                0x100021c8       0x5c CMakeFiles/reception.dir/C_/Program_Files/Raspberry_Pi/Pico_SDK_v1.5.1/pico-sdk/src/rp2_common/hardware_uart/uart.c.obj
                0x100021c8                uart_set_baudrate
 .text.uart_set_format
                0x10002224       0x2c CMakeFiles/reception.dir/C_/Program_Files/Raspberry_Pi/Pico_SDK_v1.5.1/pico-sdk/src/rp2_common/hardware_uart/uart.c.obj
                0x10002224                uart_set_format
 .text.uart_set_fifo_enabled
                0x10002250       0x10 CMakeFiles/reception.dir/C_/Program_Files/Raspberry_Pi/Pico_SDK_v1.5.1/pico-sdk/src/rp2_common/hardware_uart/uart.c.obj
                0x10002250                uart_set_fifo_enabled
 .text.uart_set_translate_crlf
                0x10002260       0x28 CMakeFiles/reception.dir/C_/Program_Files/Raspberry_Pi/Pico_SDK_v1.5.1/pico-sdk/src/rp2_common/hardware_uart/uart.c.obj
                0x10002260                uart_set_translate_crlf
 .text.uart_init
                0x10002288       0x80 CMakeFiles/reception.dir/C_/Program_Files/Raspberry_Pi/Pico_SDK_v1.5.1/pico-sdk/src/rp2_common/hardware_uart/uart.c.obj
                0x10002288                uart_init
 .text.clock_configure
                0x10002308      0x108 CMakeFiles/reception.dir/C_/Program_Files/Raspberry_Pi/Pico_SDK_v1.5.1/pico-sdk/src/rp2_common/hardware_clocks/clocks.c.obj
                0x10002308                clock_configure
 .text.clocks_init
                0x10002410      0x100 CMakeFiles/reception.dir/C_/Program_Files/Raspberry_Pi/Pico_SDK_v1.5.1/pico-sdk/src/rp2_common/hardware_clocks/clocks.c.obj
                0x10002410                clocks_init
 .text.clock_get_hz
                0x10002510        0xc CMakeFiles/reception.dir/C_/Program_Files/Raspberry_Pi/Pico_SDK_v1.5.1/pico-sdk/src/rp2_common/hardware_clocks/clocks.c.obj
                0x10002510                clock_get_hz
 .text.pll_init
                0x1000251c      0x120 CMakeFiles/reception.dir/C_/Program_Files/Raspberry_Pi/Pico_SDK_v1.5.1/pico-sdk/src/rp2_common/hardware_pll/pll.c.obj
                0x1000251c                pll_init
 .text.watchdog_start_tick
                0x1000263c       0x10 CMakeFiles/reception.dir/C_/Program_Files/Raspberry_Pi/Pico_SDK_v1.5.1/pico-sdk/src/rp2_common/hardware_watchdog/watchdog.c.obj
                0x1000263c                watchdog_start_tick
 .text.watchdog_update
                0x1000264c       0x14 CMakeFiles/reception.dir/C_/Program_Files/Raspberry_Pi/Pico_SDK_v1.5.1/pico-sdk/src/rp2_common/hardware_watchdog/watchdog.c.obj
                0x1000264c                watchdog_update
 .text._watchdog_enable
                0x10002660       0x78 CMakeFiles/reception.dir/C_/Program_Files/Raspberry_Pi/Pico_SDK_v1.5.1/pico-sdk/src/rp2_common/hardware_watchdog/watchdog.c.obj
                0x10002660                _watchdog_enable
 .text.watchdog_reboot
                0x100026d8       0x48 CMakeFiles/reception.dir/C_/Program_Files/Raspberry_Pi/Pico_SDK_v1.5.1/pico-sdk/src/rp2_common/hardware_watchdog/watchdog.c.obj
                0x100026d8                watchdog_reboot
 .text.xosc_init
                0x10002720       0x28 CMakeFiles/reception.dir/C_/Program_Files/Raspberry_Pi/Pico_SDK_v1.5.1/pico-sdk/src/rp2_common/hardware_xosc/xosc.c.obj
                0x10002720                xosc_init
 .text._exit    0x10002748        0x4 CMakeFiles/reception.dir/C_/Program_Files/Raspberry_Pi/Pico_SDK_v1.5.1/pico-sdk/src/rp2_common/pico_runtime/runtime.c.obj
                0x10002748                _exit
 .text._sbrk    0x1000274c       0x38 CMakeFiles/reception.dir/C_/Program_Files/Raspberry_Pi/Pico_SDK_v1.5.1/pico-sdk/src/rp2_common/pico_runtime/runtime.c.obj
                0x1000274c                _sbrk
 .text.exit     0x10002784        0x6 CMakeFiles/reception.dir/C_/Program_Files/Raspberry_Pi/Pico_SDK_v1.5.1/pico-sdk/src/rp2_common/pico_runtime/runtime.c.obj
                0x10002784                exit
 *fill*         0x1000278a        0x2 
 .text.__assert_func
                0x1000278c       0x3c CMakeFiles/reception.dir/C_/Program_Files/Raspberry_Pi/Pico_SDK_v1.5.1/pico-sdk/src/rp2_common/pico_runtime/runtime.c.obj
                0x1000278c                __assert_func
 .text.runtime_init
                0x100027c8       0xf8 CMakeFiles/reception.dir/C_/Program_Files/Raspberry_Pi/Pico_SDK_v1.5.1/pico-sdk/src/rp2_common/pico_runtime/runtime.c.obj
                0x100027c8                runtime_init
 .text.panic    0x100028c0       0x30 CMakeFiles/reception.dir/C_/Program_Files/Raspberry_Pi/Pico_SDK_v1.5.1/pico-sdk/src/rp2_common/pico_runtime/runtime.c.obj
                0x100028c0                panic
 .text._out_buffer
                0x100028f0        0x8 CMakeFiles/reception.dir/C_/Program_Files/Raspberry_Pi/Pico_SDK_v1.5.1/pico-sdk/src/rp2_common/pico_printf/printf.c.obj
 .text._out_null
                0x100028f8        0x2 CMakeFiles/reception.dir/C_/Program_Files/Raspberry_Pi/Pico_SDK_v1.5.1/pico-sdk/src/rp2_common/pico_printf/printf.c.obj
 .text._out_fct
                0x100028fa        0xe CMakeFiles/reception.dir/C_/Program_Files/Raspberry_Pi/Pico_SDK_v1.5.1/pico-sdk/src/rp2_common/pico_printf/printf.c.obj
 .text._atoi    0x10002908       0x24 CMakeFiles/reception.dir/C_/Program_Files/Raspberry_Pi/Pico_SDK_v1.5.1/pico-sdk/src/rp2_common/pico_printf/printf.c.obj
 .text._out_rev
                0x1000292c       0xae CMakeFiles/reception.dir/C_/Program_Files/Raspberry_Pi/Pico_SDK_v1.5.1/pico-sdk/src/rp2_common/pico_printf/printf.c.obj
 .text._ntoa_format
                0x100029da      0x112 CMakeFiles/reception.dir/C_/Program_Files/Raspberry_Pi/Pico_SDK_v1.5.1/pico-sdk/src/rp2_common/pico_printf/printf.c.obj
 .text._ntoa_long
                0x10002aec       0xbc CMakeFiles/reception.dir/C_/Program_Files/Raspberry_Pi/Pico_SDK_v1.5.1/pico-sdk/src/rp2_common/pico_printf/printf.c.obj
 .text._ntoa_long_long
                0x10002ba8       0xe2 CMakeFiles/reception.dir/C_/Program_Files/Raspberry_Pi/Pico_SDK_v1.5.1/pico-sdk/src/rp2_common/pico_printf/printf.c.obj
 *fill*         0x10002c8a        0x2 
 .text._etoa    0x10002c8c      0x414 CMakeFiles/reception.dir/C_/Program_Files/Raspberry_Pi/Pico_SDK_v1.5.1/pico-sdk/src/rp2_common/pico_printf/printf.c.obj
 .text._ftoa    0x100030a0      0x354 CMakeFiles/reception.dir/C_/Program_Files/Raspberry_Pi/Pico_SDK_v1.5.1/pico-sdk/src/rp2_common/pico_printf/printf.c.obj
 .text._vsnprintf
                0x100033f4      0x624 CMakeFiles/reception.dir/C_/Program_Files/Raspberry_Pi/Pico_SDK_v1.5.1/pico-sdk/src/rp2_common/pico_printf/printf.c.obj
 .text.__wrap_sprintf
                0x10003a18       0x28 CMakeFiles/reception.dir/C_/Program_Files/Raspberry_Pi/Pico_SDK_v1.5.1/pico-sdk/src/rp2_common/pico_printf/printf.c.obj
                0x10003a18                __wrap_sprintf
 .text.vfctprintf
                0x10003a40       0x20 CMakeFiles/reception.dir/C_/Program_Files/Raspberry_Pi/Pico_SDK_v1.5.1/pico-sdk/src/rp2_common/pico_printf/printf.c.obj
                0x10003a40                vfctprintf
 .text          0x10003a60       0x10 CMakeFiles/reception.dir/C_/Program_Files/Raspberry_Pi/Pico_SDK_v1.5.1/pico-sdk/src/rp2_common/pico_bit_ops/bit_ops_aeabi.S.obj
 .text.rom_func_lookup
                0x10003a70       0x10 CMakeFiles/reception.dir/C_/Program_Files/Raspberry_Pi/Pico_SDK_v1.5.1/pico-sdk/src/rp2_common/pico_bootrom/bootrom.c.obj
                0x10003a70                rom_func_lookup
 .text.rom_data_lookup
                0x10003a80       0x10 CMakeFiles/reception.dir/C_/Program_Files/Raspberry_Pi/Pico_SDK_v1.5.1/pico-sdk/src/rp2_common/pico_bootrom/bootrom.c.obj
                0x10003a80                rom_data_lookup
 .text.rom_funcs_lookup
                0x10003a90       0x36 CMakeFiles/reception.dir/C_/Program_Files/Raspberry_Pi/Pico_SDK_v1.5.1/pico-sdk/src/rp2_common/pico_bootrom/bootrom.c.obj
                0x10003a90                rom_funcs_lookup
 *fill*         0x10003ac6        0x2 
 .text.__wrap___aeabi_idiv
                0x10003ac8       0x50 CMakeFiles/reception.dir/C_/Program_Files/Raspberry_Pi/Pico_SDK_v1.5.1/pico-sdk/src/rp2_common/pico_divider/divider.S.obj
                0x10003ac8                __wrap___aeabi_idivmod
                0x10003ac8                divmod_s32s32
                0x10003ac8                div_s32s32
                0x10003ac8                __wrap___aeabi_idiv
                0x10003ad0                divmod_s32s32_unsafe
                0x10003afc                divmod_s32s32_savestate
 .text.__wrap___aeabi_uidiv
                0x10003b18       0x4c CMakeFiles/reception.dir/C_/Program_Files/Raspberry_Pi/Pico_SDK_v1.5.1/pico-sdk/src/rp2_common/pico_divider/divider.S.obj
                0x10003b18                __wrap___aeabi_uidiv
                0x10003b18                __wrap___aeabi_uidivmod
                0x10003b18                div_u32u32
                0x10003b18                divmod_u32u32
                0x10003b20                divmod_u32u32_unsafe
                0x10003b48                divmod_u32u32_savestate
 .text.__wrap___aeabi_ldiv
                0x10003b64      0x424 CMakeFiles/reception.dir/C_/Program_Files/Raspberry_Pi/Pico_SDK_v1.5.1/pico-sdk/src/rp2_common/pico_divider/divider.S.obj
                0x10003b64                div_s64s64
                0x10003b64                divmod_s64s64
                0x10003b64                __wrap___aeabi_ldivmod
                0x10003b94                divmod_u64u64
                0x10003b94                div_u64u64
                0x10003b94                __wrap___aeabi_uldivmod
                0x10003ba4                divmod_u64u64_savestate
                0x10003bc4                divmod_s64s64_unsafe
                0x10003c4c                divmod_u64u64_unsafe
 .text.__wrap___aeabi_darithmetic
                0x10003f88       0x80 CMakeFiles/reception.dir/C_/Program_Files/Raspberry_Pi/Pico_SDK_v1.5.1/pico-sdk/src/rp2_common/pico_double/double_aeabi.S.obj
                0x10003f88                __wrap___aeabi_drsub
                0x10003f8e                __wrap___aeabi_dsub
                0x10003fa0                __wrap___aeabi_dadd
                0x10003fb2                __wrap___aeabi_ddiv
                0x10003fee                __wrap___aeabi_dmul
 .text.__wrap___aeabi_cdcmple
                0x10004008       0x6c CMakeFiles/reception.dir/C_/Program_Files/Raspberry_Pi/Pico_SDK_v1.5.1/pico-sdk/src/rp2_common/pico_double/double_aeabi.S.obj
                0x10004008                __wrap___aeabi_cdrcmple
                0x10004018                __wrap___aeabi_cdcmpeq
                0x10004018                __wrap___aeabi_cdcmple
 .text.__wrap___aeabi_dcmplt
                0x10004074        0xc CMakeFiles/reception.dir/C_/Program_Files/Raspberry_Pi/Pico_SDK_v1.5.1/pico-sdk/src/rp2_common/pico_double/double_aeabi.S.obj
                0x10004074                __wrap___aeabi_dcmplt
 .text.__wrap___aeabi_dcmple
                0x10004080       0x10 CMakeFiles/reception.dir/C_/Program_Files/Raspberry_Pi/Pico_SDK_v1.5.1/pico-sdk/src/rp2_common/pico_double/double_aeabi.S.obj
                0x10004080                __wrap___aeabi_dcmple
 .text.__wrap___aeabi_dcmpge
                0x10004090       0x10 CMakeFiles/reception.dir/C_/Program_Files/Raspberry_Pi/Pico_SDK_v1.5.1/pico-sdk/src/rp2_common/pico_double/double_aeabi.S.obj
                0x10004090                __wrap___aeabi_dcmpge
 .text.__wrap___aeabi_dcmpgt
                0x100040a0        0xa CMakeFiles/reception.dir/C_/Program_Files/Raspberry_Pi/Pico_SDK_v1.5.1/pico-sdk/src/rp2_common/pico_double/double_aeabi.S.obj
                0x100040a0                __wrap___aeabi_dcmpgt
 .text.__wrap___aeabi_dcmpun
                0x100040aa       0x1c CMakeFiles/reception.dir/C_/Program_Files/Raspberry_Pi/Pico_SDK_v1.5.1/pico-sdk/src/rp2_common/pico_double/double_aeabi.S.obj
                0x100040aa                __wrap___aeabi_dcmpun
 *fill*         0x100040c6        0x2 
 .text.__wrap___aeabi_i2d
                0x100040c8       0x38 CMakeFiles/reception.dir/C_/Program_Files/Raspberry_Pi/Pico_SDK_v1.5.1/pico-sdk/src/rp2_common/pico_double/double_aeabi.S.obj
                0x100040c8                __wrap___aeabi_ui2d
                0x100040d0                __wrap___aeabi_i2d
 .text.__wrap___aeabi_d2iz
                0x10004100       0x48 CMakeFiles/reception.dir/C_/Program_Files/Raspberry_Pi/Pico_SDK_v1.5.1/pico-sdk/src/rp2_common/pico_double/double_aeabi.S.obj
                0x10004100                double2int_z
                0x10004100                __wrap___aeabi_d2iz
 .text.__wrap___aeabi_d2uiz
                0x10004148       0x18 CMakeFiles/reception.dir/C_/Program_Files/Raspberry_Pi/Pico_SDK_v1.5.1/pico-sdk/src/rp2_common/pico_double/double_aeabi.S.obj
                0x10004148                __wrap___aeabi_d2uiz
                0x10004148                double2uint
 .text.__aeabi_double_init
                0x10004160       0xc8 CMakeFiles/reception.dir/C_/Program_Files/Raspberry_Pi/Pico_SDK_v1.5.1/pico-sdk/src/rp2_common/pico_double/double_init_rom.c.obj
                0x10004160                __aeabi_double_init
 .text.__wrap_round
                0x10004228       0x9c CMakeFiles/reception.dir/C_/Program_Files/Raspberry_Pi/Pico_SDK_v1.5.1/pico-sdk/src/rp2_common/pico_double/double_math.c.obj
                0x10004228                __wrap_round
 .text.double_table_shim_on_use_helper
                0x100042c4       0x34 CMakeFiles/reception.dir/C_/Program_Files/Raspberry_Pi/Pico_SDK_v1.5.1/pico-sdk/src/rp2_common/pico_double/double_v1_rom_shim.S.obj
                0x100042c4                double_table_shim_on_use_helper
 .text.__wrap___aeabi_dsub
                0x100042f8       0x10 CMakeFiles/reception.dir/C_/Program_Files/Raspberry_Pi/Pico_SDK_v1.5.1/pico-sdk/src/rp2_common/pico_double/double_v1_rom_shim.S.obj
                0x100042f8                drsub_shim
                0x100042fe                dsub_shim
 .text.dadd_shim
                0x10004308      0x15c CMakeFiles/reception.dir/C_/Program_Files/Raspberry_Pi/Pico_SDK_v1.5.1/pico-sdk/src/rp2_common/pico_double/double_v1_rom_shim.S.obj
                0x10004308                dadd_shim
 .text.dmul_shim
                0x10004464      0x15c CMakeFiles/reception.dir/C_/Program_Files/Raspberry_Pi/Pico_SDK_v1.5.1/pico-sdk/src/rp2_common/pico_double/double_v1_rom_shim.S.obj
                0x10004464                dmul_shim
 .text.ddiv_shim
                0x100045c0      0x1b0 CMakeFiles/reception.dir/C_/Program_Files/Raspberry_Pi/Pico_SDK_v1.5.1/pico-sdk/src/rp2_common/pico_double/double_v1_rom_shim.S.obj
                0x100045c0                ddiv_shim
 .text.double2uint_shim
                0x10004770        0xe CMakeFiles/reception.dir/C_/Program_Files/Raspberry_Pi/Pico_SDK_v1.5.1/pico-sdk/src/rp2_common/pico_double/double_v1_rom_shim.S.obj
                0x10004770                double2uint_shim
                0x10004772                double2ufix_shim
 *fill*         0x1000477e        0x2 
 .text.double2uint64_shim
                0x10004780       0x70 CMakeFiles/reception.dir/C_/Program_Files/Raspberry_Pi/Pico_SDK_v1.5.1/pico-sdk/src/rp2_common/pico_double/double_v1_rom_shim.S.obj
                0x10004780                double2uint64_shim
                0x10004782                double2ufix64_shim
                0x100047a2                d2fix_a
 .text.dunpacks
                0x100047f0       0x3c CMakeFiles/reception.dir/C_/Program_Files/Raspberry_Pi/Pico_SDK_v1.5.1/pico-sdk/src/rp2_common/pico_double/double_v1_rom_shim.S.obj
                0x100047f0                dunpacks
 .text.__aeabi_lmul
                0x1000482c       0x32 CMakeFiles/reception.dir/C_/Program_Files/Raspberry_Pi/Pico_SDK_v1.5.1/pico-sdk/src/rp2_common/pico_int64_ops/pico_int64_ops_aeabi.S.obj
                0x1000482c                __wrap___aeabi_lmul
 *fill*         0x1000485e        0x2 
 .text.__wrap___aeabi_farithmetic
                0x10004860       0x58 CMakeFiles/reception.dir/C_/Program_Files/Raspberry_Pi/Pico_SDK_v1.5.1/pico-sdk/src/rp2_common/pico_float/float_aeabi.S.obj
                0x10004860                __wrap___aeabi_frsub
                0x10004866                __wrap___aeabi_fsub
                0x10004870                __wrap___aeabi_fadd
                0x1000487a                __wrap___aeabi_fdiv
                0x100048a6                __wrap___aeabi_fmul
 .text.__wrap___aeabi_i2f
                0x100048b8       0x44 CMakeFiles/reception.dir/C_/Program_Files/Raspberry_Pi/Pico_SDK_v1.5.1/pico-sdk/src/rp2_common/pico_float/float_aeabi.S.obj
                0x100048b8                __wrap___aeabi_i2f
 .text.__wrap___aeabi_f2d
                0x100048fc       0x14 CMakeFiles/reception.dir/C_/Program_Files/Raspberry_Pi/Pico_SDK_v1.5.1/pico-sdk/src/rp2_common/pico_float/float_aeabi.S.obj
                0x100048fc                __wrap___aeabi_f2d
 .text.__aeabi_float_init
                0x10004910       0xfc CMakeFiles/reception.dir/C_/Program_Files/Raspberry_Pi/Pico_SDK_v1.5.1/pico-sdk/src/rp2_common/pico_float/float_init_rom.c.obj
                0x10004910                __aeabi_float_init
 .text.float_table_shim_on_use_helper
                0x10004a0c       0x34 CMakeFiles/reception.dir/C_/Program_Files/Raspberry_Pi/Pico_SDK_v1.5.1/pico-sdk/src/rp2_common/pico_float/float_v1_rom_shim.S.obj
                0x10004a0c                float_table_shim_on_use_helper
 .text.float2double_shim
                0x10004a40       0x30 CMakeFiles/reception.dir/C_/Program_Files/Raspberry_Pi/Pico_SDK_v1.5.1/pico-sdk/src/rp2_common/pico_float/float_v1_rom_shim.S.obj
                0x10004a40                float2double_shim
 .text.__wrap_malloc
                0x10004a70       0x24 CMakeFiles/reception.dir/C_/Program_Files/Raspberry_Pi/Pico_SDK_v1.5.1/pico-sdk/src/rp2_common/pico_malloc/pico_malloc.c.obj
                0x10004a70                __wrap_malloc
 .text.__wrap_free
                0x10004a94        0x8 CMakeFiles/reception.dir/C_/Program_Files/Raspberry_Pi/Pico_SDK_v1.5.1/pico-sdk/src/rp2_common/pico_malloc/pico_malloc.c.obj
                0x10004a94                __wrap_free
 .text          0x10004a9c       0x10 CMakeFiles/reception.dir/C_/Program_Files/Raspberry_Pi/Pico_SDK_v1.5.1/pico-sdk/src/rp2_common/pico_mem_ops/mem_ops_aeabi.S.obj
                0x10004a9c                __aeabi_mem_init
 .text.memset   0x10004aac        0xc CMakeFiles/reception.dir/C_/Program_Files/Raspberry_Pi/Pico_SDK_v1.5.1/pico-sdk/src/rp2_common/pico_mem_ops/mem_ops_aeabi.S.obj
                0x10004aac                __wrap_memset
 .text.memcpy   0x10004ab8        0xc CMakeFiles/reception.dir/C_/Program_Files/Raspberry_Pi/Pico_SDK_v1.5.1/pico-sdk/src/rp2_common/pico_mem_ops/mem_ops_aeabi.S.obj
                0x10004ab8                __wrap_memcpy
                0x10004ab8                __wrap___aeabi_memcpy
 .text.stdio_out_chars_no_crlf
                0x10004ac4        0xe CMakeFiles/reception.dir/C_/Program_Files/Raspberry_Pi/Pico_SDK_v1.5.1/pico-sdk/src/rp2_common/pico_stdio/stdio.c.obj
 *fill*         0x10004ad2        0x2 
 .text.stdio_out_chars_crlf
                0x10004ad4       0x80 CMakeFiles/reception.dir/C_/Program_Files/Raspberry_Pi/Pico_SDK_v1.5.1/pico-sdk/src/rp2_common/pico_stdio/stdio.c.obj
 .text.stdio_stack_buffer_flush
                0x10004b54       0x44 CMakeFiles/reception.dir/C_/Program_Files/Raspberry_Pi/Pico_SDK_v1.5.1/pico-sdk/src/rp2_common/pico_stdio/stdio.c.obj
 .text.stdio_buffered_printer
                0x10004b98       0x20 CMakeFiles/reception.dir/C_/Program_Files/Raspberry_Pi/Pico_SDK_v1.5.1/pico-sdk/src/rp2_common/pico_stdio/stdio.c.obj
 .text.stdout_serialize_begin
                0x10004bb8       0x5c CMakeFiles/reception.dir/C_/Program_Files/Raspberry_Pi/Pico_SDK_v1.5.1/pico-sdk/src/rp2_common/pico_stdio/stdio.c.obj
                0x10004bb8                stdout_serialize_begin
 .text.stdout_serialize_end
                0x10004c14       0x10 CMakeFiles/reception.dir/C_/Program_Files/Raspberry_Pi/Pico_SDK_v1.5.1/pico-sdk/src/rp2_common/pico_stdio/stdio.c.obj
                0x10004c14                stdout_serialize_end
 .text.stdio_put_string
                0x10004c24       0x98 CMakeFiles/reception.dir/C_/Program_Files/Raspberry_Pi/Pico_SDK_v1.5.1/pico-sdk/src/rp2_common/pico_stdio/stdio.c.obj
 .text.stdio_set_driver_enabled
                0x10004cbc       0x2c CMakeFiles/reception.dir/C_/Program_Files/Raspberry_Pi/Pico_SDK_v1.5.1/pico-sdk/src/rp2_common/pico_stdio/stdio.c.obj
                0x10004cbc                stdio_set_driver_enabled
 .text.stdio_flush
                0x10004ce8       0x20 CMakeFiles/reception.dir/C_/Program_Files/Raspberry_Pi/Pico_SDK_v1.5.1/pico-sdk/src/rp2_common/pico_stdio/stdio.c.obj
                0x10004ce8                stdio_flush
 .text.__wrap_puts
                0x10004d08       0x1e CMakeFiles/reception.dir/C_/Program_Files/Raspberry_Pi/Pico_SDK_v1.5.1/pico-sdk/src/rp2_common/pico_stdio/stdio.c.obj
                0x10004d08                __wrap_puts
 *fill*         0x10004d26        0x2 
 .text.__wrap_vprintf
                0x10004d28       0x40 CMakeFiles/reception.dir/C_/Program_Files/Raspberry_Pi/Pico_SDK_v1.5.1/pico-sdk/src/rp2_common/pico_stdio/stdio.c.obj
                0x10004d28                __wrap_vprintf
 .text.__wrap_printf
                0x10004d68       0x18 CMakeFiles/reception.dir/C_/Program_Files/Raspberry_Pi/Pico_SDK_v1.5.1/pico-sdk/src/rp2_common/pico_stdio/stdio.c.obj
                0x10004d68                __wrap_printf
 .text.stdio_init_all
                0x10004d80        0xe CMakeFiles/reception.dir/C_/Program_Files/Raspberry_Pi/Pico_SDK_v1.5.1/pico-sdk/src/rp2_common/pico_stdio/stdio.c.obj
                0x10004d80                stdio_init_all
 *fill*         0x10004d8e        0x2 
 .text.stdio_uart_out_chars
                0x10004d90       0x74 CMakeFiles/reception.dir/C_/Program_Files/Raspberry_Pi/Pico_SDK_v1.5.1/pico-sdk/src/rp2_common/pico_stdio_uart/stdio_uart.c.obj
 .text.stdio_uart_in_chars
                0x10004e04       0x80 CMakeFiles/reception.dir/C_/Program_Files/Raspberry_Pi/Pico_SDK_v1.5.1/pico-sdk/src/rp2_common/pico_stdio_uart/stdio_uart.c.obj
                0x10004e04                stdio_uart_in_chars
 .text.on_uart_rx
                0x10004e84       0x28 CMakeFiles/reception.dir/C_/Program_Files/Raspberry_Pi/Pico_SDK_v1.5.1/pico-sdk/src/rp2_common/pico_stdio_uart/stdio_uart.c.obj
 .text.stdio_uart_set_chars_available_callback
                0x10004eac       0x8c CMakeFiles/reception.dir/C_/Program_Files/Raspberry_Pi/Pico_SDK_v1.5.1/pico-sdk/src/rp2_common/pico_stdio_uart/stdio_uart.c.obj
 .text.stdio_uart_init_full
                0x10004f38       0x44 CMakeFiles/reception.dir/C_/Program_Files/Raspberry_Pi/Pico_SDK_v1.5.1/pico-sdk/src/rp2_common/pico_stdio_uart/stdio_uart.c.obj
                0x10004f38                stdio_uart_init_full
 .text.stdio_uart_init
                0x10004f7c       0x28 CMakeFiles/reception.dir/C_/Program_Files/Raspberry_Pi/Pico_SDK_v1.5.1/pico-sdk/src/rp2_common/pico_stdio_uart/stdio_uart.c.obj
                0x10004f7c                stdio_uart_init
 .text.resetd_init
                0x10004fa4        0x2 CMakeFiles/reception.dir/C_/Program_Files/Raspberry_Pi/Pico_SDK_v1.5.1/pico-sdk/src/rp2_common/pico_stdio_usb/reset_interface.c.obj
 *fill*         0x10004fa6        0x2 
 .text.resetd_reset
                0x10004fa8        0xc CMakeFiles/reception.dir/C_/Program_Files/Raspberry_Pi/Pico_SDK_v1.5.1/pico-sdk/src/rp2_common/pico_stdio_usb/reset_interface.c.obj
 .text.resetd_open
                0x10004fb4       0x34 CMakeFiles/reception.dir/C_/Program_Files/Raspberry_Pi/Pico_SDK_v1.5.1/pico-sdk/src/rp2_common/pico_stdio_usb/reset_interface.c.obj
 .text.resetd_xfer_cb
                0x10004fe8        0x4 CMakeFiles/reception.dir/C_/Program_Files/Raspberry_Pi/Pico_SDK_v1.5.1/pico-sdk/src/rp2_common/pico_stdio_usb/reset_interface.c.obj
 .text.reset_usb_boot
                0x10004fec       0x18 CMakeFiles/reception.dir/C_/Program_Files/Raspberry_Pi/Pico_SDK_v1.5.1/pico-sdk/src/rp2_common/pico_stdio_usb/reset_interface.c.obj
 .text.resetd_control_xfer_cb
                0x10005004       0x5c CMakeFiles/reception.dir/C_/Program_Files/Raspberry_Pi/Pico_SDK_v1.5.1/pico-sdk/src/rp2_common/pico_stdio_usb/reset_interface.c.obj
 .text.usbd_app_driver_get_cb
                0x10005060        0xc CMakeFiles/reception.dir/C_/Program_Files/Raspberry_Pi/Pico_SDK_v1.5.1/pico-sdk/src/rp2_common/pico_stdio_usb/reset_interface.c.obj
                0x10005060                usbd_app_driver_get_cb
 .text.tud_cdc_line_coding_cb
                0x1000506c       0x28 CMakeFiles/reception.dir/C_/Program_Files/Raspberry_Pi/Pico_SDK_v1.5.1/pico-sdk/src/rp2_common/pico_stdio_usb/reset_interface.c.obj
                0x1000506c                tud_cdc_line_coding_cb
 .text.stdio_usb_set_chars_available_callback
                0x10005094       0x14 CMakeFiles/reception.dir/C_/Program_Files/Raspberry_Pi/Pico_SDK_v1.5.1/pico-sdk/src/rp2_common/pico_stdio_usb/stdio_usb.c.obj
                0x10005094                stdio_usb_set_chars_available_callback
 .text.usb_irq  0x100050a8       0x10 CMakeFiles/reception.dir/C_/Program_Files/Raspberry_Pi/Pico_SDK_v1.5.1/pico-sdk/src/rp2_common/pico_stdio_usb/stdio_usb.c.obj
 .text.timer_task
                0x100050b8       0x5c CMakeFiles/reception.dir/C_/Program_Files/Raspberry_Pi/Pico_SDK_v1.5.1/pico-sdk/src/rp2_common/pico_stdio_usb/stdio_usb.c.obj
 .text.low_priority_worker_irq
                0x10005114       0xdc CMakeFiles/reception.dir/C_/Program_Files/Raspberry_Pi/Pico_SDK_v1.5.1/pico-sdk/src/rp2_common/pico_stdio_usb/stdio_usb.c.obj
 .text.tud_cdc_rx_cb
                0x100051f0       0x20 CMakeFiles/reception.dir/C_/Program_Files/Raspberry_Pi/Pico_SDK_v1.5.1/pico-sdk/src/rp2_common/pico_stdio_usb/stdio_usb.c.obj
                0x100051f0                tud_cdc_rx_cb
 .text.stdio_usb_init
                0x10005210      0x11c CMakeFiles/reception.dir/C_/Program_Files/Raspberry_Pi/Pico_SDK_v1.5.1/pico-sdk/src/rp2_common/pico_stdio_usb/stdio_usb.c.obj
                0x10005210                stdio_usb_init
 .text.stdio_usb_connected
                0x1000532c        0xa CMakeFiles/reception.dir/C_/Program_Files/Raspberry_Pi/Pico_SDK_v1.5.1/pico-sdk/src/rp2_common/pico_stdio_usb/stdio_usb.c.obj
                0x1000532c                stdio_usb_connected
 *fill*         0x10005336        0x2 
 .text.stdio_usb_in_chars
                0x10005338       0xc4 CMakeFiles/reception.dir/C_/Program_Files/Raspberry_Pi/Pico_SDK_v1.5.1/pico-sdk/src/rp2_common/pico_stdio_usb/stdio_usb.c.obj
                0x10005338                stdio_usb_in_chars
 .text.stdio_usb_out_chars
                0x100053fc      0x114 CMakeFiles/reception.dir/C_/Program_Files/Raspberry_Pi/Pico_SDK_v1.5.1/pico-sdk/src/rp2_common/pico_stdio_usb/stdio_usb.c.obj
 .text.tud_descriptor_device_cb
                0x10005510        0x8 CMakeFiles/reception.dir/C_/Program_Files/Raspberry_Pi/Pico_SDK_v1.5.1/pico-sdk/src/rp2_common/pico_stdio_usb/stdio_usb_descriptors.c.obj
                0x10005510                tud_descriptor_device_cb
 .text.tud_descriptor_configuration_cb
                0x10005518        0x8 CMakeFiles/reception.dir/C_/Program_Files/Raspberry_Pi/Pico_SDK_v1.5.1/pico-sdk/src/rp2_common/pico_stdio_usb/stdio_usb_descriptors.c.obj
                0x10005518                tud_descriptor_configuration_cb
 .text.tud_descriptor_string_cb
                0x10005520       0x6c CMakeFiles/reception.dir/C_/Program_Files/Raspberry_Pi/Pico_SDK_v1.5.1/pico-sdk/src/rp2_common/pico_stdio_usb/stdio_usb_descriptors.c.obj
                0x10005520                tud_descriptor_string_cb
 .text._retrieve_unique_id_on_boot
                0x1000558c       0x10 CMakeFiles/reception.dir/C_/Program_Files/Raspberry_Pi/Pico_SDK_v1.5.1/pico-sdk/src/rp2_common/pico_unique_id/unique_id.c.obj
 .text.pico_get_unique_board_id_string
                0x1000559c       0x60 CMakeFiles/reception.dir/C_/Program_Files/Raspberry_Pi/Pico_SDK_v1.5.1/pico-sdk/src/rp2_common/pico_unique_id/unique_id.c.obj
                0x1000559c                pico_get_unique_board_id_string
 .text.flash_get_unique_id
                0x100055fc       0x46 CMakeFiles/reception.dir/C_/Program_Files/Raspberry_Pi/Pico_SDK_v1.5.1/pico-sdk/src/rp2_common/hardware_flash/flash.c.obj
                0x100055fc                flash_get_unique_id
 *fill*         0x10005642        0x2 
 .text.hw_endpoint_get_by_addr
                0x10005644       0x18 CMakeFiles/reception.dir/C_/Program_Files/Raspberry_Pi/Pico_SDK_v1.5.1/pico-sdk/lib/tinyusb/src/portable/raspberrypi/rp2040/dcd_rp2040.c.obj
 .text._hw_endpoint_alloc
                0x1000565c       0x70 CMakeFiles/reception.dir/C_/Program_Files/Raspberry_Pi/Pico_SDK_v1.5.1/pico-sdk/lib/tinyusb/src/portable/raspberrypi/rp2040/dcd_rp2040.c.obj
 .text.hw_endpoint_init
                0x100056cc       0x88 CMakeFiles/reception.dir/C_/Program_Files/Raspberry_Pi/Pico_SDK_v1.5.1/pico-sdk/lib/tinyusb/src/portable/raspberrypi/rp2040/dcd_rp2040.c.obj
 .text.hw_endpoint_xfer
                0x10005754       0x14 CMakeFiles/reception.dir/C_/Program_Files/Raspberry_Pi/Pico_SDK_v1.5.1/pico-sdk/lib/tinyusb/src/portable/raspberrypi/rp2040/dcd_rp2040.c.obj
 .text.dcd_int_enable
                0x10005768       0x2c CMakeFiles/reception.dir/C_/Program_Files/Raspberry_Pi/Pico_SDK_v1.5.1/pico-sdk/lib/tinyusb/src/portable/raspberrypi/rp2040/dcd_rp2040.c.obj
                0x10005768                dcd_int_enable
 .text.dcd_set_address
                0x10005794       0x2c CMakeFiles/reception.dir/C_/Program_Files/Raspberry_Pi/Pico_SDK_v1.5.1/pico-sdk/lib/tinyusb/src/portable/raspberrypi/rp2040/dcd_rp2040.c.obj
                0x10005794                dcd_set_address
 .text.dcd_connect
                0x100057c0       0x10 CMakeFiles/reception.dir/C_/Program_Files/Raspberry_Pi/Pico_SDK_v1.5.1/pico-sdk/lib/tinyusb/src/portable/raspberrypi/rp2040/dcd_rp2040.c.obj
                0x100057c0                dcd_connect
 .text.dcd_init
                0x100057d0       0x80 CMakeFiles/reception.dir/C_/Program_Files/Raspberry_Pi/Pico_SDK_v1.5.1/pico-sdk/lib/tinyusb/src/portable/raspberrypi/rp2040/dcd_rp2040.c.obj
                0x100057d0                dcd_init
 .text.dcd_edpt0_status_complete
                0x10005850       0x1c CMakeFiles/reception.dir/C_/Program_Files/Raspberry_Pi/Pico_SDK_v1.5.1/pico-sdk/lib/tinyusb/src/portable/raspberrypi/rp2040/dcd_rp2040.c.obj
                0x10005850                dcd_edpt0_status_complete
 .text.dcd_edpt_open
                0x1000586c       0x40 CMakeFiles/reception.dir/C_/Program_Files/Raspberry_Pi/Pico_SDK_v1.5.1/pico-sdk/lib/tinyusb/src/portable/raspberrypi/rp2040/dcd_rp2040.c.obj
                0x1000586c                dcd_edpt_open
 .text.dcd_edpt_close_all
                0x100058ac        0x8 CMakeFiles/reception.dir/C_/Program_Files/Raspberry_Pi/Pico_SDK_v1.5.1/pico-sdk/lib/tinyusb/src/portable/raspberrypi/rp2040/dcd_rp2040.c.obj
                0x100058ac                dcd_edpt_close_all
 .text.dcd_edpt_xfer
                0x100058b4       0x34 CMakeFiles/reception.dir/C_/Program_Files/Raspberry_Pi/Pico_SDK_v1.5.1/pico-sdk/lib/tinyusb/src/portable/raspberrypi/rp2040/dcd_rp2040.c.obj
                0x100058b4                dcd_edpt_xfer
 .text.dcd_edpt_stall
                0x100058e8       0x2c CMakeFiles/reception.dir/C_/Program_Files/Raspberry_Pi/Pico_SDK_v1.5.1/pico-sdk/lib/tinyusb/src/portable/raspberrypi/rp2040/dcd_rp2040.c.obj
                0x100058e8                dcd_edpt_stall
 .text.dcd_edpt_clear_stall
                0x10005914       0x20 CMakeFiles/reception.dir/C_/Program_Files/Raspberry_Pi/Pico_SDK_v1.5.1/pico-sdk/lib/tinyusb/src/portable/raspberrypi/rp2040/dcd_rp2040.c.obj
                0x10005914                dcd_edpt_clear_stall
 .text.rp2040_usb_init
                0x10005934       0x4c CMakeFiles/reception.dir/C_/Program_Files/Raspberry_Pi/Pico_SDK_v1.5.1/pico-sdk/lib/tinyusb/src/portable/raspberrypi/rp2040/rp2040_usb.c.obj
                0x10005934                rp2040_usb_init
 .text.hw_endpoint_xfer_start
                0x10005980       0x50 CMakeFiles/reception.dir/C_/Program_Files/Raspberry_Pi/Pico_SDK_v1.5.1/pico-sdk/lib/tinyusb/src/portable/raspberrypi/rp2040/rp2040_usb.c.obj
                0x10005980                hw_endpoint_xfer_start
 .text.configuration_reset
                0x100059d0       0x84 CMakeFiles/reception.dir/C_/Program_Files/Raspberry_Pi/Pico_SDK_v1.5.1/pico-sdk/lib/tinyusb/src/device/usbd.c.obj
 .text.usbd_reset
                0x10005a54        0xc CMakeFiles/reception.dir/C_/Program_Files/Raspberry_Pi/Pico_SDK_v1.5.1/pico-sdk/lib/tinyusb/src/device/usbd.c.obj
 .text.invoke_class_control
                0x10005a60       0x1a CMakeFiles/reception.dir/C_/Program_Files/Raspberry_Pi/Pico_SDK_v1.5.1/pico-sdk/lib/tinyusb/src/device/usbd.c.obj
 *fill*         0x10005a7a        0x2 
 .text.process_set_config
                0x10005a7c      0x178 CMakeFiles/reception.dir/C_/Program_Files/Raspberry_Pi/Pico_SDK_v1.5.1/pico-sdk/lib/tinyusb/src/device/usbd.c.obj
 .text.process_get_descriptor
                0x10005bf4       0xdc CMakeFiles/reception.dir/C_/Program_Files/Raspberry_Pi/Pico_SDK_v1.5.1/pico-sdk/lib/tinyusb/src/device/usbd.c.obj
 .text.tud_mounted
                0x10005cd0       0x10 CMakeFiles/reception.dir/C_/Program_Files/Raspberry_Pi/Pico_SDK_v1.5.1/pico-sdk/lib/tinyusb/src/device/usbd.c.obj
                0x10005cd0                tud_mounted
 .text.tud_suspended
                0x10005ce0       0x10 CMakeFiles/reception.dir/C_/Program_Files/Raspberry_Pi/Pico_SDK_v1.5.1/pico-sdk/lib/tinyusb/src/device/usbd.c.obj
                0x10005ce0                tud_suspended
 .text.tud_inited
                0x10005cf0       0x14 CMakeFiles/reception.dir/C_/Program_Files/Raspberry_Pi/Pico_SDK_v1.5.1/pico-sdk/lib/tinyusb/src/device/usbd.c.obj
                0x10005cf0                tud_inited
 .text.tud_init
                0x10005d04       0xcc CMakeFiles/reception.dir/C_/Program_Files/Raspberry_Pi/Pico_SDK_v1.5.1/pico-sdk/lib/tinyusb/src/device/usbd.c.obj
                0x10005d04                tud_init
 .text.usbd_defer_func
                0x10005dd0       0x2a CMakeFiles/reception.dir/C_/Program_Files/Raspberry_Pi/Pico_SDK_v1.5.1/pico-sdk/lib/tinyusb/src/device/usbd.c.obj
                0x10005dd0                usbd_defer_func
 *fill*         0x10005dfa        0x2 
 .text.usbd_edpt_open
                0x10005dfc       0x34 CMakeFiles/reception.dir/C_/Program_Files/Raspberry_Pi/Pico_SDK_v1.5.1/pico-sdk/lib/tinyusb/src/device/usbd.c.obj
                0x10005dfc                usbd_edpt_open
 .text.usbd_open_edpt_pair
                0x10005e30       0x62 CMakeFiles/reception.dir/C_/Program_Files/Raspberry_Pi/Pico_SDK_v1.5.1/pico-sdk/lib/tinyusb/src/device/usbd.c.obj
                0x10005e30                usbd_open_edpt_pair
 *fill*         0x10005e92        0x2 
 .text.usbd_edpt_claim
                0x10005e94       0x28 CMakeFiles/reception.dir/C_/Program_Files/Raspberry_Pi/Pico_SDK_v1.5.1/pico-sdk/lib/tinyusb/src/device/usbd.c.obj
                0x10005e94                usbd_edpt_claim
 .text.usbd_edpt_release
                0x10005ebc       0x28 CMakeFiles/reception.dir/C_/Program_Files/Raspberry_Pi/Pico_SDK_v1.5.1/pico-sdk/lib/tinyusb/src/device/usbd.c.obj
                0x10005ebc                usbd_edpt_release
 .text.usbd_edpt_xfer
                0x10005ee4       0x78 CMakeFiles/reception.dir/C_/Program_Files/Raspberry_Pi/Pico_SDK_v1.5.1/pico-sdk/lib/tinyusb/src/device/usbd.c.obj
                0x10005ee4                usbd_edpt_xfer
 .text.usbd_edpt_stall
                0x10005f5c       0x48 CMakeFiles/reception.dir/C_/Program_Files/Raspberry_Pi/Pico_SDK_v1.5.1/pico-sdk/lib/tinyusb/src/device/usbd.c.obj
                0x10005f5c                usbd_edpt_stall
 .text.usbd_edpt_clear_stall
                0x10005fa4       0x48 CMakeFiles/reception.dir/C_/Program_Files/Raspberry_Pi/Pico_SDK_v1.5.1/pico-sdk/lib/tinyusb/src/device/usbd.c.obj
                0x10005fa4                usbd_edpt_clear_stall
 .text.usbd_edpt_stalled
                0x10005fec       0x1c CMakeFiles/reception.dir/C_/Program_Files/Raspberry_Pi/Pico_SDK_v1.5.1/pico-sdk/lib/tinyusb/src/device/usbd.c.obj
                0x10005fec                usbd_edpt_stalled
 .text.process_control_request
                0x10006008      0x37c CMakeFiles/reception.dir/C_/Program_Files/Raspberry_Pi/Pico_SDK_v1.5.1/pico-sdk/lib/tinyusb/src/device/usbd.c.obj
 .text.tud_task_ext
                0x10006384      0x1b8 CMakeFiles/reception.dir/C_/Program_Files/Raspberry_Pi/Pico_SDK_v1.5.1/pico-sdk/lib/tinyusb/src/device/usbd.c.obj
                0x10006384                tud_task_ext
 .text._data_stage_xact
                0x1000653c       0x58 CMakeFiles/reception.dir/C_/Program_Files/Raspberry_Pi/Pico_SDK_v1.5.1/pico-sdk/lib/tinyusb/src/device/usbd_control.c.obj
 .text.tud_control_status
                0x10006594       0x38 CMakeFiles/reception.dir/C_/Program_Files/Raspberry_Pi/Pico_SDK_v1.5.1/pico-sdk/lib/tinyusb/src/device/usbd_control.c.obj
                0x10006594                tud_control_status
 .text.tud_control_xfer
                0x100065cc       0x74 CMakeFiles/reception.dir/C_/Program_Files/Raspberry_Pi/Pico_SDK_v1.5.1/pico-sdk/lib/tinyusb/src/device/usbd_control.c.obj
                0x100065cc                tud_control_xfer
 .text.usbd_control_reset
                0x10006640       0x14 CMakeFiles/reception.dir/C_/Program_Files/Raspberry_Pi/Pico_SDK_v1.5.1/pico-sdk/lib/tinyusb/src/device/usbd_control.c.obj
                0x10006640                usbd_control_reset
 .text.usbd_control_set_complete_callback
                0x10006654        0xc CMakeFiles/reception.dir/C_/Program_Files/Raspberry_Pi/Pico_SDK_v1.5.1/pico-sdk/lib/tinyusb/src/device/usbd_control.c.obj
                0x10006654                usbd_control_set_complete_callback
 .text.usbd_control_set_request
                0x10006660       0x1c CMakeFiles/reception.dir/C_/Program_Files/Raspberry_Pi/Pico_SDK_v1.5.1/pico-sdk/lib/tinyusb/src/device/usbd_control.c.obj
                0x10006660                usbd_control_set_request
 .text.usbd_control_xfer_cb
                0x1000667c       0xcc CMakeFiles/reception.dir/C_/Program_Files/Raspberry_Pi/Pico_SDK_v1.5.1/pico-sdk/lib/tinyusb/src/device/usbd_control.c.obj
                0x1000667c                usbd_control_xfer_cb
 .text._prep_out_transaction
                0x10006748       0x4a CMakeFiles/reception.dir/C_/Program_Files/Raspberry_Pi/Pico_SDK_v1.5.1/pico-sdk/lib/tinyusb/src/class/cdc/cdc_device.c.obj
 *fill*         0x10006792        0x2 
 .text.tud_cdc_n_connected
                0x10006794       0x44 CMakeFiles/reception.dir/C_/Program_Files/Raspberry_Pi/Pico_SDK_v1.5.1/pico-sdk/lib/tinyusb/src/class/cdc/cdc_device.c.obj
                0x10006794                tud_cdc_n_connected
 .text.tud_cdc_n_available
                0x100067d8       0x18 CMakeFiles/reception.dir/C_/Program_Files/Raspberry_Pi/Pico_SDK_v1.5.1/pico-sdk/lib/tinyusb/src/class/cdc/cdc_device.c.obj
                0x100067d8                tud_cdc_n_available
 .text.tud_cdc_n_read
                0x100067f0       0x28 CMakeFiles/reception.dir/C_/Program_Files/Raspberry_Pi/Pico_SDK_v1.5.1/pico-sdk/lib/tinyusb/src/class/cdc/cdc_device.c.obj
                0x100067f0                tud_cdc_n_read
 .text.tud_cdc_n_write_flush
                0x10006818       0xb8 CMakeFiles/reception.dir/C_/Program_Files/Raspberry_Pi/Pico_SDK_v1.5.1/pico-sdk/lib/tinyusb/src/class/cdc/cdc_device.c.obj
                0x10006818                tud_cdc_n_write_flush
 .text.tud_cdc_n_write
                0x100068d0       0x38 CMakeFiles/reception.dir/C_/Program_Files/Raspberry_Pi/Pico_SDK_v1.5.1/pico-sdk/lib/tinyusb/src/class/cdc/cdc_device.c.obj
                0x100068d0                tud_cdc_n_write
 .text.tud_cdc_n_write_available
                0x10006908       0x1c CMakeFiles/reception.dir/C_/Program_Files/Raspberry_Pi/Pico_SDK_v1.5.1/pico-sdk/lib/tinyusb/src/class/cdc/cdc_device.c.obj
                0x10006908                tud_cdc_n_write_available
 .text.cdcd_init
                0x10006924       0xbc CMakeFiles/reception.dir/C_/Program_Files/Raspberry_Pi/Pico_SDK_v1.5.1/pico-sdk/lib/tinyusb/src/class/cdc/cdc_device.c.obj
                0x10006924                cdcd_init
 .text.cdcd_reset
                0x100069e0       0x44 CMakeFiles/reception.dir/C_/Program_Files/Raspberry_Pi/Pico_SDK_v1.5.1/pico-sdk/lib/tinyusb/src/class/cdc/cdc_device.c.obj
                0x100069e0                cdcd_reset
 .text.cdcd_open
                0x10006a24       0xcc CMakeFiles/reception.dir/C_/Program_Files/Raspberry_Pi/Pico_SDK_v1.5.1/pico-sdk/lib/tinyusb/src/class/cdc/cdc_device.c.obj
                0x10006a24                cdcd_open
 .text.cdcd_control_xfer_cb
                0x10006af0      0x134 CMakeFiles/reception.dir/C_/Program_Files/Raspberry_Pi/Pico_SDK_v1.5.1/pico-sdk/lib/tinyusb/src/class/cdc/cdc_device.c.obj
                0x10006af0                cdcd_control_xfer_cb
 .text.cdcd_xfer_cb
                0x10006c24      0x130 CMakeFiles/reception.dir/C_/Program_Files/Raspberry_Pi/Pico_SDK_v1.5.1/pico-sdk/lib/tinyusb/src/class/cdc/cdc_device.c.obj
                0x10006c24                cdcd_xfer_cb
 .text.tusb_init
                0x10006d54        0xa CMakeFiles/reception.dir/C_/Program_Files/Raspberry_Pi/Pico_SDK_v1.5.1/pico-sdk/lib/tinyusb/src/tusb.c.obj
                0x10006d54                tusb_init
 .text.tusb_inited
                0x10006d5e        0xe CMakeFiles/reception.dir/C_/Program_Files/Raspberry_Pi/Pico_SDK_v1.5.1/pico-sdk/lib/tinyusb/src/tusb.c.obj
                0x10006d5e                tusb_inited
 .text.tu_edpt_claim
                0x10006d6c       0x50 CMakeFiles/reception.dir/C_/Program_Files/Raspberry_Pi/Pico_SDK_v1.5.1/pico-sdk/lib/tinyusb/src/tusb.c.obj
                0x10006d6c                tu_edpt_claim
 .text.tu_edpt_release
                0x10006dbc       0x3c CMakeFiles/reception.dir/C_/Program_Files/Raspberry_Pi/Pico_SDK_v1.5.1/pico-sdk/lib/tinyusb/src/tusb.c.obj
                0x10006dbc                tu_edpt_release
 .text.tu_edpt_validate
                0x10006df8       0x78 CMakeFiles/reception.dir/C_/Program_Files/Raspberry_Pi/Pico_SDK_v1.5.1/pico-sdk/lib/tinyusb/src/tusb.c.obj
                0x10006df8                tu_edpt_validate
 .text.tu_edpt_bind_driver
                0x10006e70       0x26 CMakeFiles/reception.dir/C_/Program_Files/Raspberry_Pi/Pico_SDK_v1.5.1/pico-sdk/lib/tinyusb/src/tusb.c.obj
                0x10006e70                tu_edpt_bind_driver
 .text.advance_index
                0x10006e96       0x1a CMakeFiles/reception.dir/C_/Program_Files/Raspberry_Pi/Pico_SDK_v1.5.1/pico-sdk/lib/tinyusb/src/common/tusb_fifo.c.obj
 .text._tu_fifo_peek
                0x10006eb0       0x56 CMakeFiles/reception.dir/C_/Program_Files/Raspberry_Pi/Pico_SDK_v1.5.1/pico-sdk/lib/tinyusb/src/common/tusb_fifo.c.obj
 .text._ff_pull_const_addr
                0x10006f06       0x4c CMakeFiles/reception.dir/C_/Program_Files/Raspberry_Pi/Pico_SDK_v1.5.1/pico-sdk/lib/tinyusb/src/common/tusb_fifo.c.obj
 .text._ff_pull_n
                0x10006f52      0x110 CMakeFiles/reception.dir/C_/Program_Files/Raspberry_Pi/Pico_SDK_v1.5.1/pico-sdk/lib/tinyusb/src/common/tusb_fifo.c.obj
 .text._tu_fifo_peek_n
                0x10007062       0x6a CMakeFiles/reception.dir/C_/Program_Files/Raspberry_Pi/Pico_SDK_v1.5.1/pico-sdk/lib/tinyusb/src/common/tusb_fifo.c.obj
 .text._tu_fifo_read_n
                0x100070cc       0x4e CMakeFiles/reception.dir/C_/Program_Files/Raspberry_Pi/Pico_SDK_v1.5.1/pico-sdk/lib/tinyusb/src/common/tusb_fifo.c.obj
 .text._ff_push_const_addr
                0x1000711a       0x40 CMakeFiles/reception.dir/C_/Program_Files/Raspberry_Pi/Pico_SDK_v1.5.1/pico-sdk/lib/tinyusb/src/common/tusb_fifo.c.obj
 .text._ff_push_n
                0x1000715a      0x10c CMakeFiles/reception.dir/C_/Program_Files/Raspberry_Pi/Pico_SDK_v1.5.1/pico-sdk/lib/tinyusb/src/common/tusb_fifo.c.obj
 .text._tu_fifo_write_n
                0x10007266       0xf0 CMakeFiles/reception.dir/C_/Program_Files/Raspberry_Pi/Pico_SDK_v1.5.1/pico-sdk/lib/tinyusb/src/common/tusb_fifo.c.obj
 .text.tu_fifo_config
                0x10007356       0x7c CMakeFiles/reception.dir/C_/Program_Files/Raspberry_Pi/Pico_SDK_v1.5.1/pico-sdk/lib/tinyusb/src/common/tusb_fifo.c.obj
                0x10007356                tu_fifo_config
 .text.tu_fifo_count
                0x100073d2       0x2a CMakeFiles/reception.dir/C_/Program_Files/Raspberry_Pi/Pico_SDK_v1.5.1/pico-sdk/lib/tinyusb/src/common/tusb_fifo.c.obj
                0x100073d2                tu_fifo_count
 .text.tu_fifo_empty
                0x100073fc       0x10 CMakeFiles/reception.dir/C_/Program_Files/Raspberry_Pi/Pico_SDK_v1.5.1/pico-sdk/lib/tinyusb/src/common/tusb_fifo.c.obj
                0x100073fc                tu_fifo_empty
 .text.tu_fifo_full
                0x1000740c       0x28 CMakeFiles/reception.dir/C_/Program_Files/Raspberry_Pi/Pico_SDK_v1.5.1/pico-sdk/lib/tinyusb/src/common/tusb_fifo.c.obj
                0x1000740c                tu_fifo_full
 .text.tu_fifo_remaining
                0x10007434       0x2c CMakeFiles/reception.dir/C_/Program_Files/Raspberry_Pi/Pico_SDK_v1.5.1/pico-sdk/lib/tinyusb/src/common/tusb_fifo.c.obj
                0x10007434                tu_fifo_remaining
 .text.tu_fifo_read
                0x10007460       0x42 CMakeFiles/reception.dir/C_/Program_Files/Raspberry_Pi/Pico_SDK_v1.5.1/pico-sdk/lib/tinyusb/src/common/tusb_fifo.c.obj
                0x10007460                tu_fifo_read
 .text.tu_fifo_read_n
                0x100074a2        0xa CMakeFiles/reception.dir/C_/Program_Files/Raspberry_Pi/Pico_SDK_v1.5.1/pico-sdk/lib/tinyusb/src/common/tusb_fifo.c.obj
                0x100074a2                tu_fifo_read_n
 .text.tu_fifo_write
                0x100074ac       0x64 CMakeFiles/reception.dir/C_/Program_Files/Raspberry_Pi/Pico_SDK_v1.5.1/pico-sdk/lib/tinyusb/src/common/tusb_fifo.c.obj
                0x100074ac                tu_fifo_write
 .text.tu_fifo_write_n
                0x10007510        0xa CMakeFiles/reception.dir/C_/Program_Files/Raspberry_Pi/Pico_SDK_v1.5.1/pico-sdk/lib/tinyusb/src/common/tusb_fifo.c.obj
                0x10007510                tu_fifo_write_n
 .text.tu_fifo_clear
                0x1000751a       0x3e CMakeFiles/reception.dir/C_/Program_Files/Raspberry_Pi/Pico_SDK_v1.5.1/pico-sdk/lib/tinyusb/src/common/tusb_fifo.c.obj
                0x1000751a                tu_fifo_clear
 .text.tu_fifo_set_overwritable
                0x10007558       0x46 CMakeFiles/reception.dir/C_/Program_Files/Raspberry_Pi/Pico_SDK_v1.5.1/pico-sdk/lib/tinyusb/src/common/tusb_fifo.c.obj
                0x10007558                tu_fifo_set_overwritable
 *fill*         0x1000759e        0x2 
 .text.adc_init
                0x100075a0       0x34 CMakeFiles/reception.dir/C_/Program_Files/Raspberry_Pi/Pico_SDK_v1.5.1/pico-sdk/src/rp2_common/hardware_adc/adc.c.obj
                0x100075a0                adc_init
 .text.malloc   0x100075d4       0x14 c:/progra~1/raspbe~1/picosd~1.1/gcc-ar~1/bin/../lib/gcc/arm-none-eabi/10.3.1/../../../../arm-none-eabi/lib/thumb/v6-m/nofp\libg.a(lib_a-malloc.o)
                0x100075d4                malloc
 .text.free     0x100075e8       0x14 c:/progra~1/raspbe~1/picosd~1.1/gcc-ar~1/bin/../lib/gcc/arm-none-eabi/10.3.1/../../../../arm-none-eabi/lib/thumb/v6-m/nofp\libg.a(lib_a-malloc.o)
                0x100075e8                free
 .text._malloc_r
                0x100075fc      0x584 c:/progra~1/raspbe~1/picosd~1.1/gcc-ar~1/bin/../lib/gcc/arm-none-eabi/10.3.1/../../../../arm-none-eabi/lib/thumb/v6-m/nofp\libg.a(lib_a-mallocr.o)
                0x100075fc                _malloc_r
 .text.__malloc_lock
                0x10007b80       0x10 c:/progra~1/raspbe~1/picosd~1.1/gcc-ar~1/bin/../lib/gcc/arm-none-eabi/10.3.1/../../../../arm-none-eabi/lib/thumb/v6-m/nofp\libg.a(lib_a-mlock.o)
                0x10007b80                __malloc_lock
 .text.__malloc_unlock
                0x10007b90       0x10 c:/progra~1/raspbe~1/picosd~1.1/gcc-ar~1/bin/../lib/gcc/arm-none-eabi/10.3.1/../../../../arm-none-eabi/lib/thumb/v6-m/nofp\libg.a(lib_a-mlock.o)
                0x10007b90                __malloc_unlock
 .text._sbrk_r  0x10007ba0       0x24 c:/progra~1/raspbe~1/picosd~1.1/gcc-ar~1/bin/../lib/gcc/arm-none-eabi/10.3.1/../../../../arm-none-eabi/lib/thumb/v6-m/nofp\libg.a(lib_a-sbrkr.o)
                0x10007ba0                _sbrk_r
 .text.strcat   0x10007bc4       0x4c c:/progra~1/raspbe~1/picosd~1.1/gcc-ar~1/bin/../lib/gcc/arm-none-eabi/10.3.1/../../../../arm-none-eabi/lib/thumb/v6-m/nofp\libg.a(lib_a-strcat.o)
                0x10007bc4                strcat
 .text.strcpy   0x10007c10       0x10 c:/progra~1/raspbe~1/picosd~1.1/gcc-ar~1/bin/../lib/gcc/arm-none-eabi/10.3.1/../../../../arm-none-eabi/lib/thumb/v6-m/nofp\libg.a(lib_a-strcpy.o)
                0x10007c10                strcpy
 .text.strlen   0x10007c20       0x5c c:/progra~1/raspbe~1/picosd~1.1/gcc-ar~1/bin/../lib/gcc/arm-none-eabi/10.3.1/../../../../arm-none-eabi/lib/thumb/v6-m/nofp\libg.a(lib_a-strlen-stub.o)
                0x10007c20                strlen
 .text._malloc_trim_r
                0x10007c7c       0x9c c:/progra~1/raspbe~1/picosd~1.1/gcc-ar~1/bin/../lib/gcc/arm-none-eabi/10.3.1/../../../../arm-none-eabi/lib/thumb/v6-m/nofp\libg.a(lib_a-freer.o)
                0x10007c7c                _malloc_trim_r
 .text._free_r  0x10007d18      0x1c4 c:/progra~1/raspbe~1/picosd~1.1/gcc-ar~1/bin/../lib/gcc/arm-none-eabi/10.3.1/../../../../arm-none-eabi/lib/thumb/v6-m/nofp\libg.a(lib_a-freer.o)
                0x10007d18                _free_r
 .text.__retarget_lock_acquire_recursive
                0x10007edc        0x4 c:/progra~1/raspbe~1/picosd~1.1/gcc-ar~1/bin/../lib/gcc/arm-none-eabi/10.3.1/../../../../arm-none-eabi/lib/thumb/v6-m/nofp\libg.a(lib_a-lock.o)
                0x10007edc                __retarget_lock_acquire_recursive
 .text.__retarget_lock_release_recursive
                0x10007ee0        0x4 c:/progra~1/raspbe~1/picosd~1.1/gcc-ar~1/bin/../lib/gcc/arm-none-eabi/10.3.1/../../../../arm-none-eabi/lib/thumb/v6-m/nofp\libg.a(lib_a-lock.o)
                0x10007ee0                __retarget_lock_release_recursive
 *(.fini)
 .fini          0x10007ee4        0x4 c:/progra~1/raspbe~1/picosd~1.1/gcc-ar~1/bin/../lib/gcc/arm-none-eabi/10.3.1/thumb/v6-m/nofp/crti.o
                0x10007ee4                _fini
 .fini.__stub   0x10007ee8       0xe0 linker stubs
 *crtbegin.o(.ctors)
 *crtbegin?.o(.ctors)
 *(EXCLUDE_FILE(*crtend.o *crtend?.o) .ctors)
 *(SORT_BY_NAME(.ctors.*))
 *(.ctors)
 *crtbegin.o(.dtors)
 *crtbegin?.o(.dtors)
 *(EXCLUDE_FILE(*crtend.o *crtend?.o) .dtors)
 *(SORT_BY_NAME(.dtors.*))
 *(.dtors)
 *(.eh_frame*)
 .eh_frame      0x10007fc8        0x0 c:/progra~1/raspbe~1/picosd~1.1/gcc-ar~1/bin/../lib/gcc/arm-none-eabi/10.3.1/thumb/v6-m/nofp/crtbegin.o
                0x10007fc8                . = ALIGN (0x4)

.glue_7         0x10007fc8        0x0
 .glue_7        0x10007fc8        0x0 linker stubs

.glue_7t        0x10007fc8        0x0
 .glue_7t       0x10007fc8        0x0 linker stubs

.vfp11_veneer   0x10007fc8        0x0
 .vfp11_veneer  0x10007fc8        0x0 linker stubs

.v4_bx          0x10007fc8        0x0
 .v4_bx         0x10007fc8        0x0 linker stubs

.iplt           0x10007fc8        0x0
 .iplt          0x10007fc8        0x0 c:/progra~1/raspbe~1/picosd~1.1/gcc-ar~1/bin/../lib/gcc/arm-none-eabi/10.3.1/thumb/v6-m/nofp/crtbegin.o

.rodata         0x10007fc8     0x1798
 *(EXCLUDE_FILE(*libm.a: *libc.a:*lib_a-mem*.o *libgcc.a:) .rodata*)
 .rodata.build_json.str1.4
                0x10007fc8       0x3c CMakeFiles/reception.dir/reception.c.obj
 .rodata.spin_lock_claim_unused.str1.4
                0x10008004       0x1b CMakeFiles/reception.dir/C_/Program_Files/Raspberry_Pi/Pico_SDK_v1.5.1/pico-sdk/src/rp2_common/hardware_sync/sync.c.obj
 *fill*         0x1000801f        0x1 
 .rodata.make_branch.str1.4
                0x10008020       0x89 CMakeFiles/reception.dir/C_/Program_Files/Raspberry_Pi/Pico_SDK_v1.5.1/pico-sdk/src/rp2_common/hardware_irq/irq.c.obj
 *fill*         0x100080a9        0x3 
 .rodata.insert_branch_and_link.str1.4
                0x100080ac       0x10 CMakeFiles/reception.dir/C_/Program_Files/Raspberry_Pi/Pico_SDK_v1.5.1/pico-sdk/src/rp2_common/hardware_irq/irq.c.obj
 .rodata.irq_set_exclusive_handler.str1.4
                0x100080bc       0x36 CMakeFiles/reception.dir/C_/Program_Files/Raspberry_Pi/Pico_SDK_v1.5.1/pico-sdk/src/rp2_common/hardware_irq/irq.c.obj
 *fill*         0x100080f2        0x2 
 .rodata.irq_add_shared_handler.str1.4
                0x100080f4       0xd9 CMakeFiles/reception.dir/C_/Program_Files/Raspberry_Pi/Pico_SDK_v1.5.1/pico-sdk/src/rp2_common/hardware_irq/irq.c.obj
 *fill*         0x100081cd        0x3 
 .rodata.irq_remove_handler.str1.4
                0x100081d0       0x3a CMakeFiles/reception.dir/C_/Program_Files/Raspberry_Pi/Pico_SDK_v1.5.1/pico-sdk/src/rp2_common/hardware_irq/irq.c.obj
 *fill*         0x1000820a        0x2 
 .rodata.irq_add_tail_to_free_list.str1.4
                0x1000820c       0x3a CMakeFiles/reception.dir/C_/Program_Files/Raspberry_Pi/Pico_SDK_v1.5.1/pico-sdk/src/rp2_common/hardware_irq/irq.c.obj
 *fill*         0x10008246        0x2 
 .rodata.user_irq_claim_unused.str1.4
                0x10008248       0x1b CMakeFiles/reception.dir/C_/Program_Files/Raspberry_Pi/Pico_SDK_v1.5.1/pico-sdk/src/rp2_common/hardware_irq/irq.c.obj
 *fill*         0x10008263        0x1 
 .rodata.__func__.0
                0x10008264       0x1a CMakeFiles/reception.dir/C_/Program_Files/Raspberry_Pi/Pico_SDK_v1.5.1/pico-sdk/src/rp2_common/hardware_irq/irq.c.obj
 *fill*         0x1000827e        0x2 
 .rodata.__func__.1
                0x10008280       0x17 CMakeFiles/reception.dir/C_/Program_Files/Raspberry_Pi/Pico_SDK_v1.5.1/pico-sdk/src/rp2_common/hardware_irq/irq.c.obj
 *fill*         0x10008297        0x1 
 .rodata.__func__.2
                0x10008298       0x13 CMakeFiles/reception.dir/C_/Program_Files/Raspberry_Pi/Pico_SDK_v1.5.1/pico-sdk/src/rp2_common/hardware_irq/irq.c.obj
 *fill*         0x100082ab        0x1 
 .rodata.__func__.3
                0x100082ac        0xc CMakeFiles/reception.dir/C_/Program_Files/Raspberry_Pi/Pico_SDK_v1.5.1/pico-sdk/src/rp2_common/hardware_irq/irq.c.obj
 .rodata.__func__.4
                0x100082b8        0xf CMakeFiles/reception.dir/C_/Program_Files/Raspberry_Pi/Pico_SDK_v1.5.1/pico-sdk/src/rp2_common/hardware_irq/irq.c.obj
 *fill*         0x100082c7        0x1 
 .rodata.__func__.5
                0x100082c8       0x17 CMakeFiles/reception.dir/C_/Program_Files/Raspberry_Pi/Pico_SDK_v1.5.1/pico-sdk/src/rp2_common/hardware_irq/irq.c.obj
 *fill*         0x100082df        0x1 
 .rodata.__func__.6
                0x100082e0       0x1a CMakeFiles/reception.dir/C_/Program_Files/Raspberry_Pi/Pico_SDK_v1.5.1/pico-sdk/src/rp2_common/hardware_irq/irq.c.obj
 *fill*         0x100082fa        0x2 
 .rodata.str1.4
                0x100082fc      0x125 CMakeFiles/reception.dir/C_/Program_Files/Raspberry_Pi/Pico_SDK_v1.5.1/pico-sdk/src/common/pico_sync/mutex.c.obj
 *fill*         0x10008421        0x3 
 .rodata.__func__.1
                0x10008424        0xb CMakeFiles/reception.dir/C_/Program_Files/Raspberry_Pi/Pico_SDK_v1.5.1/pico-sdk/src/common/pico_sync/mutex.c.obj
 *fill*         0x1000842f        0x1 
 .rodata.__func__.3
                0x10008430       0x18 CMakeFiles/reception.dir/C_/Program_Files/Raspberry_Pi/Pico_SDK_v1.5.1/pico-sdk/src/common/pico_sync/mutex.c.obj
 .rodata.__func__.4
                0x10008448       0x15 CMakeFiles/reception.dir/C_/Program_Files/Raspberry_Pi/Pico_SDK_v1.5.1/pico-sdk/src/common/pico_sync/mutex.c.obj
 *fill*         0x1000845d        0x3 
 .rodata.repeating_timer_callback.str1.4
                0x10008460       0x67 CMakeFiles/reception.dir/C_/Program_Files/Raspberry_Pi/Pico_SDK_v1.5.1/pico-sdk/src/common/pico_time/time.c.obj
 *fill*         0x100084c7        0x1 
 .rodata.timer_pool_entry_comparator.str1.4
                0x100084c8       0x22 CMakeFiles/reception.dir/C_/Program_Files/Raspberry_Pi/Pico_SDK_v1.5.1/pico-sdk/src/common/pico_time/time.c.obj
 *fill*         0x100084ea        0x2 
 .rodata.ph_add_child_node.str1.4
                0x100084ec       0xb2 CMakeFiles/reception.dir/C_/Program_Files/Raspberry_Pi/Pico_SDK_v1.5.1/pico-sdk/src/common/pico_time/time.c.obj
 *fill*         0x1000859e        0x2 
 .rodata.add_alarm_under_lock.str1.4
                0x100085a0       0x28 CMakeFiles/reception.dir/C_/Program_Files/Raspberry_Pi/Pico_SDK_v1.5.1/pico-sdk/src/common/pico_time/time.c.obj
                                 0x2b (size before relaxing)
 .rodata.alarm_pool_alarm_callback.str1.4
                0x100085c8       0x98 CMakeFiles/reception.dir/C_/Program_Files/Raspberry_Pi/Pico_SDK_v1.5.1/pico-sdk/src/common/pico_time/time.c.obj
                                0x118 (size before relaxing)
 .rodata.alarm_pool_get_default.str1.4
                0x10008660       0x21 CMakeFiles/reception.dir/C_/Program_Files/Raspberry_Pi/Pico_SDK_v1.5.1/pico-sdk/src/common/pico_time/time.c.obj
 *fill*         0x10008681        0x3 
 .rodata.alarm_pool_cancel_alarm.str1.4
                0x10008684       0x27 CMakeFiles/reception.dir/C_/Program_Files/Raspberry_Pi/Pico_SDK_v1.5.1/pico-sdk/src/common/pico_time/time.c.obj
 *fill*         0x100086ab        0x1 
 .rodata.__func__.0
                0x100086ac       0x19 CMakeFiles/reception.dir/C_/Program_Files/Raspberry_Pi/Pico_SDK_v1.5.1/pico-sdk/src/common/pico_time/time.c.obj
 *fill*         0x100086c5        0x3 
 .rodata.__func__.1
                0x100086c8       0x18 CMakeFiles/reception.dir/C_/Program_Files/Raspberry_Pi/Pico_SDK_v1.5.1/pico-sdk/src/common/pico_time/time.c.obj
 .rodata.__func__.10
                0x100086e0       0x15 CMakeFiles/reception.dir/C_/Program_Files/Raspberry_Pi/Pico_SDK_v1.5.1/pico-sdk/src/common/pico_time/time.c.obj
 *fill*         0x100086f5        0x3 
 .rodata.__func__.11
                0x100086f8       0x1a CMakeFiles/reception.dir/C_/Program_Files/Raspberry_Pi/Pico_SDK_v1.5.1/pico-sdk/src/common/pico_time/time.c.obj
 *fill*         0x10008712        0x2 
 .rodata.__func__.12
                0x10008714        0xa CMakeFiles/reception.dir/C_/Program_Files/Raspberry_Pi/Pico_SDK_v1.5.1/pico-sdk/src/common/pico_time/time.c.obj
 *fill*         0x1000871e        0x2 
 .rodata.__func__.3
                0x10008720       0x17 CMakeFiles/reception.dir/C_/Program_Files/Raspberry_Pi/Pico_SDK_v1.5.1/pico-sdk/src/common/pico_time/time.c.obj
 *fill*         0x10008737        0x1 
 .rodata.__func__.4
                0x10008738       0x12 CMakeFiles/reception.dir/C_/Program_Files/Raspberry_Pi/Pico_SDK_v1.5.1/pico-sdk/src/common/pico_time/time.c.obj
 *fill*         0x1000874a        0x2 
 .rodata.__func__.5
                0x1000874c        0xd CMakeFiles/reception.dir/C_/Program_Files/Raspberry_Pi/Pico_SDK_v1.5.1/pico-sdk/src/common/pico_time/time.c.obj
 *fill*         0x10008759        0x3 
 .rodata.__func__.6
                0x1000875c       0x12 CMakeFiles/reception.dir/C_/Program_Files/Raspberry_Pi/Pico_SDK_v1.5.1/pico-sdk/src/common/pico_time/time.c.obj
 *fill*         0x1000876e        0x2 
 .rodata.__func__.7
                0x10008770        0xf CMakeFiles/reception.dir/C_/Program_Files/Raspberry_Pi/Pico_SDK_v1.5.1/pico-sdk/src/common/pico_time/time.c.obj
 *fill*         0x1000877f        0x1 
 .rodata.__func__.8
                0x10008780        0xc CMakeFiles/reception.dir/C_/Program_Files/Raspberry_Pi/Pico_SDK_v1.5.1/pico-sdk/src/common/pico_time/time.c.obj
 .rodata.__func__.9
                0x1000878c       0x15 CMakeFiles/reception.dir/C_/Program_Files/Raspberry_Pi/Pico_SDK_v1.5.1/pico-sdk/src/common/pico_time/time.c.obj
 *fill*         0x100087a1        0x3 
 .rodata.hardware_alarm_claim.str1.4
                0x100087a4       0x22 CMakeFiles/reception.dir/C_/Program_Files/Raspberry_Pi/Pico_SDK_v1.5.1/pico-sdk/src/rp2_common/hardware_timer/timer.c.obj
 .rodata.busy_wait_us.str1.4
                0x100087c6       0x7d CMakeFiles/reception.dir/C_/Program_Files/Raspberry_Pi/Pico_SDK_v1.5.1/pico-sdk/src/rp2_common/hardware_timer/timer.c.obj
 *fill*         0x100087c6        0x2 
 .rodata.hardware_alarm_set_target.str1.4
                0x100087c8       0x81 CMakeFiles/reception.dir/C_/Program_Files/Raspberry_Pi/Pico_SDK_v1.5.1/pico-sdk/src/rp2_common/hardware_timer/timer.c.obj
 *fill*         0x10008849        0x3 
 .rodata.__func__.0
                0x1000884c       0x1a CMakeFiles/reception.dir/C_/Program_Files/Raspberry_Pi/Pico_SDK_v1.5.1/pico-sdk/src/rp2_common/hardware_timer/timer.c.obj
 *fill*         0x10008866        0x2 
 .rodata.__func__.1
                0x10008868       0x15 CMakeFiles/reception.dir/C_/Program_Files/Raspberry_Pi/Pico_SDK_v1.5.1/pico-sdk/src/rp2_common/hardware_timer/timer.c.obj
 .rodata.ph_add_child_node.str1.4
                0x1000887d       0xb2 CMakeFiles/reception.dir/C_/Program_Files/Raspberry_Pi/Pico_SDK_v1.5.1/pico-sdk/src/common/pico_util/pheap.c.obj
 *fill*         0x1000887d        0x3 
 .rodata.ph_remove_any_head.str1.4
                0x10008880       0xa8 CMakeFiles/reception.dir/C_/Program_Files/Raspberry_Pi/Pico_SDK_v1.5.1/pico-sdk/src/common/pico_util/pheap.c.obj
                                 0xbc (size before relaxing)
 .rodata.ph_remove_and_free_node.str1.4
                0x10008928       0x1e CMakeFiles/reception.dir/C_/Program_Files/Raspberry_Pi/Pico_SDK_v1.5.1/pico-sdk/src/common/pico_util/pheap.c.obj
                                 0x26 (size before relaxing)
 *fill*         0x10008946        0x2 
 .rodata.__func__.0
                0x10008948       0x18 CMakeFiles/reception.dir/C_/Program_Files/Raspberry_Pi/Pico_SDK_v1.5.1/pico-sdk/src/common/pico_util/pheap.c.obj
 .rodata.__func__.1
                0x10008960       0x13 CMakeFiles/reception.dir/C_/Program_Files/Raspberry_Pi/Pico_SDK_v1.5.1/pico-sdk/src/common/pico_util/pheap.c.obj
 *fill*         0x10008973        0x1 
 .rodata.__func__.2
                0x10008974       0x12 CMakeFiles/reception.dir/C_/Program_Files/Raspberry_Pi/Pico_SDK_v1.5.1/pico-sdk/src/common/pico_util/pheap.c.obj
 *fill*         0x10008986        0x2 
 .rodata.__func__.3
                0x10008988        0xc CMakeFiles/reception.dir/C_/Program_Files/Raspberry_Pi/Pico_SDK_v1.5.1/pico-sdk/src/common/pico_util/pheap.c.obj
 .rodata.clock_configure.str1.4
                0x10008994       0x73 CMakeFiles/reception.dir/C_/Program_Files/Raspberry_Pi/Pico_SDK_v1.5.1/pico-sdk/src/rp2_common/hardware_clocks/clocks.c.obj
 *fill*         0x10008a07        0x1 
 .rodata.__func__.1
                0x10008a08       0x10 CMakeFiles/reception.dir/C_/Program_Files/Raspberry_Pi/Pico_SDK_v1.5.1/pico-sdk/src/rp2_common/hardware_clocks/clocks.c.obj
 .rodata.pll_init.str1.4
                0x10008a18      0x140 CMakeFiles/reception.dir/C_/Program_Files/Raspberry_Pi/Pico_SDK_v1.5.1/pico-sdk/src/rp2_common/hardware_pll/pll.c.obj
 .rodata.__func__.0
                0x10008b58        0x9 CMakeFiles/reception.dir/C_/Program_Files/Raspberry_Pi/Pico_SDK_v1.5.1/pico-sdk/src/rp2_common/hardware_pll/pll.c.obj
 *fill*         0x10008b61        0x3 
 .rodata.__assert_func.str1.4
                0x10008b64       0x3f CMakeFiles/reception.dir/C_/Program_Files/Raspberry_Pi/Pico_SDK_v1.5.1/pico-sdk/src/rp2_common/pico_runtime/runtime.c.obj
                                 0x43 (size before relaxing)
 *fill*         0x10008ba3        0x1 
 .rodata.runtime_init.str1.4
                0x10008ba4       0x7d CMakeFiles/reception.dir/C_/Program_Files/Raspberry_Pi/Pico_SDK_v1.5.1/pico-sdk/src/rp2_common/pico_runtime/runtime.c.obj
 *fill*         0x10008c21        0x3 
 .rodata.panic.str1.4
                0x10008c24       0x12 CMakeFiles/reception.dir/C_/Program_Files/Raspberry_Pi/Pico_SDK_v1.5.1/pico-sdk/src/rp2_common/pico_runtime/runtime.c.obj
 *fill*         0x10008c36        0x2 
 .rodata.__func__.2
                0x10008c38        0xd CMakeFiles/reception.dir/C_/Program_Files/Raspberry_Pi/Pico_SDK_v1.5.1/pico-sdk/src/rp2_common/pico_runtime/runtime.c.obj
 *fill*         0x10008c45        0x3 
 .rodata._ftoa.str1.4
                0x10008c48       0x15 CMakeFiles/reception.dir/C_/Program_Files/Raspberry_Pi/Pico_SDK_v1.5.1/pico-sdk/src/rp2_common/pico_printf/printf.c.obj
 *fill*         0x10008c5d        0x3 
 .rodata._vsnprintf
                0x10008c60      0x1e0 CMakeFiles/reception.dir/C_/Program_Files/Raspberry_Pi/Pico_SDK_v1.5.1/pico-sdk/src/rp2_common/pico_printf/printf.c.obj
 .rodata.pow10.0
                0x10008e40       0x50 CMakeFiles/reception.dir/C_/Program_Files/Raspberry_Pi/Pico_SDK_v1.5.1/pico-sdk/src/rp2_common/pico_printf/printf.c.obj
 .rodata.__aeabi_double_init.str1.4
                0x10008e90       0xb8 CMakeFiles/reception.dir/C_/Program_Files/Raspberry_Pi/Pico_SDK_v1.5.1/pico-sdk/src/rp2_common/pico_double/double_init_rom.c.obj
 .rodata.__func__.0
                0x10008f48       0x14 CMakeFiles/reception.dir/C_/Program_Files/Raspberry_Pi/Pico_SDK_v1.5.1/pico-sdk/src/rp2_common/pico_double/double_init_rom.c.obj
 .rodata.__aeabi_float_init.str1.4
                0x10008f5c       0x96 CMakeFiles/reception.dir/C_/Program_Files/Raspberry_Pi/Pico_SDK_v1.5.1/pico-sdk/src/rp2_common/pico_float/float_init_rom.c.obj
                                 0x9a (size before relaxing)
 *fill*         0x10008ff2        0x2 
 .rodata.__func__.0
                0x10008ff4       0x13 CMakeFiles/reception.dir/C_/Program_Files/Raspberry_Pi/Pico_SDK_v1.5.1/pico-sdk/src/rp2_common/pico_float/float_init_rom.c.obj
 *fill*         0x10009007        0x1 
 .rodata.__wrap_malloc.str1.4
                0x10009008        0xe CMakeFiles/reception.dir/C_/Program_Files/Raspberry_Pi/Pico_SDK_v1.5.1/pico-sdk/src/rp2_common/pico_malloc/pico_malloc.c.obj
 *fill*         0x10009016        0x2 
 .rodata.str1.4
                0x10009018       0x40 CMakeFiles/reception.dir/C_/Program_Files/Raspberry_Pi/Pico_SDK_v1.5.1/pico-sdk/src/rp2_common/pico_standard_link/binary_info.c.obj
 .rodata.__bi_44
                0x10009058        0xc CMakeFiles/reception.dir/C_/Program_Files/Raspberry_Pi/Pico_SDK_v1.5.1/pico-sdk/src/rp2_common/pico_standard_link/binary_info.c.obj
 .rodata.__bi_75
                0x10009064        0xc CMakeFiles/reception.dir/C_/Program_Files/Raspberry_Pi/Pico_SDK_v1.5.1/pico-sdk/src/rp2_common/pico_standard_link/binary_info.c.obj
 .rodata.__bi_81
                0x10009070        0xc CMakeFiles/reception.dir/C_/Program_Files/Raspberry_Pi/Pico_SDK_v1.5.1/pico-sdk/src/rp2_common/pico_standard_link/binary_info.c.obj
 .rodata.stdout_serialize_begin.str1.4
                0x1000907c       0x7d CMakeFiles/reception.dir/C_/Program_Files/Raspberry_Pi/Pico_SDK_v1.5.1/pico-sdk/src/rp2_common/pico_stdio/stdio.c.obj
 .rodata.__func__.3
                0x1000907c       0x15 CMakeFiles/reception.dir/C_/Program_Files/Raspberry_Pi/Pico_SDK_v1.5.1/pico-sdk/src/rp2_common/pico_stdio/stdio.c.obj
 *fill*         0x10009091        0x3 
 .rodata.crlf_str.2
                0x10009094        0x2 CMakeFiles/reception.dir/C_/Program_Files/Raspberry_Pi/Pico_SDK_v1.5.1/pico-sdk/src/rp2_common/pico_stdio/stdio.c.obj
 *fill*         0x10009096        0x2 
 .rodata.str1.4
                0x10009098       0x2c CMakeFiles/reception.dir/C_/Program_Files/Raspberry_Pi/Pico_SDK_v1.5.1/pico-sdk/src/rp2_common/pico_stdio_uart/stdio_uart.c.obj
 .rodata.__bi_33.4
                0x100090c4        0xc CMakeFiles/reception.dir/C_/Program_Files/Raspberry_Pi/Pico_SDK_v1.5.1/pico-sdk/src/rp2_common/pico_stdio_uart/stdio_uart.c.obj
 .rodata.__bi_34.5
                0x100090d0        0x8 CMakeFiles/reception.dir/C_/Program_Files/Raspberry_Pi/Pico_SDK_v1.5.1/pico-sdk/src/rp2_common/pico_stdio_uart/stdio_uart.c.obj
 .rodata._resetd_driver
                0x100090d8       0x18 CMakeFiles/reception.dir/C_/Program_Files/Raspberry_Pi/Pico_SDK_v1.5.1/pico-sdk/src/rp2_common/pico_stdio_usb/reset_interface.c.obj
 .rodata.low_priority_worker_irq.str1.4
                0x100090f0       0x7d CMakeFiles/reception.dir/C_/Program_Files/Raspberry_Pi/Pico_SDK_v1.5.1/pico-sdk/src/rp2_common/pico_stdio_usb/stdio_usb.c.obj
 .rodata.stdio_usb_init.str1.4
                0x100090f0       0x61 CMakeFiles/reception.dir/C_/Program_Files/Raspberry_Pi/Pico_SDK_v1.5.1/pico-sdk/src/rp2_common/pico_stdio_usb/stdio_usb.c.obj
                                 0x69 (size before relaxing)
 *fill*         0x10009151        0x3 
 .rodata.str1.4
                0x10009154       0x13 CMakeFiles/reception.dir/C_/Program_Files/Raspberry_Pi/Pico_SDK_v1.5.1/pico-sdk/src/rp2_common/pico_stdio_usb/stdio_usb.c.obj
 *fill*         0x10009167        0x1 
 .rodata.__bi_182.0
                0x10009168        0xc CMakeFiles/reception.dir/C_/Program_Files/Raspberry_Pi/Pico_SDK_v1.5.1/pico-sdk/src/rp2_common/pico_stdio_usb/stdio_usb.c.obj
 .rodata.__func__.1
                0x10009174        0xf CMakeFiles/reception.dir/C_/Program_Files/Raspberry_Pi/Pico_SDK_v1.5.1/pico-sdk/src/rp2_common/pico_stdio_usb/stdio_usb.c.obj
 *fill*         0x10009183        0x1 
 .rodata.__func__.3
                0x10009184       0x15 CMakeFiles/reception.dir/C_/Program_Files/Raspberry_Pi/Pico_SDK_v1.5.1/pico-sdk/src/rp2_common/pico_stdio_usb/stdio_usb.c.obj
 *fill*         0x10009199        0x3 
 .rodata.str1.4
                0x1000919c       0x2a CMakeFiles/reception.dir/C_/Program_Files/Raspberry_Pi/Pico_SDK_v1.5.1/pico-sdk/src/rp2_common/pico_stdio_usb/stdio_usb_descriptors.c.obj
 *fill*         0x100091c6        0x2 
 .rodata.usbd_desc_cfg
                0x100091c8       0x54 CMakeFiles/reception.dir/C_/Program_Files/Raspberry_Pi/Pico_SDK_v1.5.1/pico-sdk/src/rp2_common/pico_stdio_usb/stdio_usb_descriptors.c.obj
 .rodata.usbd_desc_device
                0x1000921c       0x12 CMakeFiles/reception.dir/C_/Program_Files/Raspberry_Pi/Pico_SDK_v1.5.1/pico-sdk/src/rp2_common/pico_stdio_usb/stdio_usb_descriptors.c.obj
 *fill*         0x1000922e        0x2 
 .rodata.usbd_desc_str
                0x10009230       0x18 CMakeFiles/reception.dir/C_/Program_Files/Raspberry_Pi/Pico_SDK_v1.5.1/pico-sdk/src/rp2_common/pico_stdio_usb/stdio_usb_descriptors.c.obj
 .rodata.pico_get_unique_board_id_string.str1.4
                0x10009248       0x69 CMakeFiles/reception.dir/C_/Program_Files/Raspberry_Pi/Pico_SDK_v1.5.1/pico-sdk/src/rp2_common/pico_unique_id/unique_id.c.obj
 *fill*         0x100092b1        0x3 
 .rodata.__func__.0
                0x100092b4       0x20 CMakeFiles/reception.dir/C_/Program_Files/Raspberry_Pi/Pico_SDK_v1.5.1/pico-sdk/src/rp2_common/pico_unique_id/unique_id.c.obj
 .rodata.str1.4
                0x100092d4      0x176 CMakeFiles/reception.dir/C_/Program_Files/Raspberry_Pi/Pico_SDK_v1.5.1/pico-sdk/src/rp2_common/hardware_flash/flash.c.obj
 *fill*         0x1000944a        0x2 
 .rodata.__func__.0
                0x1000944c        0xd CMakeFiles/reception.dir/C_/Program_Files/Raspberry_Pi/Pico_SDK_v1.5.1/pico-sdk/src/rp2_common/hardware_flash/flash.c.obj
 *fill*         0x10009459        0x3 
 .rodata._hw_endpoint_alloc.str1.4
                0x1000945c       0xd1 CMakeFiles/reception.dir/C_/Program_Files/Raspberry_Pi/Pico_SDK_v1.5.1/pico-sdk/lib/tinyusb/src/portable/raspberrypi/rp2040/dcd_rp2040.c.obj
 *fill*         0x1000952d        0x3 
 .rodata.str1.4
                0x10009530       0x14 CMakeFiles/reception.dir/C_/Program_Files/Raspberry_Pi/Pico_SDK_v1.5.1/pico-sdk/lib/tinyusb/src/portable/raspberrypi/rp2040/dcd_rp2040.c.obj
 .rodata.dcd_int_enable.str1.4
                0x10009544        0xc CMakeFiles/reception.dir/C_/Program_Files/Raspberry_Pi/Pico_SDK_v1.5.1/pico-sdk/lib/tinyusb/src/portable/raspberrypi/rp2040/dcd_rp2040.c.obj
 .rodata.__func__.0
                0x10009550        0xe CMakeFiles/reception.dir/C_/Program_Files/Raspberry_Pi/Pico_SDK_v1.5.1/pico-sdk/lib/tinyusb/src/portable/raspberrypi/rp2040/dcd_rp2040.c.obj
 *fill*         0x1000955e        0x2 
 .rodata.__func__.1
                0x10009560        0xe CMakeFiles/reception.dir/C_/Program_Files/Raspberry_Pi/Pico_SDK_v1.5.1/pico-sdk/lib/tinyusb/src/portable/raspberrypi/rp2040/dcd_rp2040.c.obj
 *fill*         0x1000956e        0x2 
 .rodata.__func__.3
                0x10009570       0x10 CMakeFiles/reception.dir/C_/Program_Files/Raspberry_Pi/Pico_SDK_v1.5.1/pico-sdk/lib/tinyusb/src/portable/raspberrypi/rp2040/dcd_rp2040.c.obj
 .rodata.__func__.5
                0x10009580        0xf CMakeFiles/reception.dir/C_/Program_Files/Raspberry_Pi/Pico_SDK_v1.5.1/pico-sdk/lib/tinyusb/src/portable/raspberrypi/rp2040/dcd_rp2040.c.obj
 *fill*         0x1000958f        0x1 
 .rodata.__func__.6
                0x10009590       0x13 CMakeFiles/reception.dir/C_/Program_Files/Raspberry_Pi/Pico_SDK_v1.5.1/pico-sdk/lib/tinyusb/src/portable/raspberrypi/rp2040/dcd_rp2040.c.obj
 *fill*         0x100095a3        0x1 
 .rodata.__func__.7